../Core/Src/main.c:128:5:main	8	static
../Core/Src/main.c:200:6:SystemClock_Config	88	static
../Core/Src/main.c:247:13:MX_ADC1_Init	56	static
../Core/Src/main.c:324:13:MX_TIM3_Init	56	static
../Core/Src/main.c:373:13:MX_TIM4_Init	48	static
../Core/Src/main.c:422:13:MX_TIM5_Init	40	static
../Core/Src/main.c:467:13:MX_TIM15_Init	40	static
../Core/Src/main.c:513:13:MX_USART2_UART_Init	8	static
../Core/Src/main.c:559:13:MX_DMA_Init	16	static
../Core/Src/main.c:584:13:MX_GPIO_Init	48	static
../Core/Src/main.c:648:6:HAL_TIM_PeriodElapsedCallback	24	static
../Core/Src/main.c:656:10:micros	12	static
../Core/Src/main.c:661:6:updateInput	16	static
../Core/Src/main.c:707:6:motorControl	16	static
../Core/Src/main.c:727:6:Communication	16	static
../Core/Src/main.c:744:6:PIDcalculate	4	static
../Core/Src/main.c:771:6:Error_Handler	4	static,ignoring_inline_asm
