../Core/Src/main.c:133:5:main	8	static
../Core/Src/main.c:207:6:SystemClock_Config	88	static
../Core/Src/main.c:254:13:MX_ADC1_Init	56	static
../Core/Src/main.c:331:13:MX_TIM3_Init	56	static
../Core/Src/main.c:380:13:MX_TIM4_Init	48	static
../Core/Src/main.c:429:13:MX_TIM5_Init	40	static
../Core/Src/main.c:474:13:MX_TIM15_Init	40	static
../Core/Src/main.c:520:13:MX_USART2_UART_Init	8	static
../Core/Src/main.c:566:13:MX_DMA_Init	16	static
../Core/Src/main.c:591:13:MX_GPIO_Init	48	static
../Core/Src/main.c:655:6:HAL_TIM_PeriodElapsedCallback	24	static
../Core/Src/main.c:663:10:micros	12	static
../Core/Src/main.c:668:6:updateInput	48	static
../Core/Src/main.c:713:6:motorControl	16	static
../Core/Src/main.c:733:6:Communication	16	static
../Core/Src/main.c:749:6:PIDcalculate	4	static
../Core/Src/main.c:770:6:UARTDMAconfig	8	static
../Core/Src/main.c:775:6:HAL_UART_RxCpltCallback	16	static
../Core/Src/main.c:785:6:Error_Handler	4	static,ignoring_inline_asm
