../Core/Src/main.c:106:5:main	8	static
../Core/Src/main.c:178:6:SystemClock_Config	88	static
../Core/Src/main.c:225:13:MX_ADC1_Init	56	static
../Core/Src/main.c:302:13:MX_LPUART1_UART_Init	8	static
../Core/Src/main.c:349:13:MX_TIM3_Init	56	static
../Core/Src/main.c:398:13:MX_TIM4_Init	48	static
../Core/Src/main.c:447:13:MX_TIM5_Init	40	static
../Core/Src/main.c:492:13:MX_TIM8_Init	104	static
../Core/Src/main.c:564:13:MX_TIM15_Init	40	static
../Core/Src/main.c:608:13:MX_DMA_Init	16	static
../Core/Src/main.c:627:13:MX_GPIO_Init	48	static
../Core/Src/main.c:665:6:HAL_TIM_PeriodElapsedCallback	24	static
../Core/Src/main.c:673:10:micros	12	static
../Core/Src/main.c:678:6:updateInput	24	static
../Core/Src/main.c:708:6:motorControl	16	static
../Core/Src/main.c:746:6:Error_Handler	4	static,ignoring_inline_asm
