../Core/Src/main.c:183:5:main	8	static
../Core/Src/main.c:288:6:SystemClock_Config	88	static
../Core/Src/main.c:335:13:MX_ADC1_Init	56	static
../Core/Src/main.c:412:13:MX_LPUART1_UART_Init	8	static
../Core/Src/main.c:459:13:MX_TIM1_Init	104	static
../Core/Src/main.c:535:13:MX_TIM2_Init	40	static
../Core/Src/main.c:580:13:MX_TIM3_Init	56	static
../Core/Src/main.c:629:13:MX_TIM4_Init	48	static
../Core/Src/main.c:678:13:MX_TIM5_Init	40	static
../Core/Src/main.c:723:13:MX_TIM15_Init	40	static
../Core/Src/main.c:767:13:MX_DMA_Init	24	static
../Core/Src/main.c:793:13:MX_GPIO_Init	48	static
../Core/Src/main.c:843:6:HAL_TIM_PeriodElapsedCallback	24	static
../Core/Src/main.c:853:10:micros	12	static
../Core/Src/main.c:857:6:updateInput	48	static
../Core/Src/main.c:904:6:motorControl	8	static
../Core/Src/main.c:916:6:Communication	16	static
../Core/Src/main.c:930:6:PIDcalculate	4	static
../Core/Src/main.c:953:6:UARTDMAconfig	8	static
../Core/Src/main.c:957:6:HAL_UART_RxCpltCallback	16	static
../Core/Src/main.c:962:6:motor	4	static
../Core/Src/main.c:985:6:PID_QEI	4	static
../Core/Src/main.c:1006:6:HAL_GPIO_EXTI_Callback	24	static
../Core/Src/main.c:1019:6:Mode_LD2	8	static
../Core/Src/main.c:1038:6:Error_Handler	4	static,ignoring_inline_asm
