../Core/Src/main.c:90:5:main	24	static
../Core/Src/main.c:146:6:SystemClock_Config	88	static
../Core/Src/main.c:193:13:MX_LPUART1_UART_Init	8	static
../Core/Src/main.c:240:13:MX_TIM3_Init	56	static
../Core/Src/main.c:289:13:MX_TIM5_Init	40	static
../Core/Src/main.c:334:13:MX_GPIO_Init	48	static
../Core/Src/main.c:372:6:HAL_TIM_PeriodElapsedCallback	24	static
../Core/Src/main.c:380:10:micros	12	static
../Core/Src/main.c:385:6:QEIEncoderPosVel_Update	24	static
../Core/Src/main.c:416:6:Error_Handler	4	static,ignoring_inline_asm
