../Core/Src/main.c:180:5:main	8	static
../Core/Src/main.c:288:6:SystemClock_Config	88	static
../Core/Src/main.c:335:13:MX_ADC1_Init	56	static
../Core/Src/main.c:403:13:MX_LPUART1_UART_Init	8	static
../Core/Src/main.c:450:13:MX_USART1_UART_Init	8	static
../Core/Src/main.c:498:13:MX_TIM1_Init	120	static
../Core/Src/main.c:585:13:MX_TIM2_Init	40	static
../Core/Src/main.c:630:13:MX_TIM3_Init	56	static
../Core/Src/main.c:679:13:MX_TIM4_Init	64	static
../Core/Src/main.c:741:13:MX_DMA_Init	16	static
../Core/Src/main.c:763:13:MX_GPIO_Init	48	static
../Core/Src/main.c:814:6:motor	4	static
../Core/Src/main.c:843:6:average	16	static
../Core/Src/main.c:856:6:PID	4	static
../Core/Src/main.c:932:6:Error_Handler	4	static,ignoring_inline_asm
