15:58:08 **** Incremental Build of configuration Debug for project Motor PID Controller ****
make -j16 all 
arm-none-eabi-size  Motor\ PID\ Controller.elf 
   text	   data	    bss	    dec	    hex	filename
  32800	     24	   3304	  36128	   8d20	Motor PID Controller.elf
Finished building: default.size.stdout
 
16:06:36 **** Incremental Build of configuration Debug for project Motor PID Controller ****
make -j16 all 
arm-none-eabi-size  Motor\ PID\ Controller.elf 
   text	   data	    bss	    dec	    hex	filename
  32800	     24	   3304	  36128	   8d20	Motor PID Controller.elf
Finished building: default.size.stdout
 
16:10:21 **** Incremental Build of configuration Debug for project Motor PID Controller ****
make -j16 all 
arm-none-eabi-size  Motor\ PID\ Controller.elf 
   text	   data	    bss	    dec	    hex	filename
  32800	     24	   3304	  36128	   8d20	Motor PID Controller.elf
Finished building: default.size.stdout
 
16:12:20 **** Incremental Build of configuration Debug for project Motor PID Controller ****
make -j16 all 
arm-none-eabi-size  Motor\ PID\ Controller.elf 
   text	   data	    bss	    dec	    hex	filename
  32800	     24	   3304	  36128	   8d20	Motor PID Controller.elf
Finished building: default.size.stdout
 
16:23:29 **** Incremental Build of configuration Debug for project Motor PID Controller ****
make -j16 all 
arm-none-eabi-gcc "../Core/Src/main.c" -mcpu=cortex-m4 -std=gnu11 -g3 -DDEBUG -DUSE_HAL_DRIVER -DSTM32G474xx -c -I../Core/Inc -I../Drivers/STM32G4xx_HAL_Driver/Inc -I../Drivers/STM32G4xx_HAL_Driver/Inc/Legacy -I../Drivers/CMSIS/Device/ST/STM32G4xx/Include -I../Drivers/CMSIS/Include -I../Middlewares/Third_Party/ARM_CMSIS/CMSIS/Core/Include/ -I../Middlewares/Third_Party/ARM_CMSIS/PrivateInclude/ -I../Middlewares/Third_Party/ARM_CMSIS/Include/ -I../Middlewares/Third_Party/ARM_CMSIS/Include -I"C:/Users/emper/STM32CubeIDE/workspace_1.14.1/FRA222-Lab2/Motor PID Controller/Source/BasicMathFunctions" -I"C:/Users/emper/STM32CubeIDE/workspace_1.14.1/FRA222-Lab2/Motor PID Controller/Source/BayesFunctions" -I"C:/Users/emper/STM32CubeIDE/workspace_1.14.1/FRA222-Lab2/Motor PID Controller/Source/CommonTables" -I"C:/Users/emper/STM32CubeIDE/workspace_1.14.1/FRA222-Lab2/Motor PID Controller/Source/ComplexMathFunctions" -I"C:/Users/emper/STM32CubeIDE/workspace_1.14.1/FRA222-Lab2/Motor PID Controller/Source/ControllerFunctions" -I"C:/Users/emper/STM32CubeIDE/workspace_1.14.1/FRA222-Lab2/Motor PID Controller/Source/DistanceFunctions" -I"C:/Users/emper/STM32CubeIDE/workspace_1.14.1/FRA222-Lab2/Motor PID Controller/Source/FastMathFunctions" -I"C:/Users/emper/STM32CubeIDE/workspace_1.14.1/FRA222-Lab2/Motor PID Controller/Source/FilteringFunctions" -I"C:/Users/emper/STM32CubeIDE/workspace_1.14.1/FRA222-Lab2/Motor PID Controller/Source/InterpolationFunctions" -I"C:/Users/emper/STM32CubeIDE/workspace_1.14.1/FRA222-Lab2/Motor PID Controller/Source/MatrixFunctions" -I"C:/Users/emper/STM32CubeIDE/workspace_1.14.1/FRA222-Lab2/Motor PID Controller/Source/QuaternionMathFunctions" -I"C:/Users/emper/STM32CubeIDE/workspace_1.14.1/FRA222-Lab2/Motor PID Controller/Source/StatisticsFunctions" -I"C:/Users/emper/STM32CubeIDE/workspace_1.14.1/FRA222-Lab2/Motor PID Controller/Source/SupportFunctions" -I"C:/Users/emper/STM32CubeIDE/workspace_1.14.1/FRA222-Lab2/Motor PID Controller/Source/SVMFunctions" -I"C:/Users/emper/STM32CubeIDE/workspace_1.14.1/FRA222-Lab2/Motor PID Controller/Source/TransformFunctions" -I"C:/Users/emper/STM32CubeIDE/workspace_1.14.1/FRA222-Lab2/Motor PID Controller/Source/WindowFunctions" -O0 -ffunction-sections -fdata-sections -Wall -fstack-usage -fcyclomatic-complexity -MMD -MP -MF"Core/Src/main.d" -MT"Core/Src/main.o" --specs=nano.specs -mfpu=fpv4-sp-d16 -mfloat-abi=hard -mthumb -o "Core/Src/main.o"
../Core/Src/main.c: In function 'main':
../Core/Src/main.c:162:28: warning: passing argument 2 of 'HAL_ADC_Start_DMA' from incompatible pointer type [-Wincompatible-pointer-types]
  162 |   HAL_ADC_Start_DMA(&hadc1,InputRead, 400); // DMA Read
      |                            ^~~~~~~~~
      |                            |
      |                            uint16_t * {aka short unsigned int *}
In file included from ../Core/Inc/stm32g4xx_hal_conf.h:228,
                 from ../Drivers/STM32G4xx_HAL_Driver/Inc/stm32g4xx_hal.h:29,
                 from ../Core/Inc/main.h:30,
                 from ../Core/Src/main.c:20:
../Drivers/STM32G4xx_HAL_Driver/Inc/stm32g4xx_hal_adc.h:2242:78: note: expected 'uint32_t *' {aka 'long unsigned int *'} but argument is of type 'uint16_t *' {aka 'short unsigned int *'}
 2242 | HAL_StatusTypeDef       HAL_ADC_Start_DMA(ADC_HandleTypeDef *hadc, uint32_t *pData, uint32_t Length);
      |                                                                    ~~~~~~~~~~^~~~~
../Core/Src/main.c:189:11: warning: implicit declaration of function 'updateInput' [-Wimplicit-function-declaration]
  189 |           updateInput();
      |           ^~~~~~~~~~~
../Core/Src/main.c: At top level:
../Core/Src/main.c:661:6: warning: conflicting types for 'updateInput'; have 'void()'
  661 | void updateInput()
      |      ^~~~~~~~~~~
../Core/Src/main.c:189:11: note: previous implicit declaration of 'updateInput' with type 'void()'
  189 |           updateInput();
      |           ^~~~~~~~~~~
../Core/Src/main.c: In function 'updateInput':
../Core/Src/main.c:684:13: warning: implicit declaration of function 'abs' [-Wimplicit-function-declaration]
  684 |         if (abs(directError) < abs(wrappedError))
      |             ^~~
../Core/Src/main.c:25:1: note: include '<stdlib.h>' or provide a declaration of 'abs'
   24 | #include "arm_math.h"
  +++ |+#include <stdlib.h>
   25 | /* USER CODE END Includes */
arm-none-eabi-gcc -o "Motor PID Controller.elf" @"objects.list"   -mcpu=cortex-m4 -T"C:\Users\emper\STM32CubeIDE\workspace_1.14.1\FRA222-Lab2\Motor PID Controller\STM32G474RETX_FLASH.ld" --specs=nosys.specs -Wl,-Map="Motor PID Controller.map" -Wl,--gc-sections -static --specs=nano.specs -mfpu=fpv4-sp-d16 -mfloat-abi=hard -mthumb -Wl,--start-group -lc -lm -Wl,--end-group
Finished building target: Motor PID Controller.elf
 
arm-none-eabi-size  Motor\ PID\ Controller.elf 
arm-none-eabi-objdump -h -S Motor\ PID\ Controller.elf  > "Motor PID Controller.list"
   text	   data	    bss	    dec	    hex	filename
  32800	     24	   3304	  36128	   8d20	Motor PID Controller.elf
Finished building: default.size.stdout
 
Finished building: Motor PID Controller.list
 
16:24:14 **** Incremental Build of configuration Debug for project Motor PID Controller ****
make -j16 all 
arm-none-eabi-gcc "../Core/Src/main.c" -mcpu=cortex-m4 -std=gnu11 -g3 -DDEBUG -DUSE_HAL_DRIVER -DSTM32G474xx -c -I../Core/Inc -I../Drivers/STM32G4xx_HAL_Driver/Inc -I../Drivers/STM32G4xx_HAL_Driver/Inc/Legacy -I../Drivers/CMSIS/Device/ST/STM32G4xx/Include -I../Drivers/CMSIS/Include -I../Middlewares/Third_Party/ARM_CMSIS/CMSIS/Core/Include/ -I../Middlewares/Third_Party/ARM_CMSIS/PrivateInclude/ -I../Middlewares/Third_Party/ARM_CMSIS/Include/ -I../Middlewares/Third_Party/ARM_CMSIS/Include -I"C:/Users/emper/STM32CubeIDE/workspace_1.14.1/FRA222-Lab2/Motor PID Controller/Source/BasicMathFunctions" -I"C:/Users/emper/STM32CubeIDE/workspace_1.14.1/FRA222-Lab2/Motor PID Controller/Source/BayesFunctions" -I"C:/Users/emper/STM32CubeIDE/workspace_1.14.1/FRA222-Lab2/Motor PID Controller/Source/CommonTables" -I"C:/Users/emper/STM32CubeIDE/workspace_1.14.1/FRA222-Lab2/Motor PID Controller/Source/ComplexMathFunctions" -I"C:/Users/emper/STM32CubeIDE/workspace_1.14.1/FRA222-Lab2/Motor PID Controller/Source/ControllerFunctions" -I"C:/Users/emper/STM32CubeIDE/workspace_1.14.1/FRA222-Lab2/Motor PID Controller/Source/DistanceFunctions" -I"C:/Users/emper/STM32CubeIDE/workspace_1.14.1/FRA222-Lab2/Motor PID Controller/Source/FastMathFunctions" -I"C:/Users/emper/STM32CubeIDE/workspace_1.14.1/FRA222-Lab2/Motor PID Controller/Source/FilteringFunctions" -I"C:/Users/emper/STM32CubeIDE/workspace_1.14.1/FRA222-Lab2/Motor PID Controller/Source/InterpolationFunctions" -I"C:/Users/emper/STM32CubeIDE/workspace_1.14.1/FRA222-Lab2/Motor PID Controller/Source/MatrixFunctions" -I"C:/Users/emper/STM32CubeIDE/workspace_1.14.1/FRA222-Lab2/Motor PID Controller/Source/QuaternionMathFunctions" -I"C:/Users/emper/STM32CubeIDE/workspace_1.14.1/FRA222-Lab2/Motor PID Controller/Source/StatisticsFunctions" -I"C:/Users/emper/STM32CubeIDE/workspace_1.14.1/FRA222-Lab2/Motor PID Controller/Source/SupportFunctions" -I"C:/Users/emper/STM32CubeIDE/workspace_1.14.1/FRA222-Lab2/Motor PID Controller/Source/SVMFunctions" -I"C:/Users/emper/STM32CubeIDE/workspace_1.14.1/FRA222-Lab2/Motor PID Controller/Source/TransformFunctions" -I"C:/Users/emper/STM32CubeIDE/workspace_1.14.1/FRA222-Lab2/Motor PID Controller/Source/WindowFunctions" -O0 -ffunction-sections -fdata-sections -Wall -fstack-usage -fcyclomatic-complexity -MMD -MP -MF"Core/Src/main.d" -MT"Core/Src/main.o" --specs=nano.specs -mfpu=fpv4-sp-d16 -mfloat-abi=hard -mthumb -o "Core/Src/main.o"
../Core/Src/main.c: In function 'main':
../Core/Src/main.c:162:28: warning: passing argument 2 of 'HAL_ADC_Start_DMA' from incompatible pointer type [-Wincompatible-pointer-types]
  162 |   HAL_ADC_Start_DMA(&hadc1,InputRead, 400); // DMA Read
      |                            ^~~~~~~~~
      |                            |
      |                            uint16_t * {aka short unsigned int *}
In file included from ../Core/Inc/stm32g4xx_hal_conf.h:228,
                 from ../Drivers/STM32G4xx_HAL_Driver/Inc/stm32g4xx_hal.h:29,
                 from ../Core/Inc/main.h:30,
                 from ../Core/Src/main.c:20:
../Drivers/STM32G4xx_HAL_Driver/Inc/stm32g4xx_hal_adc.h:2242:78: note: expected 'uint32_t *' {aka 'long unsigned int *'} but argument is of type 'uint16_t *' {aka 'short unsigned int *'}
 2242 | HAL_StatusTypeDef       HAL_ADC_Start_DMA(ADC_HandleTypeDef *hadc, uint32_t *pData, uint32_t Length);
      |                                                                    ~~~~~~~~~~^~~~~
../Core/Src/main.c:189:11: warning: implicit declaration of function 'updateInput' [-Wimplicit-function-declaration]
  189 |           updateInput();
      |           ^~~~~~~~~~~
../Core/Src/main.c: At top level:
../Core/Src/main.c:661:6: warning: conflicting types for 'updateInput'; have 'void()'
  661 | void updateInput()
      |      ^~~~~~~~~~~
../Core/Src/main.c:189:11: note: previous implicit declaration of 'updateInput' with type 'void()'
  189 |           updateInput();
      |           ^~~~~~~~~~~
../Core/Src/main.c: In function 'updateInput':
../Core/Src/main.c:684:13: warning: implicit declaration of function 'abs' [-Wimplicit-function-declaration]
  684 |         if (abs(directError) < abs(wrappedError))
      |             ^~~
../Core/Src/main.c:25:1: note: include '<stdlib.h>' or provide a declaration of 'abs'
   24 | #include "arm_math.h"
  +++ |+#include <stdlib.h>
   25 | /* USER CODE END Includes */
arm-none-eabi-gcc -o "Motor PID Controller.elf" @"objects.list"   -mcpu=cortex-m4 -T"C:\Users\emper\STM32CubeIDE\workspace_1.14.1\FRA222-Lab2\Motor PID Controller\STM32G474RETX_FLASH.ld" --specs=nosys.specs -Wl,-Map="Motor PID Controller.map" -Wl,--gc-sections -static --specs=nano.specs -mfpu=fpv4-sp-d16 -mfloat-abi=hard -mthumb -Wl,--start-group -lc -lm -Wl,--end-group
Finished building target: Motor PID Controller.elf
 
arm-none-eabi-size  Motor\ PID\ Controller.elf 
arm-none-eabi-objdump -h -S Motor\ PID\ Controller.elf  > "Motor PID Controller.list"
   text	   data	    bss	    dec	    hex	filename
  32800	     24	   3304	  36128	   8d20	Motor PID Controller.elf
Finished building: default.size.stdout
 
Finished building: Motor PID Controller.list
 
16:35:51 **** Incremental Build of configuration Debug for project Motor PID Controller ****
make -j16 all 
arm-none-eabi-gcc "../Core/Src/main.c" -mcpu=cortex-m4 -std=gnu11 -g3 -DDEBUG -DUSE_HAL_DRIVER -DSTM32G474xx -c -I../Core/Inc -I../Drivers/STM32G4xx_HAL_Driver/Inc -I../Drivers/STM32G4xx_HAL_Driver/Inc/Legacy -I../Drivers/CMSIS/Device/ST/STM32G4xx/Include -I../Drivers/CMSIS/Include -I../Middlewares/Third_Party/ARM_CMSIS/CMSIS/Core/Include/ -I../Middlewares/Third_Party/ARM_CMSIS/PrivateInclude/ -I../Middlewares/Third_Party/ARM_CMSIS/Include/ -I../Middlewares/Third_Party/ARM_CMSIS/Include -I"C:/Users/emper/STM32CubeIDE/workspace_1.14.1/FRA222-Lab2/Motor PID Controller/Source/BasicMathFunctions" -I"C:/Users/emper/STM32CubeIDE/workspace_1.14.1/FRA222-Lab2/Motor PID Controller/Source/BayesFunctions" -I"C:/Users/emper/STM32CubeIDE/workspace_1.14.1/FRA222-Lab2/Motor PID Controller/Source/CommonTables" -I"C:/Users/emper/STM32CubeIDE/workspace_1.14.1/FRA222-Lab2/Motor PID Controller/Source/ComplexMathFunctions" -I"C:/Users/emper/STM32CubeIDE/workspace_1.14.1/FRA222-Lab2/Motor PID Controller/Source/ControllerFunctions" -I"C:/Users/emper/STM32CubeIDE/workspace_1.14.1/FRA222-Lab2/Motor PID Controller/Source/DistanceFunctions" -I"C:/Users/emper/STM32CubeIDE/workspace_1.14.1/FRA222-Lab2/Motor PID Controller/Source/FastMathFunctions" -I"C:/Users/emper/STM32CubeIDE/workspace_1.14.1/FRA222-Lab2/Motor PID Controller/Source/FilteringFunctions" -I"C:/Users/emper/STM32CubeIDE/workspace_1.14.1/FRA222-Lab2/Motor PID Controller/Source/InterpolationFunctions" -I"C:/Users/emper/STM32CubeIDE/workspace_1.14.1/FRA222-Lab2/Motor PID Controller/Source/MatrixFunctions" -I"C:/Users/emper/STM32CubeIDE/workspace_1.14.1/FRA222-Lab2/Motor PID Controller/Source/QuaternionMathFunctions" -I"C:/Users/emper/STM32CubeIDE/workspace_1.14.1/FRA222-Lab2/Motor PID Controller/Source/StatisticsFunctions" -I"C:/Users/emper/STM32CubeIDE/workspace_1.14.1/FRA222-Lab2/Motor PID Controller/Source/SupportFunctions" -I"C:/Users/emper/STM32CubeIDE/workspace_1.14.1/FRA222-Lab2/Motor PID Controller/Source/SVMFunctions" -I"C:/Users/emper/STM32CubeIDE/workspace_1.14.1/FRA222-Lab2/Motor PID Controller/Source/TransformFunctions" -I"C:/Users/emper/STM32CubeIDE/workspace_1.14.1/FRA222-Lab2/Motor PID Controller/Source/WindowFunctions" -O0 -ffunction-sections -fdata-sections -Wall -fstack-usage -fcyclomatic-complexity -MMD -MP -MF"Core/Src/main.d" -MT"Core/Src/main.o" --specs=nano.specs -mfpu=fpv4-sp-d16 -mfloat-abi=hard -mthumb -o "Core/Src/main.o"
../Core/Src/main.c: In function 'main':
../Core/Src/main.c:162:28: warning: passing argument 2 of 'HAL_ADC_Start_DMA' from incompatible pointer type [-Wincompatible-pointer-types]
  162 |   HAL_ADC_Start_DMA(&hadc1,InputRead, 400); // DMA Read
      |                            ^~~~~~~~~
      |                            |
      |                            uint16_t * {aka short unsigned int *}
In file included from ../Core/Inc/stm32g4xx_hal_conf.h:228,
                 from ../Drivers/STM32G4xx_HAL_Driver/Inc/stm32g4xx_hal.h:29,
                 from ../Core/Inc/main.h:30,
                 from ../Core/Src/main.c:20:
../Drivers/STM32G4xx_HAL_Driver/Inc/stm32g4xx_hal_adc.h:2242:78: note: expected 'uint32_t *' {aka 'long unsigned int *'} but argument is of type 'uint16_t *' {aka 'short unsigned int *'}
 2242 | HAL_StatusTypeDef       HAL_ADC_Start_DMA(ADC_HandleTypeDef *hadc, uint32_t *pData, uint32_t Length);
      |                                                                    ~~~~~~~~~~^~~~~
../Core/Src/main.c:189:11: warning: implicit declaration of function 'updateInput' [-Wimplicit-function-declaration]
  189 |           updateInput();
      |           ^~~~~~~~~~~
../Core/Src/main.c: At top level:
../Core/Src/main.c:661:6: warning: conflicting types for 'updateInput'; have 'void()'
  661 | void updateInput()
      |      ^~~~~~~~~~~
../Core/Src/main.c:189:11: note: previous implicit declaration of 'updateInput' with type 'void()'
  189 |           updateInput();
      |           ^~~~~~~~~~~
../Core/Src/main.c: In function 'updateInput':
../Core/Src/main.c:684:13: warning: implicit declaration of function 'abs' [-Wimplicit-function-declaration]
  684 |         if (abs(directError) < abs(wrappedError))
      |             ^~~
../Core/Src/main.c:25:1: note: include '<stdlib.h>' or provide a declaration of 'abs'
   24 | #include "arm_math.h"
  +++ |+#include <stdlib.h>
   25 | /* USER CODE END Includes */
arm-none-eabi-gcc -o "Motor PID Controller.elf" @"objects.list"   -mcpu=cortex-m4 -T"C:\Users\emper\STM32CubeIDE\workspace_1.14.1\FRA222-Lab2\Motor PID Controller\STM32G474RETX_FLASH.ld" --specs=nosys.specs -Wl,-Map="Motor PID Controller.map" -Wl,--gc-sections -static --specs=nano.specs -mfpu=fpv4-sp-d16 -mfloat-abi=hard -mthumb -Wl,--start-group -lc -lm -Wl,--end-group
Finished building target: Motor PID Controller.elf
 
arm-none-eabi-size  Motor\ PID\ Controller.elf 
arm-none-eabi-objdump -h -S Motor\ PID\ Controller.elf  > "Motor PID Controller.list"
   text	   data	    bss	    dec	    hex	filename
  32800	     24	   3304	  36128	   8d20	Motor PID Controller.elf
Finished building: default.size.stdout
 
Finished building: Motor PID Controller.list
 
16:37:00 **** Incremental Build of configuration Debug for project Motor PID Controller ****
make -j16 all 
arm-none-eabi-gcc "../Core/Src/main.c" -mcpu=cortex-m4 -std=gnu11 -g3 -DDEBUG -DUSE_HAL_DRIVER -DSTM32G474xx -c -I../Core/Inc -I../Drivers/STM32G4xx_HAL_Driver/Inc -I../Drivers/STM32G4xx_HAL_Driver/Inc/Legacy -I../Drivers/CMSIS/Device/ST/STM32G4xx/Include -I../Drivers/CMSIS/Include -I../Middlewares/Third_Party/ARM_CMSIS/CMSIS/Core/Include/ -I../Middlewares/Third_Party/ARM_CMSIS/PrivateInclude/ -I../Middlewares/Third_Party/ARM_CMSIS/Include/ -I../Middlewares/Third_Party/ARM_CMSIS/Include -I"C:/Users/emper/STM32CubeIDE/workspace_1.14.1/FRA222-Lab2/Motor PID Controller/Source/BasicMathFunctions" -I"C:/Users/emper/STM32CubeIDE/workspace_1.14.1/FRA222-Lab2/Motor PID Controller/Source/BayesFunctions" -I"C:/Users/emper/STM32CubeIDE/workspace_1.14.1/FRA222-Lab2/Motor PID Controller/Source/CommonTables" -I"C:/Users/emper/STM32CubeIDE/workspace_1.14.1/FRA222-Lab2/Motor PID Controller/Source/ComplexMathFunctions" -I"C:/Users/emper/STM32CubeIDE/workspace_1.14.1/FRA222-Lab2/Motor PID Controller/Source/ControllerFunctions" -I"C:/Users/emper/STM32CubeIDE/workspace_1.14.1/FRA222-Lab2/Motor PID Controller/Source/DistanceFunctions" -I"C:/Users/emper/STM32CubeIDE/workspace_1.14.1/FRA222-Lab2/Motor PID Controller/Source/FastMathFunctions" -I"C:/Users/emper/STM32CubeIDE/workspace_1.14.1/FRA222-Lab2/Motor PID Controller/Source/FilteringFunctions" -I"C:/Users/emper/STM32CubeIDE/workspace_1.14.1/FRA222-Lab2/Motor PID Controller/Source/InterpolationFunctions" -I"C:/Users/emper/STM32CubeIDE/workspace_1.14.1/FRA222-Lab2/Motor PID Controller/Source/MatrixFunctions" -I"C:/Users/emper/STM32CubeIDE/workspace_1.14.1/FRA222-Lab2/Motor PID Controller/Source/QuaternionMathFunctions" -I"C:/Users/emper/STM32CubeIDE/workspace_1.14.1/FRA222-Lab2/Motor PID Controller/Source/StatisticsFunctions" -I"C:/Users/emper/STM32CubeIDE/workspace_1.14.1/FRA222-Lab2/Motor PID Controller/Source/SupportFunctions" -I"C:/Users/emper/STM32CubeIDE/workspace_1.14.1/FRA222-Lab2/Motor PID Controller/Source/SVMFunctions" -I"C:/Users/emper/STM32CubeIDE/workspace_1.14.1/FRA222-Lab2/Motor PID Controller/Source/TransformFunctions" -I"C:/Users/emper/STM32CubeIDE/workspace_1.14.1/FRA222-Lab2/Motor PID Controller/Source/WindowFunctions" -O0 -ffunction-sections -fdata-sections -Wall -fstack-usage -fcyclomatic-complexity -MMD -MP -MF"Core/Src/main.d" -MT"Core/Src/main.o" --specs=nano.specs -mfpu=fpv4-sp-d16 -mfloat-abi=hard -mthumb -o "Core/Src/main.o"
../Core/Src/main.c: In function 'main':
../Core/Src/main.c:162:28: warning: passing argument 2 of 'HAL_ADC_Start_DMA' from incompatible pointer type [-Wincompatible-pointer-types]
  162 |   HAL_ADC_Start_DMA(&hadc1,InputRead, 400); // DMA Read
      |                            ^~~~~~~~~
      |                            |
      |                            uint16_t * {aka short unsigned int *}
In file included from ../Core/Inc/stm32g4xx_hal_conf.h:228,
                 from ../Drivers/STM32G4xx_HAL_Driver/Inc/stm32g4xx_hal.h:29,
                 from ../Core/Inc/main.h:30,
                 from ../Core/Src/main.c:20:
../Drivers/STM32G4xx_HAL_Driver/Inc/stm32g4xx_hal_adc.h:2242:78: note: expected 'uint32_t *' {aka 'long unsigned int *'} but argument is of type 'uint16_t *' {aka 'short unsigned int *'}
 2242 | HAL_StatusTypeDef       HAL_ADC_Start_DMA(ADC_HandleTypeDef *hadc, uint32_t *pData, uint32_t Length);
      |                                                                    ~~~~~~~~~~^~~~~
../Core/Src/main.c:189:11: warning: implicit declaration of function 'updateInput' [-Wimplicit-function-declaration]
  189 |           updateInput();
      |           ^~~~~~~~~~~
../Core/Src/main.c: At top level:
../Core/Src/main.c:661:6: warning: conflicting types for 'updateInput'; have 'void()'
  661 | void updateInput()
      |      ^~~~~~~~~~~
../Core/Src/main.c:189:11: note: previous implicit declaration of 'updateInput' with type 'void()'
  189 |           updateInput();
      |           ^~~~~~~~~~~
../Core/Src/main.c: In function 'updateInput':
../Core/Src/main.c:684:13: warning: implicit declaration of function 'abs' [-Wimplicit-function-declaration]
  684 |         if (abs(directError) < abs(wrappedError))
      |             ^~~
../Core/Src/main.c:25:1: note: include '<stdlib.h>' or provide a declaration of 'abs'
   24 | #include "arm_math.h"
  +++ |+#include <stdlib.h>
   25 | /* USER CODE END Includes */
arm-none-eabi-gcc -o "Motor PID Controller.elf" @"objects.list"   -mcpu=cortex-m4 -T"C:\Users\emper\STM32CubeIDE\workspace_1.14.1\FRA222-Lab2\Motor PID Controller\STM32G474RETX_FLASH.ld" --specs=nosys.specs -Wl,-Map="Motor PID Controller.map" -Wl,--gc-sections -static --specs=nano.specs -mfpu=fpv4-sp-d16 -mfloat-abi=hard -mthumb -Wl,--start-group -lc -lm -Wl,--end-group
Finished building target: Motor PID Controller.elf
 
arm-none-eabi-size  Motor\ PID\ Controller.elf 
arm-none-eabi-objdump -h -S Motor\ PID\ Controller.elf  > "Motor PID Controller.list"
   text	   data	    bss	    dec	    hex	filename
  32800	     24	   3304	  36128	   8d20	Motor PID Controller.elf
Finished building: default.size.stdout
 
Finished building: Motor PID Controller.list
 
16:37:55 **** Incremental Build of configuration Debug for project Motor PID Controller ****
make -j16 all 
arm-none-eabi-gcc "../Core/Src/main.c" -mcpu=cortex-m4 -std=gnu11 -g3 -DDEBUG -DUSE_HAL_DRIVER -DSTM32G474xx -c -I../Core/Inc -I../Drivers/STM32G4xx_HAL_Driver/Inc -I../Drivers/STM32G4xx_HAL_Driver/Inc/Legacy -I../Drivers/CMSIS/Device/ST/STM32G4xx/Include -I../Drivers/CMSIS/Include -I../Middlewares/Third_Party/ARM_CMSIS/CMSIS/Core/Include/ -I../Middlewares/Third_Party/ARM_CMSIS/PrivateInclude/ -I../Middlewares/Third_Party/ARM_CMSIS/Include/ -I../Middlewares/Third_Party/ARM_CMSIS/Include -I"C:/Users/emper/STM32CubeIDE/workspace_1.14.1/FRA222-Lab2/Motor PID Controller/Source/BasicMathFunctions" -I"C:/Users/emper/STM32CubeIDE/workspace_1.14.1/FRA222-Lab2/Motor PID Controller/Source/BayesFunctions" -I"C:/Users/emper/STM32CubeIDE/workspace_1.14.1/FRA222-Lab2/Motor PID Controller/Source/CommonTables" -I"C:/Users/emper/STM32CubeIDE/workspace_1.14.1/FRA222-Lab2/Motor PID Controller/Source/ComplexMathFunctions" -I"C:/Users/emper/STM32CubeIDE/workspace_1.14.1/FRA222-Lab2/Motor PID Controller/Source/ControllerFunctions" -I"C:/Users/emper/STM32CubeIDE/workspace_1.14.1/FRA222-Lab2/Motor PID Controller/Source/DistanceFunctions" -I"C:/Users/emper/STM32CubeIDE/workspace_1.14.1/FRA222-Lab2/Motor PID Controller/Source/FastMathFunctions" -I"C:/Users/emper/STM32CubeIDE/workspace_1.14.1/FRA222-Lab2/Motor PID Controller/Source/FilteringFunctions" -I"C:/Users/emper/STM32CubeIDE/workspace_1.14.1/FRA222-Lab2/Motor PID Controller/Source/InterpolationFunctions" -I"C:/Users/emper/STM32CubeIDE/workspace_1.14.1/FRA222-Lab2/Motor PID Controller/Source/MatrixFunctions" -I"C:/Users/emper/STM32CubeIDE/workspace_1.14.1/FRA222-Lab2/Motor PID Controller/Source/QuaternionMathFunctions" -I"C:/Users/emper/STM32CubeIDE/workspace_1.14.1/FRA222-Lab2/Motor PID Controller/Source/StatisticsFunctions" -I"C:/Users/emper/STM32CubeIDE/workspace_1.14.1/FRA222-Lab2/Motor PID Controller/Source/SupportFunctions" -I"C:/Users/emper/STM32CubeIDE/workspace_1.14.1/FRA222-Lab2/Motor PID Controller/Source/SVMFunctions" -I"C:/Users/emper/STM32CubeIDE/workspace_1.14.1/FRA222-Lab2/Motor PID Controller/Source/TransformFunctions" -I"C:/Users/emper/STM32CubeIDE/workspace_1.14.1/FRA222-Lab2/Motor PID Controller/Source/WindowFunctions" -O0 -ffunction-sections -fdata-sections -Wall -fstack-usage -fcyclomatic-complexity -MMD -MP -MF"Core/Src/main.d" -MT"Core/Src/main.o" --specs=nano.specs -mfpu=fpv4-sp-d16 -mfloat-abi=hard -mthumb -o "Core/Src/main.o"
../Core/Src/main.c: In function 'main':
../Core/Src/main.c:162:28: warning: passing argument 2 of 'HAL_ADC_Start_DMA' from incompatible pointer type [-Wincompatible-pointer-types]
  162 |   HAL_ADC_Start_DMA(&hadc1,InputRead, 400); // DMA Read
      |                            ^~~~~~~~~
      |                            |
      |                            uint16_t * {aka short unsigned int *}
In file included from ../Core/Inc/stm32g4xx_hal_conf.h:228,
                 from ../Drivers/STM32G4xx_HAL_Driver/Inc/stm32g4xx_hal.h:29,
                 from ../Core/Inc/main.h:30,
                 from ../Core/Src/main.c:20:
../Drivers/STM32G4xx_HAL_Driver/Inc/stm32g4xx_hal_adc.h:2242:78: note: expected 'uint32_t *' {aka 'long unsigned int *'} but argument is of type 'uint16_t *' {aka 'short unsigned int *'}
 2242 | HAL_StatusTypeDef       HAL_ADC_Start_DMA(ADC_HandleTypeDef *hadc, uint32_t *pData, uint32_t Length);
      |                                                                    ~~~~~~~~~~^~~~~
../Core/Src/main.c:189:11: warning: implicit declaration of function 'updateInput' [-Wimplicit-function-declaration]
  189 |           updateInput();
      |           ^~~~~~~~~~~
../Core/Src/main.c: At top level:
../Core/Src/main.c:661:6: warning: conflicting types for 'updateInput'; have 'void()'
  661 | void updateInput()
      |      ^~~~~~~~~~~
../Core/Src/main.c:189:11: note: previous implicit declaration of 'updateInput' with type 'void()'
  189 |           updateInput();
      |           ^~~~~~~~~~~
../Core/Src/main.c: In function 'updateInput':
../Core/Src/main.c:684:13: warning: implicit declaration of function 'abs' [-Wimplicit-function-declaration]
  684 |         if (abs(directError) < abs(wrappedError))
      |             ^~~
../Core/Src/main.c:25:1: note: include '<stdlib.h>' or provide a declaration of 'abs'
   24 | #include "arm_math.h"
  +++ |+#include <stdlib.h>
   25 | /* USER CODE END Includes */
arm-none-eabi-gcc -o "Motor PID Controller.elf" @"objects.list"   -mcpu=cortex-m4 -T"C:\Users\emper\STM32CubeIDE\workspace_1.14.1\FRA222-Lab2\Motor PID Controller\STM32G474RETX_FLASH.ld" --specs=nosys.specs -Wl,-Map="Motor PID Controller.map" -Wl,--gc-sections -static --specs=nano.specs -mfpu=fpv4-sp-d16 -mfloat-abi=hard -mthumb -Wl,--start-group -lc -lm -Wl,--end-group
Finished building target: Motor PID Controller.elf
 
arm-none-eabi-size  Motor\ PID\ Controller.elf 
arm-none-eabi-objdump -h -S Motor\ PID\ Controller.elf  > "Motor PID Controller.list"
   text	   data	    bss	    dec	    hex	filename
  32800	     24	   3304	  36128	   8d20	Motor PID Controller.elf
Finished building: default.size.stdout
 
Finished building: Motor PID Controller.list
 
16:38:30 **** Incremental Build of configuration Debug for project Motor PID Controller ****
make -j16 all 
arm-none-eabi-gcc "../Core/Src/main.c" -mcpu=cortex-m4 -std=gnu11 -g3 -DDEBUG -DUSE_HAL_DRIVER -DSTM32G474xx -c -I../Core/Inc -I../Drivers/STM32G4xx_HAL_Driver/Inc -I../Drivers/STM32G4xx_HAL_Driver/Inc/Legacy -I../Drivers/CMSIS/Device/ST/STM32G4xx/Include -I../Drivers/CMSIS/Include -I../Middlewares/Third_Party/ARM_CMSIS/CMSIS/Core/Include/ -I../Middlewares/Third_Party/ARM_CMSIS/PrivateInclude/ -I../Middlewares/Third_Party/ARM_CMSIS/Include/ -I../Middlewares/Third_Party/ARM_CMSIS/Include -I"C:/Users/emper/STM32CubeIDE/workspace_1.14.1/FRA222-Lab2/Motor PID Controller/Source/BasicMathFunctions" -I"C:/Users/emper/STM32CubeIDE/workspace_1.14.1/FRA222-Lab2/Motor PID Controller/Source/BayesFunctions" -I"C:/Users/emper/STM32CubeIDE/workspace_1.14.1/FRA222-Lab2/Motor PID Controller/Source/CommonTables" -I"C:/Users/emper/STM32CubeIDE/workspace_1.14.1/FRA222-Lab2/Motor PID Controller/Source/ComplexMathFunctions" -I"C:/Users/emper/STM32CubeIDE/workspace_1.14.1/FRA222-Lab2/Motor PID Controller/Source/ControllerFunctions" -I"C:/Users/emper/STM32CubeIDE/workspace_1.14.1/FRA222-Lab2/Motor PID Controller/Source/DistanceFunctions" -I"C:/Users/emper/STM32CubeIDE/workspace_1.14.1/FRA222-Lab2/Motor PID Controller/Source/FastMathFunctions" -I"C:/Users/emper/STM32CubeIDE/workspace_1.14.1/FRA222-Lab2/Motor PID Controller/Source/FilteringFunctions" -I"C:/Users/emper/STM32CubeIDE/workspace_1.14.1/FRA222-Lab2/Motor PID Controller/Source/InterpolationFunctions" -I"C:/Users/emper/STM32CubeIDE/workspace_1.14.1/FRA222-Lab2/Motor PID Controller/Source/MatrixFunctions" -I"C:/Users/emper/STM32CubeIDE/workspace_1.14.1/FRA222-Lab2/Motor PID Controller/Source/QuaternionMathFunctions" -I"C:/Users/emper/STM32CubeIDE/workspace_1.14.1/FRA222-Lab2/Motor PID Controller/Source/StatisticsFunctions" -I"C:/Users/emper/STM32CubeIDE/workspace_1.14.1/FRA222-Lab2/Motor PID Controller/Source/SupportFunctions" -I"C:/Users/emper/STM32CubeIDE/workspace_1.14.1/FRA222-Lab2/Motor PID Controller/Source/SVMFunctions" -I"C:/Users/emper/STM32CubeIDE/workspace_1.14.1/FRA222-Lab2/Motor PID Controller/Source/TransformFunctions" -I"C:/Users/emper/STM32CubeIDE/workspace_1.14.1/FRA222-Lab2/Motor PID Controller/Source/WindowFunctions" -O0 -ffunction-sections -fdata-sections -Wall -fstack-usage -fcyclomatic-complexity -MMD -MP -MF"Core/Src/main.d" -MT"Core/Src/main.o" --specs=nano.specs -mfpu=fpv4-sp-d16 -mfloat-abi=hard -mthumb -o "Core/Src/main.o"
../Core/Src/main.c: In function 'main':
../Core/Src/main.c:162:28: warning: passing argument 2 of 'HAL_ADC_Start_DMA' from incompatible pointer type [-Wincompatible-pointer-types]
  162 |   HAL_ADC_Start_DMA(&hadc1,InputRead, 400); // DMA Read
      |                            ^~~~~~~~~
      |                            |
      |                            uint16_t * {aka short unsigned int *}
In file included from ../Core/Inc/stm32g4xx_hal_conf.h:228,
                 from ../Drivers/STM32G4xx_HAL_Driver/Inc/stm32g4xx_hal.h:29,
                 from ../Core/Inc/main.h:30,
                 from ../Core/Src/main.c:20:
../Drivers/STM32G4xx_HAL_Driver/Inc/stm32g4xx_hal_adc.h:2242:78: note: expected 'uint32_t *' {aka 'long unsigned int *'} but argument is of type 'uint16_t *' {aka 'short unsigned int *'}
 2242 | HAL_StatusTypeDef       HAL_ADC_Start_DMA(ADC_HandleTypeDef *hadc, uint32_t *pData, uint32_t Length);
      |                                                                    ~~~~~~~~~~^~~~~
../Core/Src/main.c:189:11: warning: implicit declaration of function 'updateInput' [-Wimplicit-function-declaration]
  189 |           updateInput();
      |           ^~~~~~~~~~~
../Core/Src/main.c: At top level:
../Core/Src/main.c:661:6: warning: conflicting types for 'updateInput'; have 'void()'
  661 | void updateInput()
      |      ^~~~~~~~~~~
../Core/Src/main.c:189:11: note: previous implicit declaration of 'updateInput' with type 'void()'
  189 |           updateInput();
      |           ^~~~~~~~~~~
../Core/Src/main.c: In function 'updateInput':
../Core/Src/main.c:684:13: warning: implicit declaration of function 'abs' [-Wimplicit-function-declaration]
  684 |         if (abs(directError) < abs(wrappedError))
      |             ^~~
../Core/Src/main.c:25:1: note: include '<stdlib.h>' or provide a declaration of 'abs'
   24 | #include "arm_math.h"
  +++ |+#include <stdlib.h>
   25 | /* USER CODE END Includes */
arm-none-eabi-gcc -o "Motor PID Controller.elf" @"objects.list"   -mcpu=cortex-m4 -T"C:\Users\emper\STM32CubeIDE\workspace_1.14.1\FRA222-Lab2\Motor PID Controller\STM32G474RETX_FLASH.ld" --specs=nosys.specs -Wl,-Map="Motor PID Controller.map" -Wl,--gc-sections -static --specs=nano.specs -mfpu=fpv4-sp-d16 -mfloat-abi=hard -mthumb -Wl,--start-group -lc -lm -Wl,--end-group
Finished building target: Motor PID Controller.elf
 
arm-none-eabi-size  Motor\ PID\ Controller.elf 
arm-none-eabi-objdump -h -S Motor\ PID\ Controller.elf  > "Motor PID Controller.list"
   text	   data	    bss	    dec	    hex	filename
  32800	     24	   3304	  36128	   8d20	Motor PID Controller.elf
Finished building: default.size.stdout
 
Finished building: Motor PID Controller.list
 
16:39:39 **** Incremental Build of configuration Debug for project Motor PID Controller ****
make -j16 all 
arm-none-eabi-gcc "../Core/Src/main.c" -mcpu=cortex-m4 -std=gnu11 -g3 -DDEBUG -DUSE_HAL_DRIVER -DSTM32G474xx -c -I../Core/Inc -I../Drivers/STM32G4xx_HAL_Driver/Inc -I../Drivers/STM32G4xx_HAL_Driver/Inc/Legacy -I../Drivers/CMSIS/Device/ST/STM32G4xx/Include -I../Drivers/CMSIS/Include -I../Middlewares/Third_Party/ARM_CMSIS/CMSIS/Core/Include/ -I../Middlewares/Third_Party/ARM_CMSIS/PrivateInclude/ -I../Middlewares/Third_Party/ARM_CMSIS/Include/ -I../Middlewares/Third_Party/ARM_CMSIS/Include -I"C:/Users/emper/STM32CubeIDE/workspace_1.14.1/FRA222-Lab2/Motor PID Controller/Source/BasicMathFunctions" -I"C:/Users/emper/STM32CubeIDE/workspace_1.14.1/FRA222-Lab2/Motor PID Controller/Source/BayesFunctions" -I"C:/Users/emper/STM32CubeIDE/workspace_1.14.1/FRA222-Lab2/Motor PID Controller/Source/CommonTables" -I"C:/Users/emper/STM32CubeIDE/workspace_1.14.1/FRA222-Lab2/Motor PID Controller/Source/ComplexMathFunctions" -I"C:/Users/emper/STM32CubeIDE/workspace_1.14.1/FRA222-Lab2/Motor PID Controller/Source/ControllerFunctions" -I"C:/Users/emper/STM32CubeIDE/workspace_1.14.1/FRA222-Lab2/Motor PID Controller/Source/DistanceFunctions" -I"C:/Users/emper/STM32CubeIDE/workspace_1.14.1/FRA222-Lab2/Motor PID Controller/Source/FastMathFunctions" -I"C:/Users/emper/STM32CubeIDE/workspace_1.14.1/FRA222-Lab2/Motor PID Controller/Source/FilteringFunctions" -I"C:/Users/emper/STM32CubeIDE/workspace_1.14.1/FRA222-Lab2/Motor PID Controller/Source/InterpolationFunctions" -I"C:/Users/emper/STM32CubeIDE/workspace_1.14.1/FRA222-Lab2/Motor PID Controller/Source/MatrixFunctions" -I"C:/Users/emper/STM32CubeIDE/workspace_1.14.1/FRA222-Lab2/Motor PID Controller/Source/QuaternionMathFunctions" -I"C:/Users/emper/STM32CubeIDE/workspace_1.14.1/FRA222-Lab2/Motor PID Controller/Source/StatisticsFunctions" -I"C:/Users/emper/STM32CubeIDE/workspace_1.14.1/FRA222-Lab2/Motor PID Controller/Source/SupportFunctions" -I"C:/Users/emper/STM32CubeIDE/workspace_1.14.1/FRA222-Lab2/Motor PID Controller/Source/SVMFunctions" -I"C:/Users/emper/STM32CubeIDE/workspace_1.14.1/FRA222-Lab2/Motor PID Controller/Source/TransformFunctions" -I"C:/Users/emper/STM32CubeIDE/workspace_1.14.1/FRA222-Lab2/Motor PID Controller/Source/WindowFunctions" -O0 -ffunction-sections -fdata-sections -Wall -fstack-usage -fcyclomatic-complexity -MMD -MP -MF"Core/Src/main.d" -MT"Core/Src/main.o" --specs=nano.specs -mfpu=fpv4-sp-d16 -mfloat-abi=hard -mthumb -o "Core/Src/main.o"
../Core/Src/main.c: In function 'main':
../Core/Src/main.c:162:28: warning: passing argument 2 of 'HAL_ADC_Start_DMA' from incompatible pointer type [-Wincompatible-pointer-types]
  162 |   HAL_ADC_Start_DMA(&hadc1,InputRead, 400); // DMA Read
      |                            ^~~~~~~~~
      |                            |
      |                            uint16_t * {aka short unsigned int *}
In file included from ../Core/Inc/stm32g4xx_hal_conf.h:228,
                 from ../Drivers/STM32G4xx_HAL_Driver/Inc/stm32g4xx_hal.h:29,
                 from ../Core/Inc/main.h:30,
                 from ../Core/Src/main.c:20:
../Drivers/STM32G4xx_HAL_Driver/Inc/stm32g4xx_hal_adc.h:2242:78: note: expected 'uint32_t *' {aka 'long unsigned int *'} but argument is of type 'uint16_t *' {aka 'short unsigned int *'}
 2242 | HAL_StatusTypeDef       HAL_ADC_Start_DMA(ADC_HandleTypeDef *hadc, uint32_t *pData, uint32_t Length);
      |                                                                    ~~~~~~~~~~^~~~~
../Core/Src/main.c:189:11: warning: implicit declaration of function 'updateInput' [-Wimplicit-function-declaration]
  189 |           updateInput();
      |           ^~~~~~~~~~~
../Core/Src/main.c: At top level:
../Core/Src/main.c:661:6: warning: conflicting types for 'updateInput'; have 'void()'
  661 | void updateInput()
      |      ^~~~~~~~~~~
../Core/Src/main.c:189:11: note: previous implicit declaration of 'updateInput' with type 'void()'
  189 |           updateInput();
      |           ^~~~~~~~~~~
../Core/Src/main.c: In function 'updateInput':
../Core/Src/main.c:684:13: warning: implicit declaration of function 'abs' [-Wimplicit-function-declaration]
  684 |         if (abs(directError) < abs(wrappedError))
      |             ^~~
../Core/Src/main.c:25:1: note: include '<stdlib.h>' or provide a declaration of 'abs'
   24 | #include "arm_math.h"
  +++ |+#include <stdlib.h>
   25 | /* USER CODE END Includes */
arm-none-eabi-gcc -o "Motor PID Controller.elf" @"objects.list"   -mcpu=cortex-m4 -T"C:\Users\emper\STM32CubeIDE\workspace_1.14.1\FRA222-Lab2\Motor PID Controller\STM32G474RETX_FLASH.ld" --specs=nosys.specs -Wl,-Map="Motor PID Controller.map" -Wl,--gc-sections -static --specs=nano.specs -mfpu=fpv4-sp-d16 -mfloat-abi=hard -mthumb -Wl,--start-group -lc -lm -Wl,--end-group
Finished building target: Motor PID Controller.elf
 
arm-none-eabi-size  Motor\ PID\ Controller.elf 
arm-none-eabi-objdump -h -S Motor\ PID\ Controller.elf  > "Motor PID Controller.list"
   text	   data	    bss	    dec	    hex	filename
  32800	     24	   3304	  36128	   8d20	Motor PID Controller.elf
Finished building: default.size.stdout
 
Finished building: Motor PID Controller.list
 
16:40:34 **** Incremental Build of configuration Debug for project Motor PID Controller ****
make -j16 all 
arm-none-eabi-gcc "../Core/Src/main.c" -mcpu=cortex-m4 -std=gnu11 -g3 -DDEBUG -DUSE_HAL_DRIVER -DSTM32G474xx -c -I../Core/Inc -I../Drivers/STM32G4xx_HAL_Driver/Inc -I../Drivers/STM32G4xx_HAL_Driver/Inc/Legacy -I../Drivers/CMSIS/Device/ST/STM32G4xx/Include -I../Drivers/CMSIS/Include -I../Middlewares/Third_Party/ARM_CMSIS/CMSIS/Core/Include/ -I../Middlewares/Third_Party/ARM_CMSIS/PrivateInclude/ -I../Middlewares/Third_Party/ARM_CMSIS/Include/ -I../Middlewares/Third_Party/ARM_CMSIS/Include -I"C:/Users/emper/STM32CubeIDE/workspace_1.14.1/FRA222-Lab2/Motor PID Controller/Source/BasicMathFunctions" -I"C:/Users/emper/STM32CubeIDE/workspace_1.14.1/FRA222-Lab2/Motor PID Controller/Source/BayesFunctions" -I"C:/Users/emper/STM32CubeIDE/workspace_1.14.1/FRA222-Lab2/Motor PID Controller/Source/CommonTables" -I"C:/Users/emper/STM32CubeIDE/workspace_1.14.1/FRA222-Lab2/Motor PID Controller/Source/ComplexMathFunctions" -I"C:/Users/emper/STM32CubeIDE/workspace_1.14.1/FRA222-Lab2/Motor PID Controller/Source/ControllerFunctions" -I"C:/Users/emper/STM32CubeIDE/workspace_1.14.1/FRA222-Lab2/Motor PID Controller/Source/DistanceFunctions" -I"C:/Users/emper/STM32CubeIDE/workspace_1.14.1/FRA222-Lab2/Motor PID Controller/Source/FastMathFunctions" -I"C:/Users/emper/STM32CubeIDE/workspace_1.14.1/FRA222-Lab2/Motor PID Controller/Source/FilteringFunctions" -I"C:/Users/emper/STM32CubeIDE/workspace_1.14.1/FRA222-Lab2/Motor PID Controller/Source/InterpolationFunctions" -I"C:/Users/emper/STM32CubeIDE/workspace_1.14.1/FRA222-Lab2/Motor PID Controller/Source/MatrixFunctions" -I"C:/Users/emper/STM32CubeIDE/workspace_1.14.1/FRA222-Lab2/Motor PID Controller/Source/QuaternionMathFunctions" -I"C:/Users/emper/STM32CubeIDE/workspace_1.14.1/FRA222-Lab2/Motor PID Controller/Source/StatisticsFunctions" -I"C:/Users/emper/STM32CubeIDE/workspace_1.14.1/FRA222-Lab2/Motor PID Controller/Source/SupportFunctions" -I"C:/Users/emper/STM32CubeIDE/workspace_1.14.1/FRA222-Lab2/Motor PID Controller/Source/SVMFunctions" -I"C:/Users/emper/STM32CubeIDE/workspace_1.14.1/FRA222-Lab2/Motor PID Controller/Source/TransformFunctions" -I"C:/Users/emper/STM32CubeIDE/workspace_1.14.1/FRA222-Lab2/Motor PID Controller/Source/WindowFunctions" -O0 -ffunction-sections -fdata-sections -Wall -fstack-usage -fcyclomatic-complexity -MMD -MP -MF"Core/Src/main.d" -MT"Core/Src/main.o" --specs=nano.specs -mfpu=fpv4-sp-d16 -mfloat-abi=hard -mthumb -o "Core/Src/main.o"
../Core/Src/main.c: In function 'main':
../Core/Src/main.c:162:28: warning: passing argument 2 of 'HAL_ADC_Start_DMA' from incompatible pointer type [-Wincompatible-pointer-types]
  162 |   HAL_ADC_Start_DMA(&hadc1,InputRead, 400); // DMA Read
      |                            ^~~~~~~~~
      |                            |
      |                            uint16_t * {aka short unsigned int *}
In file included from ../Core/Inc/stm32g4xx_hal_conf.h:228,
                 from ../Drivers/STM32G4xx_HAL_Driver/Inc/stm32g4xx_hal.h:29,
                 from ../Core/Inc/main.h:30,
                 from ../Core/Src/main.c:20:
../Drivers/STM32G4xx_HAL_Driver/Inc/stm32g4xx_hal_adc.h:2242:78: note: expected 'uint32_t *' {aka 'long unsigned int *'} but argument is of type 'uint16_t *' {aka 'short unsigned int *'}
 2242 | HAL_StatusTypeDef       HAL_ADC_Start_DMA(ADC_HandleTypeDef *hadc, uint32_t *pData, uint32_t Length);
      |                                                                    ~~~~~~~~~~^~~~~
../Core/Src/main.c:189:11: warning: implicit declaration of function 'updateInput' [-Wimplicit-function-declaration]
  189 |           updateInput();
      |           ^~~~~~~~~~~
../Core/Src/main.c: At top level:
../Core/Src/main.c:661:6: warning: conflicting types for 'updateInput'; have 'void()'
  661 | void updateInput()
      |      ^~~~~~~~~~~
../Core/Src/main.c:189:11: note: previous implicit declaration of 'updateInput' with type 'void()'
  189 |           updateInput();
      |           ^~~~~~~~~~~
../Core/Src/main.c: In function 'updateInput':
../Core/Src/main.c:684:13: warning: implicit declaration of function 'abs' [-Wimplicit-function-declaration]
  684 |         if (abs(directError) < abs(wrappedError))
      |             ^~~
../Core/Src/main.c:25:1: note: include '<stdlib.h>' or provide a declaration of 'abs'
   24 | #include "arm_math.h"
  +++ |+#include <stdlib.h>
   25 | /* USER CODE END Includes */
arm-none-eabi-gcc -o "Motor PID Controller.elf" @"objects.list"   -mcpu=cortex-m4 -T"C:\Users\emper\STM32CubeIDE\workspace_1.14.1\FRA222-Lab2\Motor PID Controller\STM32G474RETX_FLASH.ld" --specs=nosys.specs -Wl,-Map="Motor PID Controller.map" -Wl,--gc-sections -static --specs=nano.specs -mfpu=fpv4-sp-d16 -mfloat-abi=hard -mthumb -Wl,--start-group -lc -lm -Wl,--end-group
Finished building target: Motor PID Controller.elf
 
arm-none-eabi-size  Motor\ PID\ Controller.elf 
arm-none-eabi-objdump -h -S Motor\ PID\ Controller.elf  > "Motor PID Controller.list"
   text	   data	    bss	    dec	    hex	filename
  32800	     24	   3304	  36128	   8d20	Motor PID Controller.elf
Finished building: default.size.stdout
 
Finished building: Motor PID Controller.list
 
16:42:39 **** Incremental Build of configuration Debug for project Motor PID Controller ****
make -j16 all 
arm-none-eabi-gcc "../Core/Src/main.c" -mcpu=cortex-m4 -std=gnu11 -g3 -DDEBUG -DUSE_HAL_DRIVER -DSTM32G474xx -c -I../Core/Inc -I../Drivers/STM32G4xx_HAL_Driver/Inc -I../Drivers/STM32G4xx_HAL_Driver/Inc/Legacy -I../Drivers/CMSIS/Device/ST/STM32G4xx/Include -I../Drivers/CMSIS/Include -I../Middlewares/Third_Party/ARM_CMSIS/CMSIS/Core/Include/ -I../Middlewares/Third_Party/ARM_CMSIS/PrivateInclude/ -I../Middlewares/Third_Party/ARM_CMSIS/Include/ -I../Middlewares/Third_Party/ARM_CMSIS/Include -I"C:/Users/emper/STM32CubeIDE/workspace_1.14.1/FRA222-Lab2/Motor PID Controller/Source/BasicMathFunctions" -I"C:/Users/emper/STM32CubeIDE/workspace_1.14.1/FRA222-Lab2/Motor PID Controller/Source/BayesFunctions" -I"C:/Users/emper/STM32CubeIDE/workspace_1.14.1/FRA222-Lab2/Motor PID Controller/Source/CommonTables" -I"C:/Users/emper/STM32CubeIDE/workspace_1.14.1/FRA222-Lab2/Motor PID Controller/Source/ComplexMathFunctions" -I"C:/Users/emper/STM32CubeIDE/workspace_1.14.1/FRA222-Lab2/Motor PID Controller/Source/ControllerFunctions" -I"C:/Users/emper/STM32CubeIDE/workspace_1.14.1/FRA222-Lab2/Motor PID Controller/Source/DistanceFunctions" -I"C:/Users/emper/STM32CubeIDE/workspace_1.14.1/FRA222-Lab2/Motor PID Controller/Source/FastMathFunctions" -I"C:/Users/emper/STM32CubeIDE/workspace_1.14.1/FRA222-Lab2/Motor PID Controller/Source/FilteringFunctions" -I"C:/Users/emper/STM32CubeIDE/workspace_1.14.1/FRA222-Lab2/Motor PID Controller/Source/InterpolationFunctions" -I"C:/Users/emper/STM32CubeIDE/workspace_1.14.1/FRA222-Lab2/Motor PID Controller/Source/MatrixFunctions" -I"C:/Users/emper/STM32CubeIDE/workspace_1.14.1/FRA222-Lab2/Motor PID Controller/Source/QuaternionMathFunctions" -I"C:/Users/emper/STM32CubeIDE/workspace_1.14.1/FRA222-Lab2/Motor PID Controller/Source/StatisticsFunctions" -I"C:/Users/emper/STM32CubeIDE/workspace_1.14.1/FRA222-Lab2/Motor PID Controller/Source/SupportFunctions" -I"C:/Users/emper/STM32CubeIDE/workspace_1.14.1/FRA222-Lab2/Motor PID Controller/Source/SVMFunctions" -I"C:/Users/emper/STM32CubeIDE/workspace_1.14.1/FRA222-Lab2/Motor PID Controller/Source/TransformFunctions" -I"C:/Users/emper/STM32CubeIDE/workspace_1.14.1/FRA222-Lab2/Motor PID Controller/Source/WindowFunctions" -O0 -ffunction-sections -fdata-sections -Wall -fstack-usage -fcyclomatic-complexity -MMD -MP -MF"Core/Src/main.d" -MT"Core/Src/main.o" --specs=nano.specs -mfpu=fpv4-sp-d16 -mfloat-abi=hard -mthumb -o "Core/Src/main.o"
../Core/Src/main.c: In function 'main':
../Core/Src/main.c:162:28: warning: passing argument 2 of 'HAL_ADC_Start_DMA' from incompatible pointer type [-Wincompatible-pointer-types]
  162 |   HAL_ADC_Start_DMA(&hadc1,InputRead, 400); // DMA Read
      |                            ^~~~~~~~~
      |                            |
      |                            uint16_t * {aka short unsigned int *}
In file included from ../Core/Inc/stm32g4xx_hal_conf.h:228,
                 from ../Drivers/STM32G4xx_HAL_Driver/Inc/stm32g4xx_hal.h:29,
                 from ../Core/Inc/main.h:30,
                 from ../Core/Src/main.c:20:
../Drivers/STM32G4xx_HAL_Driver/Inc/stm32g4xx_hal_adc.h:2242:78: note: expected 'uint32_t *' {aka 'long unsigned int *'} but argument is of type 'uint16_t *' {aka 'short unsigned int *'}
 2242 | HAL_StatusTypeDef       HAL_ADC_Start_DMA(ADC_HandleTypeDef *hadc, uint32_t *pData, uint32_t Length);
      |                                                                    ~~~~~~~~~~^~~~~
../Core/Src/main.c:189:11: warning: implicit declaration of function 'updateInput' [-Wimplicit-function-declaration]
  189 |           updateInput();
      |           ^~~~~~~~~~~
../Core/Src/main.c: At top level:
../Core/Src/main.c:661:6: warning: conflicting types for 'updateInput'; have 'void()'
  661 | void updateInput()
      |      ^~~~~~~~~~~
../Core/Src/main.c:189:11: note: previous implicit declaration of 'updateInput' with type 'void()'
  189 |           updateInput();
      |           ^~~~~~~~~~~
../Core/Src/main.c: In function 'updateInput':
../Core/Src/main.c:684:13: warning: implicit declaration of function 'abs' [-Wimplicit-function-declaration]
  684 |         if (abs(directError) < abs(wrappedError))
      |             ^~~
../Core/Src/main.c:25:1: note: include '<stdlib.h>' or provide a declaration of 'abs'
   24 | #include "arm_math.h"
  +++ |+#include <stdlib.h>
   25 | /* USER CODE END Includes */
arm-none-eabi-gcc -o "Motor PID Controller.elf" @"objects.list"   -mcpu=cortex-m4 -T"C:\Users\emper\STM32CubeIDE\workspace_1.14.1\FRA222-Lab2\Motor PID Controller\STM32G474RETX_FLASH.ld" --specs=nosys.specs -Wl,-Map="Motor PID Controller.map" -Wl,--gc-sections -static --specs=nano.specs -mfpu=fpv4-sp-d16 -mfloat-abi=hard -mthumb -Wl,--start-group -lc -lm -Wl,--end-group
Finished building target: Motor PID Controller.elf
 
arm-none-eabi-size  Motor\ PID\ Controller.elf 
arm-none-eabi-objdump -h -S Motor\ PID\ Controller.elf  > "Motor PID Controller.list"
   text	   data	    bss	    dec	    hex	filename
  32800	     24	   3304	  36128	   8d20	Motor PID Controller.elf
Finished building: default.size.stdout
 
Finished building: Motor PID Controller.list
 
16:43:57 **** Incremental Build of configuration Debug for project Motor PID Controller ****
make -j16 all 
arm-none-eabi-gcc "../Core/Src/main.c" -mcpu=cortex-m4 -std=gnu11 -g3 -DDEBUG -DUSE_HAL_DRIVER -DSTM32G474xx -c -I../Core/Inc -I../Drivers/STM32G4xx_HAL_Driver/Inc -I../Drivers/STM32G4xx_HAL_Driver/Inc/Legacy -I../Drivers/CMSIS/Device/ST/STM32G4xx/Include -I../Drivers/CMSIS/Include -I../Middlewares/Third_Party/ARM_CMSIS/CMSIS/Core/Include/ -I../Middlewares/Third_Party/ARM_CMSIS/PrivateInclude/ -I../Middlewares/Third_Party/ARM_CMSIS/Include/ -I../Middlewares/Third_Party/ARM_CMSIS/Include -I"C:/Users/emper/STM32CubeIDE/workspace_1.14.1/FRA222-Lab2/Motor PID Controller/Source/BasicMathFunctions" -I"C:/Users/emper/STM32CubeIDE/workspace_1.14.1/FRA222-Lab2/Motor PID Controller/Source/BayesFunctions" -I"C:/Users/emper/STM32CubeIDE/workspace_1.14.1/FRA222-Lab2/Motor PID Controller/Source/CommonTables" -I"C:/Users/emper/STM32CubeIDE/workspace_1.14.1/FRA222-Lab2/Motor PID Controller/Source/ComplexMathFunctions" -I"C:/Users/emper/STM32CubeIDE/workspace_1.14.1/FRA222-Lab2/Motor PID Controller/Source/ControllerFunctions" -I"C:/Users/emper/STM32CubeIDE/workspace_1.14.1/FRA222-Lab2/Motor PID Controller/Source/DistanceFunctions" -I"C:/Users/emper/STM32CubeIDE/workspace_1.14.1/FRA222-Lab2/Motor PID Controller/Source/FastMathFunctions" -I"C:/Users/emper/STM32CubeIDE/workspace_1.14.1/FRA222-Lab2/Motor PID Controller/Source/FilteringFunctions" -I"C:/Users/emper/STM32CubeIDE/workspace_1.14.1/FRA222-Lab2/Motor PID Controller/Source/InterpolationFunctions" -I"C:/Users/emper/STM32CubeIDE/workspace_1.14.1/FRA222-Lab2/Motor PID Controller/Source/MatrixFunctions" -I"C:/Users/emper/STM32CubeIDE/workspace_1.14.1/FRA222-Lab2/Motor PID Controller/Source/QuaternionMathFunctions" -I"C:/Users/emper/STM32CubeIDE/workspace_1.14.1/FRA222-Lab2/Motor PID Controller/Source/StatisticsFunctions" -I"C:/Users/emper/STM32CubeIDE/workspace_1.14.1/FRA222-Lab2/Motor PID Controller/Source/SupportFunctions" -I"C:/Users/emper/STM32CubeIDE/workspace_1.14.1/FRA222-Lab2/Motor PID Controller/Source/SVMFunctions" -I"C:/Users/emper/STM32CubeIDE/workspace_1.14.1/FRA222-Lab2/Motor PID Controller/Source/TransformFunctions" -I"C:/Users/emper/STM32CubeIDE/workspace_1.14.1/FRA222-Lab2/Motor PID Controller/Source/WindowFunctions" -O0 -ffunction-sections -fdata-sections -Wall -fstack-usage -fcyclomatic-complexity -MMD -MP -MF"Core/Src/main.d" -MT"Core/Src/main.o" --specs=nano.specs -mfpu=fpv4-sp-d16 -mfloat-abi=hard -mthumb -o "Core/Src/main.o"
../Core/Src/main.c: In function 'main':
../Core/Src/main.c:162:28: warning: passing argument 2 of 'HAL_ADC_Start_DMA' from incompatible pointer type [-Wincompatible-pointer-types]
  162 |   HAL_ADC_Start_DMA(&hadc1,InputRead, 400); // DMA Read
      |                            ^~~~~~~~~
      |                            |
      |                            uint16_t * {aka short unsigned int *}
In file included from ../Core/Inc/stm32g4xx_hal_conf.h:228,
                 from ../Drivers/STM32G4xx_HAL_Driver/Inc/stm32g4xx_hal.h:29,
                 from ../Core/Inc/main.h:30,
                 from ../Core/Src/main.c:20:
../Drivers/STM32G4xx_HAL_Driver/Inc/stm32g4xx_hal_adc.h:2242:78: note: expected 'uint32_t *' {aka 'long unsigned int *'} but argument is of type 'uint16_t *' {aka 'short unsigned int *'}
 2242 | HAL_StatusTypeDef       HAL_ADC_Start_DMA(ADC_HandleTypeDef *hadc, uint32_t *pData, uint32_t Length);
      |                                                                    ~~~~~~~~~~^~~~~
../Core/Src/main.c:189:11: warning: implicit declaration of function 'updateInput' [-Wimplicit-function-declaration]
  189 |           updateInput();
      |           ^~~~~~~~~~~
../Core/Src/main.c: At top level:
../Core/Src/main.c:661:6: warning: conflicting types for 'updateInput'; have 'void()'
  661 | void updateInput()
      |      ^~~~~~~~~~~
../Core/Src/main.c:189:11: note: previous implicit declaration of 'updateInput' with type 'void()'
  189 |           updateInput();
      |           ^~~~~~~~~~~
../Core/Src/main.c: In function 'updateInput':
../Core/Src/main.c:684:13: warning: implicit declaration of function 'abs' [-Wimplicit-function-declaration]
  684 |         if (abs(directError) < abs(wrappedError))
      |             ^~~
../Core/Src/main.c:25:1: note: include '<stdlib.h>' or provide a declaration of 'abs'
   24 | #include "arm_math.h"
  +++ |+#include <stdlib.h>
   25 | /* USER CODE END Includes */
arm-none-eabi-gcc -o "Motor PID Controller.elf" @"objects.list"   -mcpu=cortex-m4 -T"C:\Users\emper\STM32CubeIDE\workspace_1.14.1\FRA222-Lab2\Motor PID Controller\STM32G474RETX_FLASH.ld" --specs=nosys.specs -Wl,-Map="Motor PID Controller.map" -Wl,--gc-sections -static --specs=nano.specs -mfpu=fpv4-sp-d16 -mfloat-abi=hard -mthumb -Wl,--start-group -lc -lm -Wl,--end-group
Finished building target: Motor PID Controller.elf
 
arm-none-eabi-size  Motor\ PID\ Controller.elf 
arm-none-eabi-objdump -h -S Motor\ PID\ Controller.elf  > "Motor PID Controller.list"
   text	   data	    bss	    dec	    hex	filename
  32800	     24	   3304	  36128	   8d20	Motor PID Controller.elf
Finished building: default.size.stdout
 
Finished building: Motor PID Controller.list
 
17:34:28 **** Incremental Build of configuration Debug for project Motor PID Controller ****
make -j16 all 
arm-none-eabi-gcc "../Core/Src/main.c" -mcpu=cortex-m4 -std=gnu11 -g3 -DDEBUG -DUSE_HAL_DRIVER -DSTM32G474xx -c -I../Core/Inc -I../Drivers/STM32G4xx_HAL_Driver/Inc -I../Drivers/STM32G4xx_HAL_Driver/Inc/Legacy -I../Drivers/CMSIS/Device/ST/STM32G4xx/Include -I../Drivers/CMSIS/Include -I../Middlewares/Third_Party/ARM_CMSIS/CMSIS/Core/Include/ -I../Middlewares/Third_Party/ARM_CMSIS/PrivateInclude/ -I../Middlewares/Third_Party/ARM_CMSIS/Include/ -I../Middlewares/Third_Party/ARM_CMSIS/Include -I"C:/Users/emper/STM32CubeIDE/workspace_1.14.1/FRA222-Lab2/Motor PID Controller/Source/BasicMathFunctions" -I"C:/Users/emper/STM32CubeIDE/workspace_1.14.1/FRA222-Lab2/Motor PID Controller/Source/BayesFunctions" -I"C:/Users/emper/STM32CubeIDE/workspace_1.14.1/FRA222-Lab2/Motor PID Controller/Source/CommonTables" -I"C:/Users/emper/STM32CubeIDE/workspace_1.14.1/FRA222-Lab2/Motor PID Controller/Source/ComplexMathFunctions" -I"C:/Users/emper/STM32CubeIDE/workspace_1.14.1/FRA222-Lab2/Motor PID Controller/Source/ControllerFunctions" -I"C:/Users/emper/STM32CubeIDE/workspace_1.14.1/FRA222-Lab2/Motor PID Controller/Source/DistanceFunctions" -I"C:/Users/emper/STM32CubeIDE/workspace_1.14.1/FRA222-Lab2/Motor PID Controller/Source/FastMathFunctions" -I"C:/Users/emper/STM32CubeIDE/workspace_1.14.1/FRA222-Lab2/Motor PID Controller/Source/FilteringFunctions" -I"C:/Users/emper/STM32CubeIDE/workspace_1.14.1/FRA222-Lab2/Motor PID Controller/Source/InterpolationFunctions" -I"C:/Users/emper/STM32CubeIDE/workspace_1.14.1/FRA222-Lab2/Motor PID Controller/Source/MatrixFunctions" -I"C:/Users/emper/STM32CubeIDE/workspace_1.14.1/FRA222-Lab2/Motor PID Controller/Source/QuaternionMathFunctions" -I"C:/Users/emper/STM32CubeIDE/workspace_1.14.1/FRA222-Lab2/Motor PID Controller/Source/StatisticsFunctions" -I"C:/Users/emper/STM32CubeIDE/workspace_1.14.1/FRA222-Lab2/Motor PID Controller/Source/SupportFunctions" -I"C:/Users/emper/STM32CubeIDE/workspace_1.14.1/FRA222-Lab2/Motor PID Controller/Source/SVMFunctions" -I"C:/Users/emper/STM32CubeIDE/workspace_1.14.1/FRA222-Lab2/Motor PID Controller/Source/TransformFunctions" -I"C:/Users/emper/STM32CubeIDE/workspace_1.14.1/FRA222-Lab2/Motor PID Controller/Source/WindowFunctions" -O0 -ffunction-sections -fdata-sections -Wall -fstack-usage -fcyclomatic-complexity -MMD -MP -MF"Core/Src/main.d" -MT"Core/Src/main.o" --specs=nano.specs -mfpu=fpv4-sp-d16 -mfloat-abi=hard -mthumb -o "Core/Src/main.o"
arm-none-eabi-gcc "../Core/Src/stm32g4xx_hal_msp.c" -mcpu=cortex-m4 -std=gnu11 -g3 -DDEBUG -DUSE_HAL_DRIVER -DSTM32G474xx -c -I../Core/Inc -I../Drivers/STM32G4xx_HAL_Driver/Inc -I../Drivers/STM32G4xx_HAL_Driver/Inc/Legacy -I../Drivers/CMSIS/Device/ST/STM32G4xx/Include -I../Drivers/CMSIS/Include -I../Middlewares/Third_Party/ARM_CMSIS/CMSIS/Core/Include/ -I../Middlewares/Third_Party/ARM_CMSIS/PrivateInclude/ -I../Middlewares/Third_Party/ARM_CMSIS/Include/ -I../Middlewares/Third_Party/ARM_CMSIS/Include -I"C:/Users/emper/STM32CubeIDE/workspace_1.14.1/FRA222-Lab2/Motor PID Controller/Source/BasicMathFunctions" -I"C:/Users/emper/STM32CubeIDE/workspace_1.14.1/FRA222-Lab2/Motor PID Controller/Source/BayesFunctions" -I"C:/Users/emper/STM32CubeIDE/workspace_1.14.1/FRA222-Lab2/Motor PID Controller/Source/CommonTables" -I"C:/Users/emper/STM32CubeIDE/workspace_1.14.1/FRA222-Lab2/Motor PID Controller/Source/ComplexMathFunctions" -I"C:/Users/emper/STM32CubeIDE/workspace_1.14.1/FRA222-Lab2/Motor PID Controller/Source/ControllerFunctions" -I"C:/Users/emper/STM32CubeIDE/workspace_1.14.1/FRA222-Lab2/Motor PID Controller/Source/DistanceFunctions" -I"C:/Users/emper/STM32CubeIDE/workspace_1.14.1/FRA222-Lab2/Motor PID Controller/Source/FastMathFunctions" -I"C:/Users/emper/STM32CubeIDE/workspace_1.14.1/FRA222-Lab2/Motor PID Controller/Source/FilteringFunctions" -I"C:/Users/emper/STM32CubeIDE/workspace_1.14.1/FRA222-Lab2/Motor PID Controller/Source/InterpolationFunctions" -I"C:/Users/emper/STM32CubeIDE/workspace_1.14.1/FRA222-Lab2/Motor PID Controller/Source/MatrixFunctions" -I"C:/Users/emper/STM32CubeIDE/workspace_1.14.1/FRA222-Lab2/Motor PID Controller/Source/QuaternionMathFunctions" -I"C:/Users/emper/STM32CubeIDE/workspace_1.14.1/FRA222-Lab2/Motor PID Controller/Source/StatisticsFunctions" -I"C:/Users/emper/STM32CubeIDE/workspace_1.14.1/FRA222-Lab2/Motor PID Controller/Source/SupportFunctions" -I"C:/Users/emper/STM32CubeIDE/workspace_1.14.1/FRA222-Lab2/Motor PID Controller/Source/SVMFunctions" -I"C:/Users/emper/STM32CubeIDE/workspace_1.14.1/FRA222-Lab2/Motor PID Controller/Source/TransformFunctions" -I"C:/Users/emper/STM32CubeIDE/workspace_1.14.1/FRA222-Lab2/Motor PID Controller/Source/WindowFunctions" -O0 -ffunction-sections -fdata-sections -Wall -fstack-usage -fcyclomatic-complexity -MMD -MP -MF"Core/Src/stm32g4xx_hal_msp.d" -MT"Core/Src/stm32g4xx_hal_msp.o" --specs=nano.specs -mfpu=fpv4-sp-d16 -mfloat-abi=hard -mthumb -o "Core/Src/stm32g4xx_hal_msp.o"
../Core/Src/main.c: In function 'main':
../Core/Src/main.c:165:28: warning: passing argument 2 of 'HAL_ADC_Start_DMA' from incompatible pointer type [-Wincompatible-pointer-types]
  165 |   HAL_ADC_Start_DMA(&hadc1,InputRead, 400); // DMA Read
      |                            ^~~~~~~~~
      |                            |
      |                            uint16_t * {aka short unsigned int *}
In file included from ../Core/Inc/stm32g4xx_hal_conf.h:228,
                 from ../Drivers/STM32G4xx_HAL_Driver/Inc/stm32g4xx_hal.h:29,
                 from ../Core/Inc/main.h:30,
                 from ../Core/Src/main.c:20:
../Drivers/STM32G4xx_HAL_Driver/Inc/stm32g4xx_hal_adc.h:2242:78: note: expected 'uint32_t *' {aka 'long unsigned int *'} but argument is of type 'uint16_t *' {aka 'short unsigned int *'}
 2242 | HAL_StatusTypeDef       HAL_ADC_Start_DMA(ADC_HandleTypeDef *hadc, uint32_t *pData, uint32_t Length);
      |                                                                    ~~~~~~~~~~^~~~~
../Core/Src/main.c:192:11: warning: implicit declaration of function 'updateInput' [-Wimplicit-function-declaration]
  192 |           updateInput();
      |           ^~~~~~~~~~~
../Core/Src/main.c: At top level:
../Core/Src/main.c:664:6: warning: conflicting types for 'updateInput'; have 'void()'
  664 | void updateInput()
      |      ^~~~~~~~~~~
../Core/Src/main.c:192:11: note: previous implicit declaration of 'updateInput' with type 'void()'
  192 |           updateInput();
      |           ^~~~~~~~~~~
../Core/Src/main.c: In function 'updateInput':
../Core/Src/main.c:686:13: warning: implicit declaration of function 'abs' [-Wimplicit-function-declaration]
  686 |         if (abs(directError) < abs(wrappedError))
      |             ^~~
../Core/Src/main.c:25:1: note: include '<stdlib.h>' or provide a declaration of 'abs'
   24 | #include "arm_math.h"
  +++ |+#include <stdlib.h>
   25 | /* USER CODE END Includes */
arm-none-eabi-gcc -o "Motor PID Controller.elf" @"objects.list"   -mcpu=cortex-m4 -T"C:\Users\emper\STM32CubeIDE\workspace_1.14.1\FRA222-Lab2\Motor PID Controller\STM32G474RETX_FLASH.ld" --specs=nosys.specs -Wl,-Map="Motor PID Controller.map" -Wl,--gc-sections -static --specs=nano.specs -mfpu=fpv4-sp-d16 -mfloat-abi=hard -mthumb -Wl,--start-group -lc -lm -Wl,--end-group
Finished building target: Motor PID Controller.elf
 
arm-none-eabi-size  Motor\ PID\ Controller.elf 
arm-none-eabi-objdump -h -S Motor\ PID\ Controller.elf  > "Motor PID Controller.list"
   text	   data	    bss	    dec	    hex	filename
  32920	     24	   3312	  36256	   8da0	Motor PID Controller.elf
Finished building: default.size.stdout
 
Finished building: Motor PID Controller.list
 
17:57:37 **** Incremental Build of configuration Debug for project Motor PID Controller ****
make -j16 all 
arm-none-eabi-gcc "../Core/Src/main.c" -mcpu=cortex-m4 -std=gnu11 -g3 -DDEBUG -DUSE_HAL_DRIVER -DSTM32G474xx -c -I../Core/Inc -I../Drivers/STM32G4xx_HAL_Driver/Inc -I../Drivers/STM32G4xx_HAL_Driver/Inc/Legacy -I../Drivers/CMSIS/Device/ST/STM32G4xx/Include -I../Drivers/CMSIS/Include -I../Middlewares/Third_Party/ARM_CMSIS/CMSIS/Core/Include/ -I../Middlewares/Third_Party/ARM_CMSIS/PrivateInclude/ -I../Middlewares/Third_Party/ARM_CMSIS/Include/ -I../Middlewares/Third_Party/ARM_CMSIS/Include -I"C:/Users/emper/STM32CubeIDE/workspace_1.14.1/FRA222-Lab2/Motor PID Controller/Source/BasicMathFunctions" -I"C:/Users/emper/STM32CubeIDE/workspace_1.14.1/FRA222-Lab2/Motor PID Controller/Source/BayesFunctions" -I"C:/Users/emper/STM32CubeIDE/workspace_1.14.1/FRA222-Lab2/Motor PID Controller/Source/CommonTables" -I"C:/Users/emper/STM32CubeIDE/workspace_1.14.1/FRA222-Lab2/Motor PID Controller/Source/ComplexMathFunctions" -I"C:/Users/emper/STM32CubeIDE/workspace_1.14.1/FRA222-Lab2/Motor PID Controller/Source/ControllerFunctions" -I"C:/Users/emper/STM32CubeIDE/workspace_1.14.1/FRA222-Lab2/Motor PID Controller/Source/DistanceFunctions" -I"C:/Users/emper/STM32CubeIDE/workspace_1.14.1/FRA222-Lab2/Motor PID Controller/Source/FastMathFunctions" -I"C:/Users/emper/STM32CubeIDE/workspace_1.14.1/FRA222-Lab2/Motor PID Controller/Source/FilteringFunctions" -I"C:/Users/emper/STM32CubeIDE/workspace_1.14.1/FRA222-Lab2/Motor PID Controller/Source/InterpolationFunctions" -I"C:/Users/emper/STM32CubeIDE/workspace_1.14.1/FRA222-Lab2/Motor PID Controller/Source/MatrixFunctions" -I"C:/Users/emper/STM32CubeIDE/workspace_1.14.1/FRA222-Lab2/Motor PID Controller/Source/QuaternionMathFunctions" -I"C:/Users/emper/STM32CubeIDE/workspace_1.14.1/FRA222-Lab2/Motor PID Controller/Source/StatisticsFunctions" -I"C:/Users/emper/STM32CubeIDE/workspace_1.14.1/FRA222-Lab2/Motor PID Controller/Source/SupportFunctions" -I"C:/Users/emper/STM32CubeIDE/workspace_1.14.1/FRA222-Lab2/Motor PID Controller/Source/SVMFunctions" -I"C:/Users/emper/STM32CubeIDE/workspace_1.14.1/FRA222-Lab2/Motor PID Controller/Source/TransformFunctions" -I"C:/Users/emper/STM32CubeIDE/workspace_1.14.1/FRA222-Lab2/Motor PID Controller/Source/WindowFunctions" -O0 -ffunction-sections -fdata-sections -Wall -fstack-usage -fcyclomatic-complexity -MMD -MP -MF"Core/Src/main.d" -MT"Core/Src/main.o" --specs=nano.specs -mfpu=fpv4-sp-d16 -mfloat-abi=hard -mthumb -o "Core/Src/main.o"
../Core/Src/main.c: In function 'main':
../Core/Src/main.c:166:28: warning: passing argument 2 of 'HAL_ADC_Start_DMA' from incompatible pointer type [-Wincompatible-pointer-types]
  166 |   HAL_ADC_Start_DMA(&hadc1,InputRead, 400); // DMA Read
      |                            ^~~~~~~~~
      |                            |
      |                            uint16_t * {aka short unsigned int *}
In file included from ../Core/Inc/stm32g4xx_hal_conf.h:228,
                 from ../Drivers/STM32G4xx_HAL_Driver/Inc/stm32g4xx_hal.h:29,
                 from ../Core/Inc/main.h:30,
                 from ../Core/Src/main.c:20:
../Drivers/STM32G4xx_HAL_Driver/Inc/stm32g4xx_hal_adc.h:2242:78: note: expected 'uint32_t *' {aka 'long unsigned int *'} but argument is of type 'uint16_t *' {aka 'short unsigned int *'}
 2242 | HAL_StatusTypeDef       HAL_ADC_Start_DMA(ADC_HandleTypeDef *hadc, uint32_t *pData, uint32_t Length);
      |                                                                    ~~~~~~~~~~^~~~~
../Core/Src/main.c:183:33: warning: pointer targets in passing argument 2 of 'HAL_UART_Receive_DMA' differ in signedness [-Wpointer-sign]
  183 |   HAL_UART_Receive_DMA(&huart2, RxBuffer, 4);
      |                                 ^~~~~~~~
      |                                 |
      |                                 int8_t * {aka signed char *}
In file included from ../Core/Inc/stm32g4xx_hal_conf.h:348,
                 from ../Drivers/STM32G4xx_HAL_Driver/Inc/stm32g4xx_hal.h:29,
                 from ../Core/Inc/main.h:30,
                 from ../Core/Src/main.c:20:
../Drivers/STM32G4xx_HAL_Driver/Inc/stm32g4xx_hal_uart.h:1639:76: note: expected 'uint8_t *' {aka 'unsigned char *'} but argument is of type 'int8_t *' {aka 'signed char *'}
 1639 | HAL_StatusTypeDef HAL_UART_Receive_DMA(UART_HandleTypeDef *huart, uint8_t *pData, uint16_t Size);
      |                                                                   ~~~~~~~~~^~~~~
../Core/Src/main.c:195:11: warning: implicit declaration of function 'updateInput' [-Wimplicit-function-declaration]
  195 |           updateInput();
      |           ^~~~~~~~~~~
../Core/Src/main.c: At top level:
../Core/Src/main.c:667:6: warning: conflicting types for 'updateInput'; have 'void()'
  667 | void updateInput()
      |      ^~~~~~~~~~~
../Core/Src/main.c:195:11: note: previous implicit declaration of 'updateInput' with type 'void()'
  195 |           updateInput();
      |           ^~~~~~~~~~~
../Core/Src/main.c: In function 'updateInput':
../Core/Src/main.c:689:13: warning: implicit declaration of function 'abs' [-Wimplicit-function-declaration]
  689 |         if (abs(directError) < abs(wrappedError))
      |             ^~~
../Core/Src/main.c:25:1: note: include '<stdlib.h>' or provide a declaration of 'abs'
   24 | #include "arm_math.h"
  +++ |+#include <stdlib.h>
   25 | /* USER CODE END Includes */
arm-none-eabi-gcc -o "Motor PID Controller.elf" @"objects.list"   -mcpu=cortex-m4 -T"C:\Users\emper\STM32CubeIDE\workspace_1.14.1\FRA222-Lab2\Motor PID Controller\STM32G474RETX_FLASH.ld" --specs=nosys.specs -Wl,-Map="Motor PID Controller.map" -Wl,--gc-sections -static --specs=nano.specs -mfpu=fpv4-sp-d16 -mfloat-abi=hard -mthumb -Wl,--start-group -lc -lm -Wl,--end-group
Finished building target: Motor PID Controller.elf
 
arm-none-eabi-size  Motor\ PID\ Controller.elf 
arm-none-eabi-objdump -h -S Motor\ PID\ Controller.elf  > "Motor PID Controller.list"
   text	   data	    bss	    dec	    hex	filename
  33828	     24	   3312	  37164	   912c	Motor PID Controller.elf
Finished building: default.size.stdout
 
Finished building: Motor PID Controller.list
 
18:02:10 **** Incremental Build of configuration Debug for project Motor PID Controller ****
make -j16 all 
arm-none-eabi-gcc "../Core/Src/main.c" -mcpu=cortex-m4 -std=gnu11 -g3 -DDEBUG -DUSE_HAL_DRIVER -DSTM32G474xx -c -I../Core/Inc -I../Drivers/STM32G4xx_HAL_Driver/Inc -I../Drivers/STM32G4xx_HAL_Driver/Inc/Legacy -I../Drivers/CMSIS/Device/ST/STM32G4xx/Include -I../Drivers/CMSIS/Include -I../Middlewares/Third_Party/ARM_CMSIS/CMSIS/Core/Include/ -I../Middlewares/Third_Party/ARM_CMSIS/PrivateInclude/ -I../Middlewares/Third_Party/ARM_CMSIS/Include/ -I../Middlewares/Third_Party/ARM_CMSIS/Include -I"C:/Users/emper/STM32CubeIDE/workspace_1.14.1/FRA222-Lab2/Motor PID Controller/Source/BasicMathFunctions" -I"C:/Users/emper/STM32CubeIDE/workspace_1.14.1/FRA222-Lab2/Motor PID Controller/Source/BayesFunctions" -I"C:/Users/emper/STM32CubeIDE/workspace_1.14.1/FRA222-Lab2/Motor PID Controller/Source/CommonTables" -I"C:/Users/emper/STM32CubeIDE/workspace_1.14.1/FRA222-Lab2/Motor PID Controller/Source/ComplexMathFunctions" -I"C:/Users/emper/STM32CubeIDE/workspace_1.14.1/FRA222-Lab2/Motor PID Controller/Source/ControllerFunctions" -I"C:/Users/emper/STM32CubeIDE/workspace_1.14.1/FRA222-Lab2/Motor PID Controller/Source/DistanceFunctions" -I"C:/Users/emper/STM32CubeIDE/workspace_1.14.1/FRA222-Lab2/Motor PID Controller/Source/FastMathFunctions" -I"C:/Users/emper/STM32CubeIDE/workspace_1.14.1/FRA222-Lab2/Motor PID Controller/Source/FilteringFunctions" -I"C:/Users/emper/STM32CubeIDE/workspace_1.14.1/FRA222-Lab2/Motor PID Controller/Source/InterpolationFunctions" -I"C:/Users/emper/STM32CubeIDE/workspace_1.14.1/FRA222-Lab2/Motor PID Controller/Source/MatrixFunctions" -I"C:/Users/emper/STM32CubeIDE/workspace_1.14.1/FRA222-Lab2/Motor PID Controller/Source/QuaternionMathFunctions" -I"C:/Users/emper/STM32CubeIDE/workspace_1.14.1/FRA222-Lab2/Motor PID Controller/Source/StatisticsFunctions" -I"C:/Users/emper/STM32CubeIDE/workspace_1.14.1/FRA222-Lab2/Motor PID Controller/Source/SupportFunctions" -I"C:/Users/emper/STM32CubeIDE/workspace_1.14.1/FRA222-Lab2/Motor PID Controller/Source/SVMFunctions" -I"C:/Users/emper/STM32CubeIDE/workspace_1.14.1/FRA222-Lab2/Motor PID Controller/Source/TransformFunctions" -I"C:/Users/emper/STM32CubeIDE/workspace_1.14.1/FRA222-Lab2/Motor PID Controller/Source/WindowFunctions" -O0 -ffunction-sections -fdata-sections -Wall -fstack-usage -fcyclomatic-complexity -MMD -MP -MF"Core/Src/main.d" -MT"Core/Src/main.o" --specs=nano.specs -mfpu=fpv4-sp-d16 -mfloat-abi=hard -mthumb -o "Core/Src/main.o"
../Core/Src/main.c: In function 'main':
../Core/Src/main.c:167:28: warning: passing argument 2 of 'HAL_ADC_Start_DMA' from incompatible pointer type [-Wincompatible-pointer-types]
  167 |   HAL_ADC_Start_DMA(&hadc1,InputRead, 400); // DMA Read
      |                            ^~~~~~~~~
      |                            |
      |                            uint16_t * {aka short unsigned int *}
In file included from ../Core/Inc/stm32g4xx_hal_conf.h:228,
                 from ../Drivers/STM32G4xx_HAL_Driver/Inc/stm32g4xx_hal.h:29,
                 from ../Core/Inc/main.h:30,
                 from ../Core/Src/main.c:20:
../Drivers/STM32G4xx_HAL_Driver/Inc/stm32g4xx_hal_adc.h:2242:78: note: expected 'uint32_t *' {aka 'long unsigned int *'} but argument is of type 'uint16_t *' {aka 'short unsigned int *'}
 2242 | HAL_StatusTypeDef       HAL_ADC_Start_DMA(ADC_HandleTypeDef *hadc, uint32_t *pData, uint32_t Length);
      |                                                                    ~~~~~~~~~~^~~~~
../Core/Src/main.c:196:11: warning: implicit declaration of function 'updateInput' [-Wimplicit-function-declaration]
  196 |           updateInput();
      |           ^~~~~~~~~~~
../Core/Src/main.c: At top level:
../Core/Src/main.c:668:6: warning: conflicting types for 'updateInput'; have 'void()'
  668 | void updateInput()
      |      ^~~~~~~~~~~
../Core/Src/main.c:196:11: note: previous implicit declaration of 'updateInput' with type 'void()'
  196 |           updateInput();
      |           ^~~~~~~~~~~
../Core/Src/main.c: In function 'updateInput':
../Core/Src/main.c:690:13: warning: implicit declaration of function 'abs' [-Wimplicit-function-declaration]
  690 |         if (abs(directError) < abs(wrappedError))
      |             ^~~
../Core/Src/main.c:25:1: note: include '<stdlib.h>' or provide a declaration of 'abs'
   24 | #include "arm_math.h"
  +++ |+#include <stdlib.h>
   25 | /* USER CODE END Includes */
../Core/Src/main.c: In function 'UARTDMAconfig':
../Core/Src/main.c:773:39: warning: pointer targets in passing argument 2 of 'HAL_UART_Receive_DMA' differ in signedness [-Wpointer-sign]
  773 |         HAL_UART_Receive_DMA(&huart2, RxBuffer, 4);
      |                                       ^~~~~~~~
      |                                       |
      |                                       int8_t * {aka signed char *}
In file included from ../Core/Inc/stm32g4xx_hal_conf.h:348,
                 from ../Drivers/STM32G4xx_HAL_Driver/Inc/stm32g4xx_hal.h:29,
                 from ../Core/Inc/main.h:30,
                 from ../Core/Src/main.c:20:
../Drivers/STM32G4xx_HAL_Driver/Inc/stm32g4xx_hal_uart.h:1639:76: note: expected 'uint8_t *' {aka 'unsigned char *'} but argument is of type 'int8_t *' {aka 'signed char *'}
 1639 | HAL_StatusTypeDef HAL_UART_Receive_DMA(UART_HandleTypeDef *huart, uint8_t *pData, uint16_t Size);
      |                                                                   ~~~~~~~~~^~~~~
arm-none-eabi-gcc -o "Motor PID Controller.elf" @"objects.list"   -mcpu=cortex-m4 -T"C:\Users\emper\STM32CubeIDE\workspace_1.14.1\FRA222-Lab2\Motor PID Controller\STM32G474RETX_FLASH.ld" --specs=nosys.specs -Wl,-Map="Motor PID Controller.map" -Wl,--gc-sections -static --specs=nano.specs -mfpu=fpv4-sp-d16 -mfloat-abi=hard -mthumb -Wl,--start-group -lc -lm -Wl,--end-group
Finished building target: Motor PID Controller.elf
 
arm-none-eabi-size  Motor\ PID\ Controller.elf 
arm-none-eabi-objdump -h -S Motor\ PID\ Controller.elf  > "Motor PID Controller.list"
   text	   data	    bss	    dec	    hex	filename
  33840	     24	   3312	  37176	   9138	Motor PID Controller.elf
Finished building: default.size.stdout
 
Finished building: Motor PID Controller.list
 
18:08:19 **** Incremental Build of configuration Debug for project Motor PID Controller ****
make -j16 all 
arm-none-eabi-gcc "../Core/Src/main.c" -mcpu=cortex-m4 -std=gnu11 -g3 -DDEBUG -DUSE_HAL_DRIVER -DSTM32G474xx -c -I../Core/Inc -I../Drivers/STM32G4xx_HAL_Driver/Inc -I../Drivers/STM32G4xx_HAL_Driver/Inc/Legacy -I../Drivers/CMSIS/Device/ST/STM32G4xx/Include -I../Drivers/CMSIS/Include -I../Middlewares/Third_Party/ARM_CMSIS/CMSIS/Core/Include/ -I../Middlewares/Third_Party/ARM_CMSIS/PrivateInclude/ -I../Middlewares/Third_Party/ARM_CMSIS/Include/ -I../Middlewares/Third_Party/ARM_CMSIS/Include -I"C:/Users/emper/STM32CubeIDE/workspace_1.14.1/FRA222-Lab2/Motor PID Controller/Source/BasicMathFunctions" -I"C:/Users/emper/STM32CubeIDE/workspace_1.14.1/FRA222-Lab2/Motor PID Controller/Source/BayesFunctions" -I"C:/Users/emper/STM32CubeIDE/workspace_1.14.1/FRA222-Lab2/Motor PID Controller/Source/CommonTables" -I"C:/Users/emper/STM32CubeIDE/workspace_1.14.1/FRA222-Lab2/Motor PID Controller/Source/ComplexMathFunctions" -I"C:/Users/emper/STM32CubeIDE/workspace_1.14.1/FRA222-Lab2/Motor PID Controller/Source/ControllerFunctions" -I"C:/Users/emper/STM32CubeIDE/workspace_1.14.1/FRA222-Lab2/Motor PID Controller/Source/DistanceFunctions" -I"C:/Users/emper/STM32CubeIDE/workspace_1.14.1/FRA222-Lab2/Motor PID Controller/Source/FastMathFunctions" -I"C:/Users/emper/STM32CubeIDE/workspace_1.14.1/FRA222-Lab2/Motor PID Controller/Source/FilteringFunctions" -I"C:/Users/emper/STM32CubeIDE/workspace_1.14.1/FRA222-Lab2/Motor PID Controller/Source/InterpolationFunctions" -I"C:/Users/emper/STM32CubeIDE/workspace_1.14.1/FRA222-Lab2/Motor PID Controller/Source/MatrixFunctions" -I"C:/Users/emper/STM32CubeIDE/workspace_1.14.1/FRA222-Lab2/Motor PID Controller/Source/QuaternionMathFunctions" -I"C:/Users/emper/STM32CubeIDE/workspace_1.14.1/FRA222-Lab2/Motor PID Controller/Source/StatisticsFunctions" -I"C:/Users/emper/STM32CubeIDE/workspace_1.14.1/FRA222-Lab2/Motor PID Controller/Source/SupportFunctions" -I"C:/Users/emper/STM32CubeIDE/workspace_1.14.1/FRA222-Lab2/Motor PID Controller/Source/SVMFunctions" -I"C:/Users/emper/STM32CubeIDE/workspace_1.14.1/FRA222-Lab2/Motor PID Controller/Source/TransformFunctions" -I"C:/Users/emper/STM32CubeIDE/workspace_1.14.1/FRA222-Lab2/Motor PID Controller/Source/WindowFunctions" -O0 -ffunction-sections -fdata-sections -Wall -fstack-usage -fcyclomatic-complexity -MMD -MP -MF"Core/Src/main.d" -MT"Core/Src/main.o" --specs=nano.specs -mfpu=fpv4-sp-d16 -mfloat-abi=hard -mthumb -o "Core/Src/main.o"
../Core/Src/main.c: In function 'main':
../Core/Src/main.c:167:28: warning: passing argument 2 of 'HAL_ADC_Start_DMA' from incompatible pointer type [-Wincompatible-pointer-types]
  167 |   HAL_ADC_Start_DMA(&hadc1,InputRead, 400); // DMA Read
      |                            ^~~~~~~~~
      |                            |
      |                            uint16_t * {aka short unsigned int *}
In file included from ../Core/Inc/stm32g4xx_hal_conf.h:228,
                 from ../Drivers/STM32G4xx_HAL_Driver/Inc/stm32g4xx_hal.h:29,
                 from ../Core/Inc/main.h:30,
                 from ../Core/Src/main.c:20:
../Drivers/STM32G4xx_HAL_Driver/Inc/stm32g4xx_hal_adc.h:2242:78: note: expected 'uint32_t *' {aka 'long unsigned int *'} but argument is of type 'uint16_t *' {aka 'short unsigned int *'}
 2242 | HAL_StatusTypeDef       HAL_ADC_Start_DMA(ADC_HandleTypeDef *hadc, uint32_t *pData, uint32_t Length);
      |                                                                    ~~~~~~~~~~^~~~~
../Core/Src/main.c:196:11: warning: implicit declaration of function 'updateInput' [-Wimplicit-function-declaration]
  196 |           updateInput();
      |           ^~~~~~~~~~~
../Core/Src/main.c: At top level:
../Core/Src/main.c:668:6: warning: conflicting types for 'updateInput'; have 'void()'
  668 | void updateInput()
      |      ^~~~~~~~~~~
../Core/Src/main.c:196:11: note: previous implicit declaration of 'updateInput' with type 'void()'
  196 |           updateInput();
      |           ^~~~~~~~~~~
../Core/Src/main.c: In function 'updateInput':
../Core/Src/main.c:690:13: warning: implicit declaration of function 'abs' [-Wimplicit-function-declaration]
  690 |         if (abs(directError) < abs(wrappedError))
      |             ^~~
../Core/Src/main.c:25:1: note: include '<stdlib.h>' or provide a declaration of 'abs'
   24 | #include "arm_math.h"
  +++ |+#include <stdlib.h>
   25 | /* USER CODE END Includes */
../Core/Src/main.c: In function 'UARTDMAconfig':
../Core/Src/main.c:773:39: warning: pointer targets in passing argument 2 of 'HAL_UART_Receive_DMA' differ in signedness [-Wpointer-sign]
  773 |         HAL_UART_Receive_DMA(&huart2, RxBuffer, 4);
      |                                       ^~~~~~~~
      |                                       |
      |                                       int8_t * {aka signed char *}
In file included from ../Core/Inc/stm32g4xx_hal_conf.h:348,
                 from ../Drivers/STM32G4xx_HAL_Driver/Inc/stm32g4xx_hal.h:29,
                 from ../Core/Inc/main.h:30,
                 from ../Core/Src/main.c:20:
../Drivers/STM32G4xx_HAL_Driver/Inc/stm32g4xx_hal_uart.h:1639:76: note: expected 'uint8_t *' {aka 'unsigned char *'} but argument is of type 'int8_t *' {aka 'signed char *'}
 1639 | HAL_StatusTypeDef HAL_UART_Receive_DMA(UART_HandleTypeDef *huart, uint8_t *pData, uint16_t Size);
      |                                                                   ~~~~~~~~~^~~~~
arm-none-eabi-gcc -o "Motor PID Controller.elf" @"objects.list"   -mcpu=cortex-m4 -T"C:\Users\emper\STM32CubeIDE\workspace_1.14.1\FRA222-Lab2\Motor PID Controller\STM32G474RETX_FLASH.ld" --specs=nosys.specs -Wl,-Map="Motor PID Controller.map" -Wl,--gc-sections -static --specs=nano.specs -mfpu=fpv4-sp-d16 -mfloat-abi=hard -mthumb -Wl,--start-group -lc -lm -Wl,--end-group
Finished building target: Motor PID Controller.elf
 
arm-none-eabi-size  Motor\ PID\ Controller.elf 
arm-none-eabi-objdump -h -S Motor\ PID\ Controller.elf  > "Motor PID Controller.list"
   text	   data	    bss	    dec	    hex	filename
[...]
  690 |         if (abs(directError) < abs(wrappedError))
      |             ^~~
../Core/Src/main.c:25:1: note: include '<stdlib.h>' or provide a declaration of 'abs'
   24 | #include "arm_math.h"
  +++ |+#include <stdlib.h>
   25 | /* USER CODE END Includes */
../Core/Src/main.c: In function 'UARTDMAconfig':
../Core/Src/main.c:772:39: warning: pointer targets in passing argument 2 of 'HAL_UART_Receive_DMA' differ in signedness [-Wpointer-sign]
  772 |         HAL_UART_Receive_DMA(&huart2, RxBuffer, 10);
      |                                       ^~~~~~~~
      |                                       |
      |                                       int8_t * {aka signed char *}
In file included from ../Core/Inc/stm32g4xx_hal_conf.h:348,
                 from ../Drivers/STM32G4xx_HAL_Driver/Inc/stm32g4xx_hal.h:29,
                 from ../Core/Inc/main.h:30,
                 from ../Core/Src/main.c:20:
../Drivers/STM32G4xx_HAL_Driver/Inc/stm32g4xx_hal_uart.h:1639:76: note: expected 'uint8_t *' {aka 'unsigned char *'} but argument is of type 'int8_t *' {aka 'signed char *'}
 1639 | HAL_StatusTypeDef HAL_UART_Receive_DMA(UART_HandleTypeDef *huart, uint8_t *pData, uint16_t Size);
      |                                                                   ~~~~~~~~~^~~~~
arm-none-eabi-gcc -o "Motor PID Controller.elf" @"objects.list"   -mcpu=cortex-m4 -T"C:\Users\emper\STM32CubeIDE\workspace_1.14.1\FRA222-Lab2\Motor PID Controller\STM32G474RETX_FLASH.ld" --specs=nosys.specs -Wl,-Map="Motor PID Controller.map" -Wl,--gc-sections -static --specs=nano.specs -mfpu=fpv4-sp-d16 -mfloat-abi=hard -mthumb -Wl,--start-group -lc -lm -Wl,--end-group
Finished building target: Motor PID Controller.elf
 
arm-none-eabi-size  Motor\ PID\ Controller.elf 
arm-none-eabi-objdump -h -S Motor\ PID\ Controller.elf  > "Motor PID Controller.list"
   text	   data	    bss	    dec	    hex	filename
  33900	     32	   3312	  37244	   917c	Motor PID Controller.elf
Finished building: default.size.stdout
 
Finished building: Motor PID Controller.list
 
20:44:46 **** Incremental Build of configuration Debug for project Motor PID Controller ****
make -j16 all 
arm-none-eabi-gcc "../Core/Src/main.c" -mcpu=cortex-m4 -std=gnu11 -g3 -DDEBUG -DUSE_HAL_DRIVER -DSTM32G474xx -c -I../Core/Inc -I../Drivers/STM32G4xx_HAL_Driver/Inc -I../Drivers/STM32G4xx_HAL_Driver/Inc/Legacy -I../Drivers/CMSIS/Device/ST/STM32G4xx/Include -I../Drivers/CMSIS/Include -I../Middlewares/Third_Party/ARM_CMSIS/CMSIS/Core/Include/ -I../Middlewares/Third_Party/ARM_CMSIS/PrivateInclude/ -I../Middlewares/Third_Party/ARM_CMSIS/Include/ -I../Middlewares/Third_Party/ARM_CMSIS/Include -I"C:/Users/emper/STM32CubeIDE/workspace_1.14.1/FRA222-Lab2/Motor PID Controller/Source/BasicMathFunctions" -I"C:/Users/emper/STM32CubeIDE/workspace_1.14.1/FRA222-Lab2/Motor PID Controller/Source/BayesFunctions" -I"C:/Users/emper/STM32CubeIDE/workspace_1.14.1/FRA222-Lab2/Motor PID Controller/Source/CommonTables" -I"C:/Users/emper/STM32CubeIDE/workspace_1.14.1/FRA222-Lab2/Motor PID Controller/Source/ComplexMathFunctions" -I"C:/Users/emper/STM32CubeIDE/workspace_1.14.1/FRA222-Lab2/Motor PID Controller/Source/ControllerFunctions" -I"C:/Users/emper/STM32CubeIDE/workspace_1.14.1/FRA222-Lab2/Motor PID Controller/Source/DistanceFunctions" -I"C:/Users/emper/STM32CubeIDE/workspace_1.14.1/FRA222-Lab2/Motor PID Controller/Source/FastMathFunctions" -I"C:/Users/emper/STM32CubeIDE/workspace_1.14.1/FRA222-Lab2/Motor PID Controller/Source/FilteringFunctions" -I"C:/Users/emper/STM32CubeIDE/workspace_1.14.1/FRA222-Lab2/Motor PID Controller/Source/InterpolationFunctions" -I"C:/Users/emper/STM32CubeIDE/workspace_1.14.1/FRA222-Lab2/Motor PID Controller/Source/MatrixFunctions" -I"C:/Users/emper/STM32CubeIDE/workspace_1.14.1/FRA222-Lab2/Motor PID Controller/Source/QuaternionMathFunctions" -I"C:/Users/emper/STM32CubeIDE/workspace_1.14.1/FRA222-Lab2/Motor PID Controller/Source/StatisticsFunctions" -I"C:/Users/emper/STM32CubeIDE/workspace_1.14.1/FRA222-Lab2/Motor PID Controller/Source/SupportFunctions" -I"C:/Users/emper/STM32CubeIDE/workspace_1.14.1/FRA222-Lab2/Motor PID Controller/Source/SVMFunctions" -I"C:/Users/emper/STM32CubeIDE/workspace_1.14.1/FRA222-Lab2/Motor PID Controller/Source/TransformFunctions" -I"C:/Users/emper/STM32CubeIDE/workspace_1.14.1/FRA222-Lab2/Motor PID Controller/Source/WindowFunctions" -O0 -ffunction-sections -fdata-sections -Wall -fstack-usage -fcyclomatic-complexity -MMD -MP -MF"Core/Src/main.d" -MT"Core/Src/main.o" --specs=nano.specs -mfpu=fpv4-sp-d16 -mfloat-abi=hard -mthumb -o "Core/Src/main.o"
../Core/Src/main.c: In function 'main':
../Core/Src/main.c:167:28: warning: passing argument 2 of 'HAL_ADC_Start_DMA' from incompatible pointer type [-Wincompatible-pointer-types]
  167 |   HAL_ADC_Start_DMA(&hadc1,InputRead, 400); // DMA Read
      |                            ^~~~~~~~~
      |                            |
      |                            uint16_t * {aka short unsigned int *}
In file included from ../Core/Inc/stm32g4xx_hal_conf.h:228,
                 from ../Drivers/STM32G4xx_HAL_Driver/Inc/stm32g4xx_hal.h:29,
                 from ../Core/Inc/main.h:30,
                 from ../Core/Src/main.c:20:
../Drivers/STM32G4xx_HAL_Driver/Inc/stm32g4xx_hal_adc.h:2242:78: note: expected 'uint32_t *' {aka 'long unsigned int *'} but argument is of type 'uint16_t *' {aka 'short unsigned int *'}
 2242 | HAL_StatusTypeDef       HAL_ADC_Start_DMA(ADC_HandleTypeDef *hadc, uint32_t *pData, uint32_t Length);
      |                                                                    ~~~~~~~~~~^~~~~
../Core/Src/main.c: In function 'updateInput':
../Core/Src/main.c:690:13: warning: implicit declaration of function 'abs' [-Wimplicit-function-declaration]
  690 |         if (abs(directError) < abs(wrappedError))
      |             ^~~
../Core/Src/main.c:25:1: note: include '<stdlib.h>' or provide a declaration of 'abs'
   24 | #include "arm_math.h"
  +++ |+#include <stdlib.h>
   25 | /* USER CODE END Includes */
../Core/Src/main.c: In function 'UARTDMAconfig':
../Core/Src/main.c:772:39: warning: pointer targets in passing argument 2 of 'HAL_UART_Receive_DMA' differ in signedness [-Wpointer-sign]
  772 |         HAL_UART_Receive_DMA(&huart2, RxBuffer, 10);
      |                                       ^~~~~~~~
      |                                       |
      |                                       int8_t * {aka signed char *}
In file included from ../Core/Inc/stm32g4xx_hal_conf.h:348,
                 from ../Drivers/STM32G4xx_HAL_Driver/Inc/stm32g4xx_hal.h:29,
                 from ../Core/Inc/main.h:30,
                 from ../Core/Src/main.c:20:
../Drivers/STM32G4xx_HAL_Driver/Inc/stm32g4xx_hal_uart.h:1639:76: note: expected 'uint8_t *' {aka 'unsigned char *'} but argument is of type 'int8_t *' {aka 'signed char *'}
 1639 | HAL_StatusTypeDef HAL_UART_Receive_DMA(UART_HandleTypeDef *huart, uint8_t *pData, uint16_t Size);
      |                                                                   ~~~~~~~~~^~~~~
arm-none-eabi-gcc -o "Motor PID Controller.elf" @"objects.list"   -mcpu=cortex-m4 -T"C:\Users\emper\STM32CubeIDE\workspace_1.14.1\FRA222-Lab2\Motor PID Controller\STM32G474RETX_FLASH.ld" --specs=nosys.specs -Wl,-Map="Motor PID Controller.map" -Wl,--gc-sections -static --specs=nano.specs -mfpu=fpv4-sp-d16 -mfloat-abi=hard -mthumb -Wl,--start-group -lc -lm -Wl,--end-group
Finished building target: Motor PID Controller.elf
 
arm-none-eabi-size  Motor\ PID\ Controller.elf 
arm-none-eabi-objdump -h -S Motor\ PID\ Controller.elf  > "Motor PID Controller.list"
   text	   data	    bss	    dec	    hex	filename
  33900	     32	   3312	  37244	   917c	Motor PID Controller.elf
Finished building: default.size.stdout
 
Finished building: Motor PID Controller.list
 
20:45:27 **** Incremental Build of configuration Debug for project Motor PID Controller ****
make -j16 all 
arm-none-eabi-gcc "../Core/Src/main.c" -mcpu=cortex-m4 -std=gnu11 -g3 -DDEBUG -DUSE_HAL_DRIVER -DSTM32G474xx -c -I../Core/Inc -I../Drivers/STM32G4xx_HAL_Driver/Inc -I../Drivers/STM32G4xx_HAL_Driver/Inc/Legacy -I../Drivers/CMSIS/Device/ST/STM32G4xx/Include -I../Drivers/CMSIS/Include -I../Middlewares/Third_Party/ARM_CMSIS/CMSIS/Core/Include/ -I../Middlewares/Third_Party/ARM_CMSIS/PrivateInclude/ -I../Middlewares/Third_Party/ARM_CMSIS/Include/ -I../Middlewares/Third_Party/ARM_CMSIS/Include -I"C:/Users/emper/STM32CubeIDE/workspace_1.14.1/FRA222-Lab2/Motor PID Controller/Source/BasicMathFunctions" -I"C:/Users/emper/STM32CubeIDE/workspace_1.14.1/FRA222-Lab2/Motor PID Controller/Source/BayesFunctions" -I"C:/Users/emper/STM32CubeIDE/workspace_1.14.1/FRA222-Lab2/Motor PID Controller/Source/CommonTables" -I"C:/Users/emper/STM32CubeIDE/workspace_1.14.1/FRA222-Lab2/Motor PID Controller/Source/ComplexMathFunctions" -I"C:/Users/emper/STM32CubeIDE/workspace_1.14.1/FRA222-Lab2/Motor PID Controller/Source/ControllerFunctions" -I"C:/Users/emper/STM32CubeIDE/workspace_1.14.1/FRA222-Lab2/Motor PID Controller/Source/DistanceFunctions" -I"C:/Users/emper/STM32CubeIDE/workspace_1.14.1/FRA222-Lab2/Motor PID Controller/Source/FastMathFunctions" -I"C:/Users/emper/STM32CubeIDE/workspace_1.14.1/FRA222-Lab2/Motor PID Controller/Source/FilteringFunctions" -I"C:/Users/emper/STM32CubeIDE/workspace_1.14.1/FRA222-Lab2/Motor PID Controller/Source/InterpolationFunctions" -I"C:/Users/emper/STM32CubeIDE/workspace_1.14.1/FRA222-Lab2/Motor PID Controller/Source/MatrixFunctions" -I"C:/Users/emper/STM32CubeIDE/workspace_1.14.1/FRA222-Lab2/Motor PID Controller/Source/QuaternionMathFunctions" -I"C:/Users/emper/STM32CubeIDE/workspace_1.14.1/FRA222-Lab2/Motor PID Controller/Source/StatisticsFunctions" -I"C:/Users/emper/STM32CubeIDE/workspace_1.14.1/FRA222-Lab2/Motor PID Controller/Source/SupportFunctions" -I"C:/Users/emper/STM32CubeIDE/workspace_1.14.1/FRA222-Lab2/Motor PID Controller/Source/SVMFunctions" -I"C:/Users/emper/STM32CubeIDE/workspace_1.14.1/FRA222-Lab2/Motor PID Controller/Source/TransformFunctions" -I"C:/Users/emper/STM32CubeIDE/workspace_1.14.1/FRA222-Lab2/Motor PID Controller/Source/WindowFunctions" -O0 -ffunction-sections -fdata-sections -Wall -fstack-usage -fcyclomatic-complexity -MMD -MP -MF"Core/Src/main.d" -MT"Core/Src/main.o" --specs=nano.specs -mfpu=fpv4-sp-d16 -mfloat-abi=hard -mthumb -o "Core/Src/main.o"
../Core/Src/main.c: In function 'main':
../Core/Src/main.c:167:28: warning: passing argument 2 of 'HAL_ADC_Start_DMA' from incompatible pointer type [-Wincompatible-pointer-types]
  167 |   HAL_ADC_Start_DMA(&hadc1,InputRead, 400); // DMA Read
      |                            ^~~~~~~~~
      |                            |
      |                            uint16_t * {aka short unsigned int *}
In file included from ../Core/Inc/stm32g4xx_hal_conf.h:228,
                 from ../Drivers/STM32G4xx_HAL_Driver/Inc/stm32g4xx_hal.h:29,
                 from ../Core/Inc/main.h:30,
                 from ../Core/Src/main.c:20:
../Drivers/STM32G4xx_HAL_Driver/Inc/stm32g4xx_hal_adc.h:2242:78: note: expected 'uint32_t *' {aka 'long unsigned int *'} but argument is of type 'uint16_t *' {aka 'short unsigned int *'}
 2242 | HAL_StatusTypeDef       HAL_ADC_Start_DMA(ADC_HandleTypeDef *hadc, uint32_t *pData, uint32_t Length);
      |                                                                    ~~~~~~~~~~^~~~~
../Core/Src/main.c: In function 'updateInput':
../Core/Src/main.c:690:13: warning: implicit declaration of function 'abs' [-Wimplicit-function-declaration]
  690 |         if (abs(directError) < abs(wrappedError))
      |             ^~~
../Core/Src/main.c:25:1: note: include '<stdlib.h>' or provide a declaration of 'abs'
   24 | #include "arm_math.h"
  +++ |+#include <stdlib.h>
   25 | /* USER CODE END Includes */
../Core/Src/main.c: In function 'UARTDMAconfig':
../Core/Src/main.c:772:39: warning: pointer targets in passing argument 2 of 'HAL_UART_Receive_DMA' differ in signedness [-Wpointer-sign]
  772 |         HAL_UART_Receive_DMA(&huart2, RxBuffer, 10);
      |                                       ^~~~~~~~
      |                                       |
      |                                       int8_t * {aka signed char *}
In file included from ../Core/Inc/stm32g4xx_hal_conf.h:348,
                 from ../Drivers/STM32G4xx_HAL_Driver/Inc/stm32g4xx_hal.h:29,
                 from ../Core/Inc/main.h:30,
                 from ../Core/Src/main.c:20:
../Drivers/STM32G4xx_HAL_Driver/Inc/stm32g4xx_hal_uart.h:1639:76: note: expected 'uint8_t *' {aka 'unsigned char *'} but argument is of type 'int8_t *' {aka 'signed char *'}
 1639 | HAL_StatusTypeDef HAL_UART_Receive_DMA(UART_HandleTypeDef *huart, uint8_t *pData, uint16_t Size);
      |                                                                   ~~~~~~~~~^~~~~
arm-none-eabi-gcc -o "Motor PID Controller.elf" @"objects.list"   -mcpu=cortex-m4 -T"C:\Users\emper\STM32CubeIDE\workspace_1.14.1\FRA222-Lab2\Motor PID Controller\STM32G474RETX_FLASH.ld" --specs=nosys.specs -Wl,-Map="Motor PID Controller.map" -Wl,--gc-sections -static --specs=nano.specs -mfpu=fpv4-sp-d16 -mfloat-abi=hard -mthumb -Wl,--start-group -lc -lm -Wl,--end-group
Finished building target: Motor PID Controller.elf
 
arm-none-eabi-size  Motor\ PID\ Controller.elf 
arm-none-eabi-objdump -h -S Motor\ PID\ Controller.elf  > "Motor PID Controller.list"
   text	   data	    bss	    dec	    hex	filename
  33900	     32	   3312	  37244	   917c	Motor PID Controller.elf
Finished building: default.size.stdout
 
Finished building: Motor PID Controller.list
 
21:28:49 **** Incremental Build of configuration Debug for project Motor PID Controller ****
make -j16 all 
arm-none-eabi-size  Motor\ PID\ Controller.elf 
   text	   data	    bss	    dec	    hex	filename
  33900	     32	   3312	  37244	   917c	Motor PID Controller.elf
Finished building: default.size.stdout
 
21:34:31 **** Incremental Build of configuration Debug for project Motor PID Controller ****
make -j16 all 
arm-none-eabi-size  Motor\ PID\ Controller.elf 
   text	   data	    bss	    dec	    hex	filename
  33900	     32	   3312	  37244	   917c	Motor PID Controller.elf
Finished building: default.size.stdout
 
21:35:31 **** Incremental Build of configuration Debug for project Motor PID Controller ****
make -j16 all 
arm-none-eabi-gcc "../Core/Src/main.c" -mcpu=cortex-m4 -std=gnu11 -g3 -DDEBUG -DUSE_HAL_DRIVER -DSTM32G474xx -c -I../Core/Inc -I../Drivers/STM32G4xx_HAL_Driver/Inc -I../Drivers/STM32G4xx_HAL_Driver/Inc/Legacy -I../Drivers/CMSIS/Device/ST/STM32G4xx/Include -I../Drivers/CMSIS/Include -I../Middlewares/Third_Party/ARM_CMSIS/CMSIS/Core/Include/ -I../Middlewares/Third_Party/ARM_CMSIS/PrivateInclude/ -I../Middlewares/Third_Party/ARM_CMSIS/Include/ -I../Middlewares/Third_Party/ARM_CMSIS/Include -I"C:/Users/emper/STM32CubeIDE/workspace_1.14.1/FRA222-Lab2/Motor PID Controller/Source/BasicMathFunctions" -I"C:/Users/emper/STM32CubeIDE/workspace_1.14.1/FRA222-Lab2/Motor PID Controller/Source/BayesFunctions" -I"C:/Users/emper/STM32CubeIDE/workspace_1.14.1/FRA222-Lab2/Motor PID Controller/Source/CommonTables" -I"C:/Users/emper/STM32CubeIDE/workspace_1.14.1/FRA222-Lab2/Motor PID Controller/Source/ComplexMathFunctions" -I"C:/Users/emper/STM32CubeIDE/workspace_1.14.1/FRA222-Lab2/Motor PID Controller/Source/ControllerFunctions" -I"C:/Users/emper/STM32CubeIDE/workspace_1.14.1/FRA222-Lab2/Motor PID Controller/Source/DistanceFunctions" -I"C:/Users/emper/STM32CubeIDE/workspace_1.14.1/FRA222-Lab2/Motor PID Controller/Source/FastMathFunctions" -I"C:/Users/emper/STM32CubeIDE/workspace_1.14.1/FRA222-Lab2/Motor PID Controller/Source/FilteringFunctions" -I"C:/Users/emper/STM32CubeIDE/workspace_1.14.1/FRA222-Lab2/Motor PID Controller/Source/InterpolationFunctions" -I"C:/Users/emper/STM32CubeIDE/workspace_1.14.1/FRA222-Lab2/Motor PID Controller/Source/MatrixFunctions" -I"C:/Users/emper/STM32CubeIDE/workspace_1.14.1/FRA222-Lab2/Motor PID Controller/Source/QuaternionMathFunctions" -I"C:/Users/emper/STM32CubeIDE/workspace_1.14.1/FRA222-Lab2/Motor PID Controller/Source/StatisticsFunctions" -I"C:/Users/emper/STM32CubeIDE/workspace_1.14.1/FRA222-Lab2/Motor PID Controller/Source/SupportFunctions" -I"C:/Users/emper/STM32CubeIDE/workspace_1.14.1/FRA222-Lab2/Motor PID Controller/Source/SVMFunctions" -I"C:/Users/emper/STM32CubeIDE/workspace_1.14.1/FRA222-Lab2/Motor PID Controller/Source/TransformFunctions" -I"C:/Users/emper/STM32CubeIDE/workspace_1.14.1/FRA222-Lab2/Motor PID Controller/Source/WindowFunctions" -O0 -ffunction-sections -fdata-sections -Wall -fstack-usage -fcyclomatic-complexity -MMD -MP -MF"Core/Src/main.d" -MT"Core/Src/main.o" --specs=nano.specs -mfpu=fpv4-sp-d16 -mfloat-abi=hard -mthumb -o "Core/Src/main.o"
../Core/Src/main.c: In function 'main':
../Core/Src/main.c:167:28: warning: passing argument 2 of 'HAL_ADC_Start_DMA' from incompatible pointer type [-Wincompatible-pointer-types]
  167 |   HAL_ADC_Start_DMA(&hadc1,InputRead, 400); // DMA Read
      |                            ^~~~~~~~~
      |                            |
      |                            uint16_t * {aka short unsigned int *}
In file included from ../Core/Inc/stm32g4xx_hal_conf.h:228,
                 from ../Drivers/STM32G4xx_HAL_Driver/Inc/stm32g4xx_hal.h:29,
                 from ../Core/Inc/main.h:30,
                 from ../Core/Src/main.c:20:
../Drivers/STM32G4xx_HAL_Driver/Inc/stm32g4xx_hal_adc.h:2242:78: note: expected 'uint32_t *' {aka 'long unsigned int *'} but argument is of type 'uint16_t *' {aka 'short unsigned int *'}
 2242 | HAL_StatusTypeDef       HAL_ADC_Start_DMA(ADC_HandleTypeDef *hadc, uint32_t *pData, uint32_t Length);
      |                                                                    ~~~~~~~~~~^~~~~
../Core/Src/main.c: In function 'updateInput':
../Core/Src/main.c:690:13: warning: implicit declaration of function 'abs' [-Wimplicit-function-declaration]
  690 |         if (abs(directError) < abs(wrappedError))
      |             ^~~
../Core/Src/main.c:25:1: note: include '<stdlib.h>' or provide a declaration of 'abs'
   24 | #include "arm_math.h"
  +++ |+#include <stdlib.h>
   25 | /* USER CODE END Includes */
../Core/Src/main.c: In function 'UARTDMAconfig':
../Core/Src/main.c:772:39: warning: pointer targets in passing argument 2 of 'HAL_UART_Receive_DMA' differ in signedness [-Wpointer-sign]
  772 |         HAL_UART_Receive_DMA(&huart2, RxBuffer, 4);
      |                                       ^~~~~~~~
      |                                       |
      |                                       int8_t * {aka signed char *}
In file included from ../Core/Inc/stm32g4xx_hal_conf.h:348,
                 from ../Drivers/STM32G4xx_HAL_Driver/Inc/stm32g4xx_hal.h:29,
                 from ../Core/Inc/main.h:30,
                 from ../Core/Src/main.c:20:
../Drivers/STM32G4xx_HAL_Driver/Inc/stm32g4xx_hal_uart.h:1639:76: note: expected 'uint8_t *' {aka 'unsigned char *'} but argument is of type 'int8_t *' {aka 'signed char *'}
 1639 | HAL_StatusTypeDef HAL_UART_Receive_DMA(UART_HandleTypeDef *huart, uint8_t *pData, uint16_t Size);
      |                                                                   ~~~~~~~~~^~~~~
arm-none-eabi-gcc -o "Motor PID Controller.elf" @"objects.list"   -mcpu=cortex-m4 -T"C:\Users\emper\STM32CubeIDE\workspace_1.14.1\FRA222-Lab2\Motor PID Controller\STM32G474RETX_FLASH.ld" --specs=nosys.specs -Wl,-Map="Motor PID Controller.map" -Wl,--gc-sections -static --specs=nano.specs -mfpu=fpv4-sp-d16 -mfloat-abi=hard -mthumb -Wl,--start-group -lc -lm -Wl,--end-group
Finished building target: Motor PID Controller.elf
 
arm-none-eabi-size  Motor\ PID\ Controller.elf 
arm-none-eabi-objdump -h -S Motor\ PID\ Controller.elf  > "Motor PID Controller.list"
   text	   data	    bss	    dec	    hex	filename
  33900	     32	   3304	  37236	   9174	Motor PID Controller.elf
Finished building: default.size.stdout
 
Finished building: Motor PID Controller.list
 
