11:47:27 **** Incremental Build of configuration Debug for project Motor PID Controller ****
make -j16 all 
arm-none-eabi-gcc "../Core/Src/main.c" -mcpu=cortex-m4 -std=gnu11 -g3 -DDEBUG -DUSE_HAL_DRIVER -DSTM32G474xx -c -I../Core/Inc -I../Drivers/STM32G4xx_HAL_Driver/Inc -I../Drivers/STM32G4xx_HAL_Driver/Inc/Legacy -I../Drivers/CMSIS/Device/ST/STM32G4xx/Include -I../Drivers/CMSIS/Include -I../Middlewares/Third_Party/ARM_CMSIS/CMSIS/Core/Include/ -I../Middlewares/Third_Party/ARM_CMSIS/PrivateInclude/ -I../Middlewares/Third_Party/ARM_CMSIS/Include/ -I../Middlewares/Third_Party/ARM_CMSIS/Include -I"C:/Users/emper/STM32CubeIDE/workspace_1.14.1/FRA222-Lab2/Motor PID Controller/Source/BasicMathFunctions" -I"C:/Users/emper/STM32CubeIDE/workspace_1.14.1/FRA222-Lab2/Motor PID Controller/Source/BayesFunctions" -I"C:/Users/emper/STM32CubeIDE/workspace_1.14.1/FRA222-Lab2/Motor PID Controller/Source/CommonTables" -I"C:/Users/emper/STM32CubeIDE/workspace_1.14.1/FRA222-Lab2/Motor PID Controller/Source/ComplexMathFunctions" -I"C:/Users/emper/STM32CubeIDE/workspace_1.14.1/FRA222-Lab2/Motor PID Controller/Source/ControllerFunctions" -I"C:/Users/emper/STM32CubeIDE/workspace_1.14.1/FRA222-Lab2/Motor PID Controller/Source/DistanceFunctions" -I"C:/Users/emper/STM32CubeIDE/workspace_1.14.1/FRA222-Lab2/Motor PID Controller/Source/FastMathFunctions" -I"C:/Users/emper/STM32CubeIDE/workspace_1.14.1/FRA222-Lab2/Motor PID Controller/Source/FilteringFunctions" -I"C:/Users/emper/STM32CubeIDE/workspace_1.14.1/FRA222-Lab2/Motor PID Controller/Source/InterpolationFunctions" -I"C:/Users/emper/STM32CubeIDE/workspace_1.14.1/FRA222-Lab2/Motor PID Controller/Source/MatrixFunctions" -I"C:/Users/emper/STM32CubeIDE/workspace_1.14.1/FRA222-Lab2/Motor PID Controller/Source/QuaternionMathFunctions" -I"C:/Users/emper/STM32CubeIDE/workspace_1.14.1/FRA222-Lab2/Motor PID Controller/Source/StatisticsFunctions" -I"C:/Users/emper/STM32CubeIDE/workspace_1.14.1/FRA222-Lab2/Motor PID Controller/Source/SupportFunctions" -I"C:/Users/emper/STM32CubeIDE/workspace_1.14.1/FRA222-Lab2/Motor PID Controller/Source/SVMFunctions" -I"C:/Users/emper/STM32CubeIDE/workspace_1.14.1/FRA222-Lab2/Motor PID Controller/Source/TransformFunctions" -I"C:/Users/emper/STM32CubeIDE/workspace_1.14.1/FRA222-Lab2/Motor PID Controller/Source/WindowFunctions" -O0 -ffunction-sections -fdata-sections -Wall -fstack-usage -fcyclomatic-complexity -MMD -MP -MF"Core/Src/main.d" -MT"Core/Src/main.o" --specs=nano.specs -mfpu=fpv4-sp-d16 -mfloat-abi=hard -mthumb -o "Core/Src/main.o"
../Core/Src/main.c: In function 'main':
../Core/Src/main.c:154:28: warning: passing argument 2 of 'HAL_ADC_Start_DMA' from incompatible pointer type [-Wincompatible-pointer-types]
  154 |   HAL_ADC_Start_DMA(&hadc1,InputRead, 200); // DMA Read
      |                            ^~~~~~~~~
      |                            |
      |                            uint16_t * {aka short unsigned int *}
In file included from ../Core/Inc/stm32g4xx_hal_conf.h:228,
                 from ../Drivers/STM32G4xx_HAL_Driver/Inc/stm32g4xx_hal.h:29,
                 from ../Core/Inc/main.h:30,
                 from ../Core/Src/main.c:20:
../Drivers/STM32G4xx_HAL_Driver/Inc/stm32g4xx_hal_adc.h:2242:78: note: expected 'uint32_t *' {aka 'long unsigned int *'} but argument is of type 'uint16_t *' {aka 'short unsigned int *'}
 2242 | HAL_StatusTypeDef       HAL_ADC_Start_DMA(ADC_HandleTypeDef *hadc, uint32_t *pData, uint32_t Length);
      |                                                                    ~~~~~~~~~~^~~~~
../Core/Src/main.c:183:11: warning: implicit declaration of function 'updateInput' [-Wimplicit-function-declaration]
  183 |           updateInput();
      |           ^~~~~~~~~~~
../Core/Src/main.c: At top level:
../Core/Src/main.c:695:6: warning: conflicting types for 'updateInput'; have 'void()'
  695 | void updateInput()
      |      ^~~~~~~~~~~
../Core/Src/main.c:183:11: note: previous implicit declaration of 'updateInput' with type 'void()'
  183 |           updateInput();
      |           ^~~~~~~~~~~
arm-none-eabi-gcc -o "Motor PID Controller.elf" @"objects.list"   -mcpu=cortex-m4 -T"C:\Users\emper\STM32CubeIDE\workspace_1.14.1\FRA222-Lab2\Motor PID Controller\STM32G474RETX_FLASH.ld" --specs=nosys.specs -Wl,-Map="Motor PID Controller.map" -Wl,--gc-sections -static --specs=nano.specs -mfpu=fpv4-sp-d16 -mfloat-abi=hard -mthumb -Wl,--start-group -lc -lm -Wl,--end-group
Finished building target: Motor PID Controller.elf
 
arm-none-eabi-size  Motor\ PID\ Controller.elf 
arm-none-eabi-objdump -h -S Motor\ PID\ Controller.elf  > "Motor PID Controller.list"
   text	   data	    bss	    dec	    hex	filename
  30032	     20	   2824	  32876	   806c	Motor PID Controller.elf
Finished building: default.size.stdout
 
Finished building: Motor PID Controller.list
 
14:46:41 **** Incremental Build of configuration Debug for project Motor PID Controller ****
make -j16 all 
arm-none-eabi-gcc "../Core/Src/main.c" -mcpu=cortex-m4 -std=gnu11 -g3 -DDEBUG -DUSE_HAL_DRIVER -DSTM32G474xx -c -I../Core/Inc -I../Drivers/STM32G4xx_HAL_Driver/Inc -I../Drivers/STM32G4xx_HAL_Driver/Inc/Legacy -I../Drivers/CMSIS/Device/ST/STM32G4xx/Include -I../Drivers/CMSIS/Include -I../Middlewares/Third_Party/ARM_CMSIS/CMSIS/Core/Include/ -I../Middlewares/Third_Party/ARM_CMSIS/PrivateInclude/ -I../Middlewares/Third_Party/ARM_CMSIS/Include/ -I../Middlewares/Third_Party/ARM_CMSIS/Include -I"C:/Users/emper/STM32CubeIDE/workspace_1.14.1/FRA222-Lab2/Motor PID Controller/Source/BasicMathFunctions" -I"C:/Users/emper/STM32CubeIDE/workspace_1.14.1/FRA222-Lab2/Motor PID Controller/Source/BayesFunctions" -I"C:/Users/emper/STM32CubeIDE/workspace_1.14.1/FRA222-Lab2/Motor PID Controller/Source/CommonTables" -I"C:/Users/emper/STM32CubeIDE/workspace_1.14.1/FRA222-Lab2/Motor PID Controller/Source/ComplexMathFunctions" -I"C:/Users/emper/STM32CubeIDE/workspace_1.14.1/FRA222-Lab2/Motor PID Controller/Source/ControllerFunctions" -I"C:/Users/emper/STM32CubeIDE/workspace_1.14.1/FRA222-Lab2/Motor PID Controller/Source/DistanceFunctions" -I"C:/Users/emper/STM32CubeIDE/workspace_1.14.1/FRA222-Lab2/Motor PID Controller/Source/FastMathFunctions" -I"C:/Users/emper/STM32CubeIDE/workspace_1.14.1/FRA222-Lab2/Motor PID Controller/Source/FilteringFunctions" -I"C:/Users/emper/STM32CubeIDE/workspace_1.14.1/FRA222-Lab2/Motor PID Controller/Source/InterpolationFunctions" -I"C:/Users/emper/STM32CubeIDE/workspace_1.14.1/FRA222-Lab2/Motor PID Controller/Source/MatrixFunctions" -I"C:/Users/emper/STM32CubeIDE/workspace_1.14.1/FRA222-Lab2/Motor PID Controller/Source/QuaternionMathFunctions" -I"C:/Users/emper/STM32CubeIDE/workspace_1.14.1/FRA222-Lab2/Motor PID Controller/Source/StatisticsFunctions" -I"C:/Users/emper/STM32CubeIDE/workspace_1.14.1/FRA222-Lab2/Motor PID Controller/Source/SupportFunctions" -I"C:/Users/emper/STM32CubeIDE/workspace_1.14.1/FRA222-Lab2/Motor PID Controller/Source/SVMFunctions" -I"C:/Users/emper/STM32CubeIDE/workspace_1.14.1/FRA222-Lab2/Motor PID Controller/Source/TransformFunctions" -I"C:/Users/emper/STM32CubeIDE/workspace_1.14.1/FRA222-Lab2/Motor PID Controller/Source/WindowFunctions" -O0 -ffunction-sections -fdata-sections -Wall -fstack-usage -fcyclomatic-complexity -MMD -MP -MF"Core/Src/main.d" -MT"Core/Src/main.o" --specs=nano.specs -mfpu=fpv4-sp-d16 -mfloat-abi=hard -mthumb -o "Core/Src/main.o"
../Core/Src/main.c: In function 'main':
../Core/Src/main.c:154:28: warning: passing argument 2 of 'HAL_ADC_Start_DMA' from incompatible pointer type [-Wincompatible-pointer-types]
  154 |   HAL_ADC_Start_DMA(&hadc1,InputRead, 200); // DMA Read
      |                            ^~~~~~~~~
      |                            |
      |                            uint16_t * {aka short unsigned int *}
In file included from ../Core/Inc/stm32g4xx_hal_conf.h:228,
                 from ../Drivers/STM32G4xx_HAL_Driver/Inc/stm32g4xx_hal.h:29,
                 from ../Core/Inc/main.h:30,
                 from ../Core/Src/main.c:20:
../Drivers/STM32G4xx_HAL_Driver/Inc/stm32g4xx_hal_adc.h:2242:78: note: expected 'uint32_t *' {aka 'long unsigned int *'} but argument is of type 'uint16_t *' {aka 'short unsigned int *'}
 2242 | HAL_StatusTypeDef       HAL_ADC_Start_DMA(ADC_HandleTypeDef *hadc, uint32_t *pData, uint32_t Length);
      |                                                                    ~~~~~~~~~~^~~~~
../Core/Src/main.c:183:11: warning: implicit declaration of function 'updateInput' [-Wimplicit-function-declaration]
  183 |           updateInput();
      |           ^~~~~~~~~~~
../Core/Src/main.c: At top level:
../Core/Src/main.c:695:6: warning: conflicting types for 'updateInput'; have 'void()'
  695 | void updateInput()
      |      ^~~~~~~~~~~
../Core/Src/main.c:183:11: note: previous implicit declaration of 'updateInput' with type 'void()'
  183 |           updateInput();
      |           ^~~~~~~~~~~
arm-none-eabi-gcc -o "Motor PID Controller.elf" @"objects.list"   -mcpu=cortex-m4 -T"C:\Users\emper\STM32CubeIDE\workspace_1.14.1\FRA222-Lab2\Motor PID Controller\STM32G474RETX_FLASH.ld" --specs=nosys.specs -Wl,-Map="Motor PID Controller.map" -Wl,--gc-sections -static --specs=nano.specs -mfpu=fpv4-sp-d16 -mfloat-abi=hard -mthumb -Wl,--start-group -lc -lm -Wl,--end-group
Finished building target: Motor PID Controller.elf
 
arm-none-eabi-size  Motor\ PID\ Controller.elf 
arm-none-eabi-objdump -h -S Motor\ PID\ Controller.elf  > "Motor PID Controller.list"
   text	   data	    bss	    dec	    hex	filename
  30036	     20	   2824	  32880	   8070	Motor PID Controller.elf
Finished building: default.size.stdout
 
Finished building: Motor PID Controller.list
 
14:47:34 **** Incremental Build of configuration Debug for project Motor PID Controller ****
make -j16 all 
arm-none-eabi-gcc "../Core/Src/main.c" -mcpu=cortex-m4 -std=gnu11 -g3 -DDEBUG -DUSE_HAL_DRIVER -DSTM32G474xx -c -I../Core/Inc -I../Drivers/STM32G4xx_HAL_Driver/Inc -I../Drivers/STM32G4xx_HAL_Driver/Inc/Legacy -I../Drivers/CMSIS/Device/ST/STM32G4xx/Include -I../Drivers/CMSIS/Include -I../Middlewares/Third_Party/ARM_CMSIS/CMSIS/Core/Include/ -I../Middlewares/Third_Party/ARM_CMSIS/PrivateInclude/ -I../Middlewares/Third_Party/ARM_CMSIS/Include/ -I../Middlewares/Third_Party/ARM_CMSIS/Include -I"C:/Users/emper/STM32CubeIDE/workspace_1.14.1/FRA222-Lab2/Motor PID Controller/Source/BasicMathFunctions" -I"C:/Users/emper/STM32CubeIDE/workspace_1.14.1/FRA222-Lab2/Motor PID Controller/Source/BayesFunctions" -I"C:/Users/emper/STM32CubeIDE/workspace_1.14.1/FRA222-Lab2/Motor PID Controller/Source/CommonTables" -I"C:/Users/emper/STM32CubeIDE/workspace_1.14.1/FRA222-Lab2/Motor PID Controller/Source/ComplexMathFunctions" -I"C:/Users/emper/STM32CubeIDE/workspace_1.14.1/FRA222-Lab2/Motor PID Controller/Source/ControllerFunctions" -I"C:/Users/emper/STM32CubeIDE/workspace_1.14.1/FRA222-Lab2/Motor PID Controller/Source/DistanceFunctions" -I"C:/Users/emper/STM32CubeIDE/workspace_1.14.1/FRA222-Lab2/Motor PID Controller/Source/FastMathFunctions" -I"C:/Users/emper/STM32CubeIDE/workspace_1.14.1/FRA222-Lab2/Motor PID Controller/Source/FilteringFunctions" -I"C:/Users/emper/STM32CubeIDE/workspace_1.14.1/FRA222-Lab2/Motor PID Controller/Source/InterpolationFunctions" -I"C:/Users/emper/STM32CubeIDE/workspace_1.14.1/FRA222-Lab2/Motor PID Controller/Source/MatrixFunctions" -I"C:/Users/emper/STM32CubeIDE/workspace_1.14.1/FRA222-Lab2/Motor PID Controller/Source/QuaternionMathFunctions" -I"C:/Users/emper/STM32CubeIDE/workspace_1.14.1/FRA222-Lab2/Motor PID Controller/Source/StatisticsFunctions" -I"C:/Users/emper/STM32CubeIDE/workspace_1.14.1/FRA222-Lab2/Motor PID Controller/Source/SupportFunctions" -I"C:/Users/emper/STM32CubeIDE/workspace_1.14.1/FRA222-Lab2/Motor PID Controller/Source/SVMFunctions" -I"C:/Users/emper/STM32CubeIDE/workspace_1.14.1/FRA222-Lab2/Motor PID Controller/Source/TransformFunctions" -I"C:/Users/emper/STM32CubeIDE/workspace_1.14.1/FRA222-Lab2/Motor PID Controller/Source/WindowFunctions" -O0 -ffunction-sections -fdata-sections -Wall -fstack-usage -fcyclomatic-complexity -MMD -MP -MF"Core/Src/main.d" -MT"Core/Src/main.o" --specs=nano.specs -mfpu=fpv4-sp-d16 -mfloat-abi=hard -mthumb -o "Core/Src/main.o"
../Core/Src/main.c: In function 'main':
../Core/Src/main.c:154:28: warning: passing argument 2 of 'HAL_ADC_Start_DMA' from incompatible pointer type [-Wincompatible-pointer-types]
  154 |   HAL_ADC_Start_DMA(&hadc1,InputRead, 200); // DMA Read
      |                            ^~~~~~~~~
      |                            |
      |                            uint16_t * {aka short unsigned int *}
In file included from ../Core/Inc/stm32g4xx_hal_conf.h:228,
                 from ../Drivers/STM32G4xx_HAL_Driver/Inc/stm32g4xx_hal.h:29,
                 from ../Core/Inc/main.h:30,
                 from ../Core/Src/main.c:20:
../Drivers/STM32G4xx_HAL_Driver/Inc/stm32g4xx_hal_adc.h:2242:78: note: expected 'uint32_t *' {aka 'long unsigned int *'} but argument is of type 'uint16_t *' {aka 'short unsigned int *'}
 2242 | HAL_StatusTypeDef       HAL_ADC_Start_DMA(ADC_HandleTypeDef *hadc, uint32_t *pData, uint32_t Length);
      |                                                                    ~~~~~~~~~~^~~~~
../Core/Src/main.c:183:11: warning: implicit declaration of function 'updateInput' [-Wimplicit-function-declaration]
  183 |           updateInput();
      |           ^~~~~~~~~~~
../Core/Src/main.c: At top level:
../Core/Src/main.c:695:6: warning: conflicting types for 'updateInput'; have 'void()'
  695 | void updateInput()
      |      ^~~~~~~~~~~
../Core/Src/main.c:183:11: note: previous implicit declaration of 'updateInput' with type 'void()'
  183 |           updateInput();
      |           ^~~~~~~~~~~
arm-none-eabi-gcc -o "Motor PID Controller.elf" @"objects.list"   -mcpu=cortex-m4 -T"C:\Users\emper\STM32CubeIDE\workspace_1.14.1\FRA222-Lab2\Motor PID Controller\STM32G474RETX_FLASH.ld" --specs=nosys.specs -Wl,-Map="Motor PID Controller.map" -Wl,--gc-sections -static --specs=nano.specs -mfpu=fpv4-sp-d16 -mfloat-abi=hard -mthumb -Wl,--start-group -lc -lm -Wl,--end-group
Finished building target: Motor PID Controller.elf
 
arm-none-eabi-size  Motor\ PID\ Controller.elf 
arm-none-eabi-objdump -h -S Motor\ PID\ Controller.elf  > "Motor PID Controller.list"
   text	   data	    bss	    dec	    hex	filename
  30032	     20	   2824	  32876	   806c	Motor PID Controller.elf
Finished building: default.size.stdout
 
Finished building: Motor PID Controller.list
 
14:49:34 **** Incremental Build of configuration Debug for project Motor PID Controller ****
make -j16 all 
arm-none-eabi-gcc "../Core/Src/main.c" -mcpu=cortex-m4 -std=gnu11 -g3 -DDEBUG -DUSE_HAL_DRIVER -DSTM32G474xx -c -I../Core/Inc -I../Drivers/STM32G4xx_HAL_Driver/Inc -I../Drivers/STM32G4xx_HAL_Driver/Inc/Legacy -I../Drivers/CMSIS/Device/ST/STM32G4xx/Include -I../Drivers/CMSIS/Include -I../Middlewares/Third_Party/ARM_CMSIS/CMSIS/Core/Include/ -I../Middlewares/Third_Party/ARM_CMSIS/PrivateInclude/ -I../Middlewares/Third_Party/ARM_CMSIS/Include/ -I../Middlewares/Third_Party/ARM_CMSIS/Include -I"C:/Users/emper/STM32CubeIDE/workspace_1.14.1/FRA222-Lab2/Motor PID Controller/Source/BasicMathFunctions" -I"C:/Users/emper/STM32CubeIDE/workspace_1.14.1/FRA222-Lab2/Motor PID Controller/Source/BayesFunctions" -I"C:/Users/emper/STM32CubeIDE/workspace_1.14.1/FRA222-Lab2/Motor PID Controller/Source/CommonTables" -I"C:/Users/emper/STM32CubeIDE/workspace_1.14.1/FRA222-Lab2/Motor PID Controller/Source/ComplexMathFunctions" -I"C:/Users/emper/STM32CubeIDE/workspace_1.14.1/FRA222-Lab2/Motor PID Controller/Source/ControllerFunctions" -I"C:/Users/emper/STM32CubeIDE/workspace_1.14.1/FRA222-Lab2/Motor PID Controller/Source/DistanceFunctions" -I"C:/Users/emper/STM32CubeIDE/workspace_1.14.1/FRA222-Lab2/Motor PID Controller/Source/FastMathFunctions" -I"C:/Users/emper/STM32CubeIDE/workspace_1.14.1/FRA222-Lab2/Motor PID Controller/Source/FilteringFunctions" -I"C:/Users/emper/STM32CubeIDE/workspace_1.14.1/FRA222-Lab2/Motor PID Controller/Source/InterpolationFunctions" -I"C:/Users/emper/STM32CubeIDE/workspace_1.14.1/FRA222-Lab2/Motor PID Controller/Source/MatrixFunctions" -I"C:/Users/emper/STM32CubeIDE/workspace_1.14.1/FRA222-Lab2/Motor PID Controller/Source/QuaternionMathFunctions" -I"C:/Users/emper/STM32CubeIDE/workspace_1.14.1/FRA222-Lab2/Motor PID Controller/Source/StatisticsFunctions" -I"C:/Users/emper/STM32CubeIDE/workspace_1.14.1/FRA222-Lab2/Motor PID Controller/Source/SupportFunctions" -I"C:/Users/emper/STM32CubeIDE/workspace_1.14.1/FRA222-Lab2/Motor PID Controller/Source/SVMFunctions" -I"C:/Users/emper/STM32CubeIDE/workspace_1.14.1/FRA222-Lab2/Motor PID Controller/Source/TransformFunctions" -I"C:/Users/emper/STM32CubeIDE/workspace_1.14.1/FRA222-Lab2/Motor PID Controller/Source/WindowFunctions" -O0 -ffunction-sections -fdata-sections -Wall -fstack-usage -fcyclomatic-complexity -MMD -MP -MF"Core/Src/main.d" -MT"Core/Src/main.o" --specs=nano.specs -mfpu=fpv4-sp-d16 -mfloat-abi=hard -mthumb -o "Core/Src/main.o"
../Core/Src/main.c: In function 'main':
../Core/Src/main.c:154:28: warning: passing argument 2 of 'HAL_ADC_Start_DMA' from incompatible pointer type [-Wincompatible-pointer-types]
  154 |   HAL_ADC_Start_DMA(&hadc1,InputRead, 200); // DMA Read
      |                            ^~~~~~~~~
      |                            |
      |                            uint16_t * {aka short unsigned int *}
In file included from ../Core/Inc/stm32g4xx_hal_conf.h:228,
                 from ../Drivers/STM32G4xx_HAL_Driver/Inc/stm32g4xx_hal.h:29,
                 from ../Core/Inc/main.h:30,
                 from ../Core/Src/main.c:20:
../Drivers/STM32G4xx_HAL_Driver/Inc/stm32g4xx_hal_adc.h:2242:78: note: expected 'uint32_t *' {aka 'long unsigned int *'} but argument is of type 'uint16_t *' {aka 'short unsigned int *'}
 2242 | HAL_StatusTypeDef       HAL_ADC_Start_DMA(ADC_HandleTypeDef *hadc, uint32_t *pData, uint32_t Length);
      |                                                                    ~~~~~~~~~~^~~~~
../Core/Src/main.c:183:11: warning: implicit declaration of function 'updateInput' [-Wimplicit-function-declaration]
  183 |           updateInput();
      |           ^~~~~~~~~~~
../Core/Src/main.c: At top level:
../Core/Src/main.c:693:6: warning: conflicting types for 'updateInput'; have 'void()'
  693 | void updateInput()
      |      ^~~~~~~~~~~
../Core/Src/main.c:183:11: note: previous implicit declaration of 'updateInput' with type 'void()'
  183 |           updateInput();
      |           ^~~~~~~~~~~
arm-none-eabi-gcc -o "Motor PID Controller.elf" @"objects.list"   -mcpu=cortex-m4 -T"C:\Users\emper\STM32CubeIDE\workspace_1.14.1\FRA222-Lab2\Motor PID Controller\STM32G474RETX_FLASH.ld" --specs=nosys.specs -Wl,-Map="Motor PID Controller.map" -Wl,--gc-sections -static --specs=nano.specs -mfpu=fpv4-sp-d16 -mfloat-abi=hard -mthumb -Wl,--start-group -lc -lm -Wl,--end-group
Finished building target: Motor PID Controller.elf
 
arm-none-eabi-size  Motor\ PID\ Controller.elf 
arm-none-eabi-objdump -h -S Motor\ PID\ Controller.elf  > "Motor PID Controller.list"
   text	   data	    bss	    dec	    hex	filename
  30032	     24	   2816	  32872	   8068	Motor PID Controller.elf
Finished building: default.size.stdout
 
Finished building: Motor PID Controller.list
 
14:50:20 **** Incremental Build of configuration Debug for project Motor PID Controller ****
make -j16 all 
arm-none-eabi-gcc "../Core/Src/main.c" -mcpu=cortex-m4 -std=gnu11 -g3 -DDEBUG -DUSE_HAL_DRIVER -DSTM32G474xx -c -I../Core/Inc -I../Drivers/STM32G4xx_HAL_Driver/Inc -I../Drivers/STM32G4xx_HAL_Driver/Inc/Legacy -I../Drivers/CMSIS/Device/ST/STM32G4xx/Include -I../Drivers/CMSIS/Include -I../Middlewares/Third_Party/ARM_CMSIS/CMSIS/Core/Include/ -I../Middlewares/Third_Party/ARM_CMSIS/PrivateInclude/ -I../Middlewares/Third_Party/ARM_CMSIS/Include/ -I../Middlewares/Third_Party/ARM_CMSIS/Include -I"C:/Users/emper/STM32CubeIDE/workspace_1.14.1/FRA222-Lab2/Motor PID Controller/Source/BasicMathFunctions" -I"C:/Users/emper/STM32CubeIDE/workspace_1.14.1/FRA222-Lab2/Motor PID Controller/Source/BayesFunctions" -I"C:/Users/emper/STM32CubeIDE/workspace_1.14.1/FRA222-Lab2/Motor PID Controller/Source/CommonTables" -I"C:/Users/emper/STM32CubeIDE/workspace_1.14.1/FRA222-Lab2/Motor PID Controller/Source/ComplexMathFunctions" -I"C:/Users/emper/STM32CubeIDE/workspace_1.14.1/FRA222-Lab2/Motor PID Controller/Source/ControllerFunctions" -I"C:/Users/emper/STM32CubeIDE/workspace_1.14.1/FRA222-Lab2/Motor PID Controller/Source/DistanceFunctions" -I"C:/Users/emper/STM32CubeIDE/workspace_1.14.1/FRA222-Lab2/Motor PID Controller/Source/FastMathFunctions" -I"C:/Users/emper/STM32CubeIDE/workspace_1.14.1/FRA222-Lab2/Motor PID Controller/Source/FilteringFunctions" -I"C:/Users/emper/STM32CubeIDE/workspace_1.14.1/FRA222-Lab2/Motor PID Controller/Source/InterpolationFunctions" -I"C:/Users/emper/STM32CubeIDE/workspace_1.14.1/FRA222-Lab2/Motor PID Controller/Source/MatrixFunctions" -I"C:/Users/emper/STM32CubeIDE/workspace_1.14.1/FRA222-Lab2/Motor PID Controller/Source/QuaternionMathFunctions" -I"C:/Users/emper/STM32CubeIDE/workspace_1.14.1/FRA222-Lab2/Motor PID Controller/Source/StatisticsFunctions" -I"C:/Users/emper/STM32CubeIDE/workspace_1.14.1/FRA222-Lab2/Motor PID Controller/Source/SupportFunctions" -I"C:/Users/emper/STM32CubeIDE/workspace_1.14.1/FRA222-Lab2/Motor PID Controller/Source/SVMFunctions" -I"C:/Users/emper/STM32CubeIDE/workspace_1.14.1/FRA222-Lab2/Motor PID Controller/Source/TransformFunctions" -I"C:/Users/emper/STM32CubeIDE/workspace_1.14.1/FRA222-Lab2/Motor PID Controller/Source/WindowFunctions" -O0 -ffunction-sections -fdata-sections -Wall -fstack-usage -fcyclomatic-complexity -MMD -MP -MF"Core/Src/main.d" -MT"Core/Src/main.o" --specs=nano.specs -mfpu=fpv4-sp-d16 -mfloat-abi=hard -mthumb -o "Core/Src/main.o"
../Core/Src/main.c: In function 'main':
../Core/Src/main.c:154:28: warning: passing argument 2 of 'HAL_ADC_Start_DMA' from incompatible pointer type [-Wincompatible-pointer-types]
  154 |   HAL_ADC_Start_DMA(&hadc1,InputRead, 200); // DMA Read
      |                            ^~~~~~~~~
      |                            |
      |                            uint16_t * {aka short unsigned int *}
In file included from ../Core/Inc/stm32g4xx_hal_conf.h:228,
                 from ../Drivers/STM32G4xx_HAL_Driver/Inc/stm32g4xx_hal.h:29,
                 from ../Core/Inc/main.h:30,
                 from ../Core/Src/main.c:20:
../Drivers/STM32G4xx_HAL_Driver/Inc/stm32g4xx_hal_adc.h:2242:78: note: expected 'uint32_t *' {aka 'long unsigned int *'} but argument is of type 'uint16_t *' {aka 'short unsigned int *'}
 2242 | HAL_StatusTypeDef       HAL_ADC_Start_DMA(ADC_HandleTypeDef *hadc, uint32_t *pData, uint32_t Length);
      |                                                                    ~~~~~~~~~~^~~~~
../Core/Src/main.c:183:11: warning: implicit declaration of function 'updateInput' [-Wimplicit-function-declaration]
  183 |           updateInput();
      |           ^~~~~~~~~~~
../Core/Src/main.c: At top level:
../Core/Src/main.c:693:6: warning: conflicting types for 'updateInput'; have 'void()'
  693 | void updateInput()
      |      ^~~~~~~~~~~
../Core/Src/main.c:183:11: note: previous implicit declaration of 'updateInput' with type 'void()'
  183 |           updateInput();
      |           ^~~~~~~~~~~
arm-none-eabi-gcc -o "Motor PID Controller.elf" @"objects.list"   -mcpu=cortex-m4 -T"C:\Users\emper\STM32CubeIDE\workspace_1.14.1\FRA222-Lab2\Motor PID Controller\STM32G474RETX_FLASH.ld" --specs=nosys.specs -Wl,-Map="Motor PID Controller.map" -Wl,--gc-sections -static --specs=nano.specs -mfpu=fpv4-sp-d16 -mfloat-abi=hard -mthumb -Wl,--start-group -lc -lm -Wl,--end-group
Finished building target: Motor PID Controller.elf
 
arm-none-eabi-size  Motor\ PID\ Controller.elf 
arm-none-eabi-objdump -h -S Motor\ PID\ Controller.elf  > "Motor PID Controller.list"
   text	   data	    bss	    dec	    hex	filename
  30032	     24	   2816	  32872	   8068	Motor PID Controller.elf
Finished building: default.size.stdout
 
Finished building: Motor PID Controller.list
 
14:51:55 **** Incremental Build of configuration Debug for project Motor PID Controller ****
make -j16 all 
arm-none-eabi-gcc "../Core/Src/main.c" -mcpu=cortex-m4 -std=gnu11 -g3 -DDEBUG -DUSE_HAL_DRIVER -DSTM32G474xx -c -I../Core/Inc -I../Drivers/STM32G4xx_HAL_Driver/Inc -I../Drivers/STM32G4xx_HAL_Driver/Inc/Legacy -I../Drivers/CMSIS/Device/ST/STM32G4xx/Include -I../Drivers/CMSIS/Include -I../Middlewares/Third_Party/ARM_CMSIS/CMSIS/Core/Include/ -I../Middlewares/Third_Party/ARM_CMSIS/PrivateInclude/ -I../Middlewares/Third_Party/ARM_CMSIS/Include/ -I../Middlewares/Third_Party/ARM_CMSIS/Include -I"C:/Users/emper/STM32CubeIDE/workspace_1.14.1/FRA222-Lab2/Motor PID Controller/Source/BasicMathFunctions" -I"C:/Users/emper/STM32CubeIDE/workspace_1.14.1/FRA222-Lab2/Motor PID Controller/Source/BayesFunctions" -I"C:/Users/emper/STM32CubeIDE/workspace_1.14.1/FRA222-Lab2/Motor PID Controller/Source/CommonTables" -I"C:/Users/emper/STM32CubeIDE/workspace_1.14.1/FRA222-Lab2/Motor PID Controller/Source/ComplexMathFunctions" -I"C:/Users/emper/STM32CubeIDE/workspace_1.14.1/FRA222-Lab2/Motor PID Controller/Source/ControllerFunctions" -I"C:/Users/emper/STM32CubeIDE/workspace_1.14.1/FRA222-Lab2/Motor PID Controller/Source/DistanceFunctions" -I"C:/Users/emper/STM32CubeIDE/workspace_1.14.1/FRA222-Lab2/Motor PID Controller/Source/FastMathFunctions" -I"C:/Users/emper/STM32CubeIDE/workspace_1.14.1/FRA222-Lab2/Motor PID Controller/Source/FilteringFunctions" -I"C:/Users/emper/STM32CubeIDE/workspace_1.14.1/FRA222-Lab2/Motor PID Controller/Source/InterpolationFunctions" -I"C:/Users/emper/STM32CubeIDE/workspace_1.14.1/FRA222-Lab2/Motor PID Controller/Source/MatrixFunctions" -I"C:/Users/emper/STM32CubeIDE/workspace_1.14.1/FRA222-Lab2/Motor PID Controller/Source/QuaternionMathFunctions" -I"C:/Users/emper/STM32CubeIDE/workspace_1.14.1/FRA222-Lab2/Motor PID Controller/Source/StatisticsFunctions" -I"C:/Users/emper/STM32CubeIDE/workspace_1.14.1/FRA222-Lab2/Motor PID Controller/Source/SupportFunctions" -I"C:/Users/emper/STM32CubeIDE/workspace_1.14.1/FRA222-Lab2/Motor PID Controller/Source/SVMFunctions" -I"C:/Users/emper/STM32CubeIDE/workspace_1.14.1/FRA222-Lab2/Motor PID Controller/Source/TransformFunctions" -I"C:/Users/emper/STM32CubeIDE/workspace_1.14.1/FRA222-Lab2/Motor PID Controller/Source/WindowFunctions" -O0 -ffunction-sections -fdata-sections -Wall -fstack-usage -fcyclomatic-complexity -MMD -MP -MF"Core/Src/main.d" -MT"Core/Src/main.o" --specs=nano.specs -mfpu=fpv4-sp-d16 -mfloat-abi=hard -mthumb -o "Core/Src/main.o"
../Core/Src/main.c: In function 'main':
../Core/Src/main.c:154:28: warning: passing argument 2 of 'HAL_ADC_Start_DMA' from incompatible pointer type [-Wincompatible-pointer-types]
  154 |   HAL_ADC_Start_DMA(&hadc1,InputRead, 200); // DMA Read
      |                            ^~~~~~~~~
      |                            |
      |                            uint16_t * {aka short unsigned int *}
In file included from ../Core/Inc/stm32g4xx_hal_conf.h:228,
                 from ../Drivers/STM32G4xx_HAL_Driver/Inc/stm32g4xx_hal.h:29,
                 from ../Core/Inc/main.h:30,
                 from ../Core/Src/main.c:20:
../Drivers/STM32G4xx_HAL_Driver/Inc/stm32g4xx_hal_adc.h:2242:78: note: expected 'uint32_t *' {aka 'long unsigned int *'} but argument is of type 'uint16_t *' {aka 'short unsigned int *'}
 2242 | HAL_StatusTypeDef       HAL_ADC_Start_DMA(ADC_HandleTypeDef *hadc, uint32_t *pData, uint32_t Length);
      |                                                                    ~~~~~~~~~~^~~~~
../Core/Src/main.c:183:11: warning: implicit declaration of function 'updateInput' [-Wimplicit-function-declaration]
  183 |           updateInput();
      |           ^~~~~~~~~~~
../Core/Src/main.c: At top level:
../Core/Src/main.c:693:6: warning: conflicting types for 'updateInput'; have 'void()'
  693 | void updateInput()
      |      ^~~~~~~~~~~
../Core/Src/main.c:183:11: note: previous implicit declaration of 'updateInput' with type 'void()'
  183 |           updateInput();
      |           ^~~~~~~~~~~
arm-none-eabi-gcc -o "Motor PID Controller.elf" @"objects.list"   -mcpu=cortex-m4 -T"C:\Users\emper\STM32CubeIDE\workspace_1.14.1\FRA222-Lab2\Motor PID Controller\STM32G474RETX_FLASH.ld" --specs=nosys.specs -Wl,-Map="Motor PID Controller.map" -Wl,--gc-sections -static --specs=nano.specs -mfpu=fpv4-sp-d16 -mfloat-abi=hard -mthumb -Wl,--start-group -lc -lm -Wl,--end-group
Finished building target: Motor PID Controller.elf
 
arm-none-eabi-size  Motor\ PID\ Controller.elf 
arm-none-eabi-objdump -h -S Motor\ PID\ Controller.elf  > "Motor PID Controller.list"
   text	   data	    bss	    dec	    hex	filename
  30032	     24	   2816	  32872	   8068	Motor PID Controller.elf
Finished building: default.size.stdout
 
Finished building: Motor PID Controller.list
 
14:52:58 **** Incremental Build of configuration Debug for project Motor PID Controller ****
make -j16 all 
arm-none-eabi-gcc "../Core/Src/main.c" -mcpu=cortex-m4 -std=gnu11 -g3 -DDEBUG -DUSE_HAL_DRIVER -DSTM32G474xx -c -I../Core/Inc -I../Drivers/STM32G4xx_HAL_Driver/Inc -I../Drivers/STM32G4xx_HAL_Driver/Inc/Legacy -I../Drivers/CMSIS/Device/ST/STM32G4xx/Include -I../Drivers/CMSIS/Include -I../Middlewares/Third_Party/ARM_CMSIS/CMSIS/Core/Include/ -I../Middlewares/Third_Party/ARM_CMSIS/PrivateInclude/ -I../Middlewares/Third_Party/ARM_CMSIS/Include/ -I../Middlewares/Third_Party/ARM_CMSIS/Include -I"C:/Users/emper/STM32CubeIDE/workspace_1.14.1/FRA222-Lab2/Motor PID Controller/Source/BasicMathFunctions" -I"C:/Users/emper/STM32CubeIDE/workspace_1.14.1/FRA222-Lab2/Motor PID Controller/Source/BayesFunctions" -I"C:/Users/emper/STM32CubeIDE/workspace_1.14.1/FRA222-Lab2/Motor PID Controller/Source/CommonTables" -I"C:/Users/emper/STM32CubeIDE/workspace_1.14.1/FRA222-Lab2/Motor PID Controller/Source/ComplexMathFunctions" -I"C:/Users/emper/STM32CubeIDE/workspace_1.14.1/FRA222-Lab2/Motor PID Controller/Source/ControllerFunctions" -I"C:/Users/emper/STM32CubeIDE/workspace_1.14.1/FRA222-Lab2/Motor PID Controller/Source/DistanceFunctions" -I"C:/Users/emper/STM32CubeIDE/workspace_1.14.1/FRA222-Lab2/Motor PID Controller/Source/FastMathFunctions" -I"C:/Users/emper/STM32CubeIDE/workspace_1.14.1/FRA222-Lab2/Motor PID Controller/Source/FilteringFunctions" -I"C:/Users/emper/STM32CubeIDE/workspace_1.14.1/FRA222-Lab2/Motor PID Controller/Source/InterpolationFunctions" -I"C:/Users/emper/STM32CubeIDE/workspace_1.14.1/FRA222-Lab2/Motor PID Controller/Source/MatrixFunctions" -I"C:/Users/emper/STM32CubeIDE/workspace_1.14.1/FRA222-Lab2/Motor PID Controller/Source/QuaternionMathFunctions" -I"C:/Users/emper/STM32CubeIDE/workspace_1.14.1/FRA222-Lab2/Motor PID Controller/Source/StatisticsFunctions" -I"C:/Users/emper/STM32CubeIDE/workspace_1.14.1/FRA222-Lab2/Motor PID Controller/Source/SupportFunctions" -I"C:/Users/emper/STM32CubeIDE/workspace_1.14.1/FRA222-Lab2/Motor PID Controller/Source/SVMFunctions" -I"C:/Users/emper/STM32CubeIDE/workspace_1.14.1/FRA222-Lab2/Motor PID Controller/Source/TransformFunctions" -I"C:/Users/emper/STM32CubeIDE/workspace_1.14.1/FRA222-Lab2/Motor PID Controller/Source/WindowFunctions" -O0 -ffunction-sections -fdata-sections -Wall -fstack-usage -fcyclomatic-complexity -MMD -MP -MF"Core/Src/main.d" -MT"Core/Src/main.o" --specs=nano.specs -mfpu=fpv4-sp-d16 -mfloat-abi=hard -mthumb -o "Core/Src/main.o"
../Core/Src/main.c: In function 'main':
../Core/Src/main.c:154:28: warning: passing argument 2 of 'HAL_ADC_Start_DMA' from incompatible pointer type [-Wincompatible-pointer-types]
  154 |   HAL_ADC_Start_DMA(&hadc1,InputRead, 200); // DMA Read
      |                            ^~~~~~~~~
      |                            |
      |                            uint16_t * {aka short unsigned int *}
In file included from ../Core/Inc/stm32g4xx_hal_conf.h:228,
                 from ../Drivers/STM32G4xx_HAL_Driver/Inc/stm32g4xx_hal.h:29,
                 from ../Core/Inc/main.h:30,
                 from ../Core/Src/main.c:20:
../Drivers/STM32G4xx_HAL_Driver/Inc/stm32g4xx_hal_adc.h:2242:78: note: expected 'uint32_t *' {aka 'long unsigned int *'} but argument is of type 'uint16_t *' {aka 'short unsigned int *'}
 2242 | HAL_StatusTypeDef       HAL_ADC_Start_DMA(ADC_HandleTypeDef *hadc, uint32_t *pData, uint32_t Length);
      |                                                                    ~~~~~~~~~~^~~~~
../Core/Src/main.c:183:11: warning: implicit declaration of function 'updateInput' [-Wimplicit-function-declaration]
  183 |           updateInput();
      |           ^~~~~~~~~~~
../Core/Src/main.c: At top level:
../Core/Src/main.c:693:6: warning: conflicting types for 'updateInput'; have 'void()'
  693 | void updateInput()
      |      ^~~~~~~~~~~
../Core/Src/main.c:183:11: note: previous implicit declaration of 'updateInput' with type 'void()'
  183 |           updateInput();
      |           ^~~~~~~~~~~
arm-none-eabi-gcc -o "Motor PID Controller.elf" @"objects.list"   -mcpu=cortex-m4 -T"C:\Users\emper\STM32CubeIDE\workspace_1.14.1\FRA222-Lab2\Motor PID Controller\STM32G474RETX_FLASH.ld" --specs=nosys.specs -Wl,-Map="Motor PID Controller.map" -Wl,--gc-sections -static --specs=nano.specs -mfpu=fpv4-sp-d16 -mfloat-abi=hard -mthumb -Wl,--start-group -lc -lm -Wl,--end-group
Finished building target: Motor PID Controller.elf
 
arm-none-eabi-size  Motor\ PID\ Controller.elf 
arm-none-eabi-objdump -h -S Motor\ PID\ Controller.elf  > "Motor PID Controller.list"
   text	   data	    bss	    dec	    hex	filename
  30032	     24	   2816	  32872	   8068	Motor PID Controller.elf
Finished building: default.size.stdout
 
Finished building: Motor PID Controller.list
 
14:53:29 **** Incremental Build of configuration Debug for project Motor PID Controller ****
make -j16 all 
arm-none-eabi-gcc "../Core/Src/main.c" -mcpu=cortex-m4 -std=gnu11 -g3 -DDEBUG -DUSE_HAL_DRIVER -DSTM32G474xx -c -I../Core/Inc -I../Drivers/STM32G4xx_HAL_Driver/Inc -I../Drivers/STM32G4xx_HAL_Driver/Inc/Legacy -I../Drivers/CMSIS/Device/ST/STM32G4xx/Include -I../Drivers/CMSIS/Include -I../Middlewares/Third_Party/ARM_CMSIS/CMSIS/Core/Include/ -I../Middlewares/Third_Party/ARM_CMSIS/PrivateInclude/ -I../Middlewares/Third_Party/ARM_CMSIS/Include/ -I../Middlewares/Third_Party/ARM_CMSIS/Include -I"C:/Users/emper/STM32CubeIDE/workspace_1.14.1/FRA222-Lab2/Motor PID Controller/Source/BasicMathFunctions" -I"C:/Users/emper/STM32CubeIDE/workspace_1.14.1/FRA222-Lab2/Motor PID Controller/Source/BayesFunctions" -I"C:/Users/emper/STM32CubeIDE/workspace_1.14.1/FRA222-Lab2/Motor PID Controller/Source/CommonTables" -I"C:/Users/emper/STM32CubeIDE/workspace_1.14.1/FRA222-Lab2/Motor PID Controller/Source/ComplexMathFunctions" -I"C:/Users/emper/STM32CubeIDE/workspace_1.14.1/FRA222-Lab2/Motor PID Controller/Source/ControllerFunctions" -I"C:/Users/emper/STM32CubeIDE/workspace_1.14.1/FRA222-Lab2/Motor PID Controller/Source/DistanceFunctions" -I"C:/Users/emper/STM32CubeIDE/workspace_1.14.1/FRA222-Lab2/Motor PID Controller/Source/FastMathFunctions" -I"C:/Users/emper/STM32CubeIDE/workspace_1.14.1/FRA222-Lab2/Motor PID Controller/Source/FilteringFunctions" -I"C:/Users/emper/STM32CubeIDE/workspace_1.14.1/FRA222-Lab2/Motor PID Controller/Source/InterpolationFunctions" -I"C:/Users/emper/STM32CubeIDE/workspace_1.14.1/FRA222-Lab2/Motor PID Controller/Source/MatrixFunctions" -I"C:/Users/emper/STM32CubeIDE/workspace_1.14.1/FRA222-Lab2/Motor PID Controller/Source/QuaternionMathFunctions" -I"C:/Users/emper/STM32CubeIDE/workspace_1.14.1/FRA222-Lab2/Motor PID Controller/Source/StatisticsFunctions" -I"C:/Users/emper/STM32CubeIDE/workspace_1.14.1/FRA222-Lab2/Motor PID Controller/Source/SupportFunctions" -I"C:/Users/emper/STM32CubeIDE/workspace_1.14.1/FRA222-Lab2/Motor PID Controller/Source/SVMFunctions" -I"C:/Users/emper/STM32CubeIDE/workspace_1.14.1/FRA222-Lab2/Motor PID Controller/Source/TransformFunctions" -I"C:/Users/emper/STM32CubeIDE/workspace_1.14.1/FRA222-Lab2/Motor PID Controller/Source/WindowFunctions" -O0 -ffunction-sections -fdata-sections -Wall -fstack-usage -fcyclomatic-complexity -MMD -MP -MF"Core/Src/main.d" -MT"Core/Src/main.o" --specs=nano.specs -mfpu=fpv4-sp-d16 -mfloat-abi=hard -mthumb -o "Core/Src/main.o"
../Core/Src/main.c: In function 'main':
../Core/Src/main.c:154:28: warning: passing argument 2 of 'HAL_ADC_Start_DMA' from incompatible pointer type [-Wincompatible-pointer-types]
  154 |   HAL_ADC_Start_DMA(&hadc1,InputRead, 200); // DMA Read
      |                            ^~~~~~~~~
      |                            |
      |                            uint16_t * {aka short unsigned int *}
In file included from ../Core/Inc/stm32g4xx_hal_conf.h:228,
                 from ../Drivers/STM32G4xx_HAL_Driver/Inc/stm32g4xx_hal.h:29,
                 from ../Core/Inc/main.h:30,
                 from ../Core/Src/main.c:20:
../Drivers/STM32G4xx_HAL_Driver/Inc/stm32g4xx_hal_adc.h:2242:78: note: expected 'uint32_t *' {aka 'long unsigned int *'} but argument is of type 'uint16_t *' {aka 'short unsigned int *'}
 2242 | HAL_StatusTypeDef       HAL_ADC_Start_DMA(ADC_HandleTypeDef *hadc, uint32_t *pData, uint32_t Length);
      |                                                                    ~~~~~~~~~~^~~~~
../Core/Src/main.c:183:11: warning: implicit declaration of function 'updateInput' [-Wimplicit-function-declaration]
  183 |           updateInput();
      |           ^~~~~~~~~~~
../Core/Src/main.c: At top level:
../Core/Src/main.c:693:6: warning: conflicting types for 'updateInput'; have 'void()'
  693 | void updateInput()
      |      ^~~~~~~~~~~
../Core/Src/main.c:183:11: note: previous implicit declaration of 'updateInput' with type 'void()'
  183 |           updateInput();
      |           ^~~~~~~~~~~
arm-none-eabi-gcc -o "Motor PID Controller.elf" @"objects.list"   -mcpu=cortex-m4 -T"C:\Users\emper\STM32CubeIDE\workspace_1.14.1\FRA222-Lab2\Motor PID Controller\STM32G474RETX_FLASH.ld" --specs=nosys.specs -Wl,-Map="Motor PID Controller.map" -Wl,--gc-sections -static --specs=nano.specs -mfpu=fpv4-sp-d16 -mfloat-abi=hard -mthumb -Wl,--start-group -lc -lm -Wl,--end-group
Finished building target: Motor PID Controller.elf
 
arm-none-eabi-size  Motor\ PID\ Controller.elf 
arm-none-eabi-objdump -h -S Motor\ PID\ Controller.elf  > "Motor PID Controller.list"
   text	   data	    bss	    dec	    hex	filename
  30032	     24	   2816	  32872	   8068	Motor PID Controller.elf
Finished building: default.size.stdout
 
Finished building: Motor PID Controller.list
 
14:55:46 **** Incremental Build of configuration Debug for project Motor PID Controller ****
make -j16 all 
arm-none-eabi-gcc "../Core/Src/main.c" -mcpu=cortex-m4 -std=gnu11 -g3 -DDEBUG -DUSE_HAL_DRIVER -DSTM32G474xx -c -I../Core/Inc -I../Drivers/STM32G4xx_HAL_Driver/Inc -I../Drivers/STM32G4xx_HAL_Driver/Inc/Legacy -I../Drivers/CMSIS/Device/ST/STM32G4xx/Include -I../Drivers/CMSIS/Include -I../Middlewares/Third_Party/ARM_CMSIS/CMSIS/Core/Include/ -I../Middlewares/Third_Party/ARM_CMSIS/PrivateInclude/ -I../Middlewares/Third_Party/ARM_CMSIS/Include/ -I../Middlewares/Third_Party/ARM_CMSIS/Include -I"C:/Users/emper/STM32CubeIDE/workspace_1.14.1/FRA222-Lab2/Motor PID Controller/Source/BasicMathFunctions" -I"C:/Users/emper/STM32CubeIDE/workspace_1.14.1/FRA222-Lab2/Motor PID Controller/Source/BayesFunctions" -I"C:/Users/emper/STM32CubeIDE/workspace_1.14.1/FRA222-Lab2/Motor PID Controller/Source/CommonTables" -I"C:/Users/emper/STM32CubeIDE/workspace_1.14.1/FRA222-Lab2/Motor PID Controller/Source/ComplexMathFunctions" -I"C:/Users/emper/STM32CubeIDE/workspace_1.14.1/FRA222-Lab2/Motor PID Controller/Source/ControllerFunctions" -I"C:/Users/emper/STM32CubeIDE/workspace_1.14.1/FRA222-Lab2/Motor PID Controller/Source/DistanceFunctions" -I"C:/Users/emper/STM32CubeIDE/workspace_1.14.1/FRA222-Lab2/Motor PID Controller/Source/FastMathFunctions" -I"C:/Users/emper/STM32CubeIDE/workspace_1.14.1/FRA222-Lab2/Motor PID Controller/Source/FilteringFunctions" -I"C:/Users/emper/STM32CubeIDE/workspace_1.14.1/FRA222-Lab2/Motor PID Controller/Source/InterpolationFunctions" -I"C:/Users/emper/STM32CubeIDE/workspace_1.14.1/FRA222-Lab2/Motor PID Controller/Source/MatrixFunctions" -I"C:/Users/emper/STM32CubeIDE/workspace_1.14.1/FRA222-Lab2/Motor PID Controller/Source/QuaternionMathFunctions" -I"C:/Users/emper/STM32CubeIDE/workspace_1.14.1/FRA222-Lab2/Motor PID Controller/Source/StatisticsFunctions" -I"C:/Users/emper/STM32CubeIDE/workspace_1.14.1/FRA222-Lab2/Motor PID Controller/Source/SupportFunctions" -I"C:/Users/emper/STM32CubeIDE/workspace_1.14.1/FRA222-Lab2/Motor PID Controller/Source/SVMFunctions" -I"C:/Users/emper/STM32CubeIDE/workspace_1.14.1/FRA222-Lab2/Motor PID Controller/Source/TransformFunctions" -I"C:/Users/emper/STM32CubeIDE/workspace_1.14.1/FRA222-Lab2/Motor PID Controller/Source/WindowFunctions" -O0 -ffunction-sections -fdata-sections -Wall -fstack-usage -fcyclomatic-complexity -MMD -MP -MF"Core/Src/main.d" -MT"Core/Src/main.o" --specs=nano.specs -mfpu=fpv4-sp-d16 -mfloat-abi=hard -mthumb -o "Core/Src/main.o"
../Core/Src/main.c: In function 'main':
../Core/Src/main.c:154:28: warning: passing argument 2 of 'HAL_ADC_Start_DMA' from incompatible pointer type [-Wincompatible-pointer-types]
  154 |   HAL_ADC_Start_DMA(&hadc1,InputRead, 200); // DMA Read
      |                            ^~~~~~~~~
      |                            |
      |                            uint16_t * {aka short unsigned int *}
In file included from ../Core/Inc/stm32g4xx_hal_conf.h:228,
                 from ../Drivers/STM32G4xx_HAL_Driver/Inc/stm32g4xx_hal.h:29,
                 from ../Core/Inc/main.h:30,
                 from ../Core/Src/main.c:20:
../Drivers/STM32G4xx_HAL_Driver/Inc/stm32g4xx_hal_adc.h:2242:78: note: expected 'uint32_t *' {aka 'long unsigned int *'} but argument is of type 'uint16_t *' {aka 'short unsigned int *'}
 2242 | HAL_StatusTypeDef       HAL_ADC_Start_DMA(ADC_HandleTypeDef *hadc, uint32_t *pData, uint32_t Length);
      |                                                                    ~~~~~~~~~~^~~~~
../Core/Src/main.c:183:11: warning: implicit declaration of function 'updateInput' [-Wimplicit-function-declaration]
  183 |           updateInput();
      |           ^~~~~~~~~~~
../Core/Src/main.c: At top level:
../Core/Src/main.c:693:6: warning: conflicting types for 'updateInput'; have 'void()'
  693 | void updateInput()
      |      ^~~~~~~~~~~
../Core/Src/main.c:183:11: note: previous implicit declaration of 'updateInput' with type 'void()'
  183 |           updateInput();
      |           ^~~~~~~~~~~
arm-none-eabi-gcc -o "Motor PID Controller.elf" @"objects.list"   -mcpu=cortex-m4 -T"C:\Users\emper\STM32CubeIDE\workspace_1.14.1\FRA222-Lab2\Motor PID Controller\STM32G474RETX_FLASH.ld" --specs=nosys.specs -Wl,-Map="Motor PID Controller.map" -Wl,--gc-sections -static --specs=nano.specs -mfpu=fpv4-sp-d16 -mfloat-abi=hard -mthumb -Wl,--start-group -lc -lm -Wl,--end-group
Finished building target: Motor PID Controller.elf
 
arm-none-eabi-size  Motor\ PID\ Controller.elf 
arm-none-eabi-objdump -h -S Motor\ PID\ Controller.elf  > "Motor PID Controller.list"
   text	   data	    bss	    dec	    hex	filename
  30048	     24	   2816	  32888	   8078	Motor PID Controller.elf
Finished building: default.size.stdout
 
Finished building: Motor PID Controller.list
 
14:57:08 **** Incremental Build of configuration Debug for project Motor PID Controller ****
make -j16 all 
arm-none-eabi-gcc "../Core/Src/main.c" -mcpu=cortex-m4 -std=gnu11 -g3 -DDEBUG -DUSE_HAL_DRIVER -DSTM32G474xx -c -I../Core/Inc -I../Drivers/STM32G4xx_HAL_Driver/Inc -I../Drivers/STM32G4xx_HAL_Driver/Inc/Legacy -I../Drivers/CMSIS/Device/ST/STM32G4xx/Include -I../Drivers/CMSIS/Include -I../Middlewares/Third_Party/ARM_CMSIS/CMSIS/Core/Include/ -I../Middlewares/Third_Party/ARM_CMSIS/PrivateInclude/ -I../Middlewares/Third_Party/ARM_CMSIS/Include/ -I../Middlewares/Third_Party/ARM_CMSIS/Include -I"C:/Users/emper/STM32CubeIDE/workspace_1.14.1/FRA222-Lab2/Motor PID Controller/Source/BasicMathFunctions" -I"C:/Users/emper/STM32CubeIDE/workspace_1.14.1/FRA222-Lab2/Motor PID Controller/Source/BayesFunctions" -I"C:/Users/emper/STM32CubeIDE/workspace_1.14.1/FRA222-Lab2/Motor PID Controller/Source/CommonTables" -I"C:/Users/emper/STM32CubeIDE/workspace_1.14.1/FRA222-Lab2/Motor PID Controller/Source/ComplexMathFunctions" -I"C:/Users/emper/STM32CubeIDE/workspace_1.14.1/FRA222-Lab2/Motor PID Controller/Source/ControllerFunctions" -I"C:/Users/emper/STM32CubeIDE/workspace_1.14.1/FRA222-Lab2/Motor PID Controller/Source/DistanceFunctions" -I"C:/Users/emper/STM32CubeIDE/workspace_1.14.1/FRA222-Lab2/Motor PID Controller/Source/FastMathFunctions" -I"C:/Users/emper/STM32CubeIDE/workspace_1.14.1/FRA222-Lab2/Motor PID Controller/Source/FilteringFunctions" -I"C:/Users/emper/STM32CubeIDE/workspace_1.14.1/FRA222-Lab2/Motor PID Controller/Source/InterpolationFunctions" -I"C:/Users/emper/STM32CubeIDE/workspace_1.14.1/FRA222-Lab2/Motor PID Controller/Source/MatrixFunctions" -I"C:/Users/emper/STM32CubeIDE/workspace_1.14.1/FRA222-Lab2/Motor PID Controller/Source/QuaternionMathFunctions" -I"C:/Users/emper/STM32CubeIDE/workspace_1.14.1/FRA222-Lab2/Motor PID Controller/Source/StatisticsFunctions" -I"C:/Users/emper/STM32CubeIDE/workspace_1.14.1/FRA222-Lab2/Motor PID Controller/Source/SupportFunctions" -I"C:/Users/emper/STM32CubeIDE/workspace_1.14.1/FRA222-Lab2/Motor PID Controller/Source/SVMFunctions" -I"C:/Users/emper/STM32CubeIDE/workspace_1.14.1/FRA222-Lab2/Motor PID Controller/Source/TransformFunctions" -I"C:/Users/emper/STM32CubeIDE/workspace_1.14.1/FRA222-Lab2/Motor PID Controller/Source/WindowFunctions" -O0 -ffunction-sections -fdata-sections -Wall -fstack-usage -fcyclomatic-complexity -MMD -MP -MF"Core/Src/main.d" -MT"Core/Src/main.o" --specs=nano.specs -mfpu=fpv4-sp-d16 -mfloat-abi=hard -mthumb -o "Core/Src/main.o"
../Core/Src/main.c: In function 'main':
../Core/Src/main.c:154:28: warning: passing argument 2 of 'HAL_ADC_Start_DMA' from incompatible pointer type [-Wincompatible-pointer-types]
  154 |   HAL_ADC_Start_DMA(&hadc1,InputRead, 200); // DMA Read
      |                            ^~~~~~~~~
      |                            |
      |                            uint16_t * {aka short unsigned int *}
In file included from ../Core/Inc/stm32g4xx_hal_conf.h:228,
                 from ../Drivers/STM32G4xx_HAL_Driver/Inc/stm32g4xx_hal.h:29,
                 from ../Core/Inc/main.h:30,
                 from ../Core/Src/main.c:20:
../Drivers/STM32G4xx_HAL_Driver/Inc/stm32g4xx_hal_adc.h:2242:78: note: expected 'uint32_t *' {aka 'long unsigned int *'} but argument is of type 'uint16_t *' {aka 'short unsigned int *'}
 2242 | HAL_StatusTypeDef       HAL_ADC_Start_DMA(ADC_HandleTypeDef *hadc, uint32_t *pData, uint32_t Length);
      |                                                                    ~~~~~~~~~~^~~~~
../Core/Src/main.c:183:11: warning: implicit declaration of function 'updateInput' [-Wimplicit-function-declaration]
  183 |           updateInput();
      |           ^~~~~~~~~~~
../Core/Src/main.c: At top level:
../Core/Src/main.c:693:6: warning: conflicting types for 'updateInput'; have 'void()'
  693 | void updateInput()
      |      ^~~~~~~~~~~
../Core/Src/main.c:183:11: note: previous implicit declaration of 'updateInput' with type 'void()'
  183 |           updateInput();
      |           ^~~~~~~~~~~
arm-none-eabi-gcc -o "Motor PID Controller.elf" @"objects.list"   -mcpu=cortex-m4 -T"C:\Users\emper\STM32CubeIDE\workspace_1.14.1\FRA222-Lab2\Motor PID Controller\STM32G474RETX_FLASH.ld" --specs=nosys.specs -Wl,-Map="Motor PID Controller.map" -Wl,--gc-sections -static --specs=nano.specs -mfpu=fpv4-sp-d16 -mfloat-abi=hard -mthumb -Wl,--start-group -lc -lm -Wl,--end-group
Finished building target: Motor PID Controller.elf
 
arm-none-eabi-size  Motor\ PID\ Controller.elf 
arm-none-eabi-objdump -h -S Motor\ PID\ Controller.elf  > "Motor PID Controller.list"
   text	   data	    bss	    dec	    hex	filename
  30036	     24	   2808	  32868	   8064	Motor PID Controller.elf
Finished building: default.size.stdout
 
Finished building: Motor PID Controller.list
 
14:57:50 **** Incremental Build of configuration Debug for project Motor PID Controller ****
make -j16 all 
arm-none-eabi-gcc "../Core/Src/main.c" -mcpu=cortex-m4 -std=gnu11 -g3 -DDEBUG -DUSE_HAL_DRIVER -DSTM32G474xx -c -I../Core/Inc -I../Drivers/STM32G4xx_HAL_Driver/Inc -I../Drivers/STM32G4xx_HAL_Driver/Inc/Legacy -I../Drivers/CMSIS/Device/ST/STM32G4xx/Include -I../Drivers/CMSIS/Include -I../Middlewares/Third_Party/ARM_CMSIS/CMSIS/Core/Include/ -I../Middlewares/Third_Party/ARM_CMSIS/PrivateInclude/ -I../Middlewares/Third_Party/ARM_CMSIS/Include/ -I../Middlewares/Third_Party/ARM_CMSIS/Include -I"C:/Users/emper/STM32CubeIDE/workspace_1.14.1/FRA222-Lab2/Motor PID Controller/Source/BasicMathFunctions" -I"C:/Users/emper/STM32CubeIDE/workspace_1.14.1/FRA222-Lab2/Motor PID Controller/Source/BayesFunctions" -I"C:/Users/emper/STM32CubeIDE/workspace_1.14.1/FRA222-Lab2/Motor PID Controller/Source/CommonTables" -I"C:/Users/emper/STM32CubeIDE/workspace_1.14.1/FRA222-Lab2/Motor PID Controller/Source/ComplexMathFunctions" -I"C:/Users/emper/STM32CubeIDE/workspace_1.14.1/FRA222-Lab2/Motor PID Controller/Source/ControllerFunctions" -I"C:/Users/emper/STM32CubeIDE/workspace_1.14.1/FRA222-Lab2/Motor PID Controller/Source/DistanceFunctions" -I"C:/Users/emper/STM32CubeIDE/workspace_1.14.1/FRA222-Lab2/Motor PID Controller/Source/FastMathFunctions" -I"C:/Users/emper/STM32CubeIDE/workspace_1.14.1/FRA222-Lab2/Motor PID Controller/Source/FilteringFunctions" -I"C:/Users/emper/STM32CubeIDE/workspace_1.14.1/FRA222-Lab2/Motor PID Controller/Source/InterpolationFunctions" -I"C:/Users/emper/STM32CubeIDE/workspace_1.14.1/FRA222-Lab2/Motor PID Controller/Source/MatrixFunctions" -I"C:/Users/emper/STM32CubeIDE/workspace_1.14.1/FRA222-Lab2/Motor PID Controller/Source/QuaternionMathFunctions" -I"C:/Users/emper/STM32CubeIDE/workspace_1.14.1/FRA222-Lab2/Motor PID Controller/Source/StatisticsFunctions" -I"C:/Users/emper/STM32CubeIDE/workspace_1.14.1/FRA222-Lab2/Motor PID Controller/Source/SupportFunctions" -I"C:/Users/emper/STM32CubeIDE/workspace_1.14.1/FRA222-Lab2/Motor PID Controller/Source/SVMFunctions" -I"C:/Users/emper/STM32CubeIDE/workspace_1.14.1/FRA222-Lab2/Motor PID Controller/Source/TransformFunctions" -I"C:/Users/emper/STM32CubeIDE/workspace_1.14.1/FRA222-Lab2/Motor PID Controller/Source/WindowFunctions" -O0 -ffunction-sections -fdata-sections -Wall -fstack-usage -fcyclomatic-complexity -MMD -MP -MF"Core/Src/main.d" -MT"Core/Src/main.o" --specs=nano.specs -mfpu=fpv4-sp-d16 -mfloat-abi=hard -mthumb -o "Core/Src/main.o"
../Core/Src/main.c: In function 'main':
../Core/Src/main.c:154:28: warning: passing argument 2 of 'HAL_ADC_Start_DMA' from incompatible pointer type [-Wincompatible-pointer-types]
  154 |   HAL_ADC_Start_DMA(&hadc1,InputRead, 200); // DMA Read
      |                            ^~~~~~~~~
      |                            |
      |                            uint16_t * {aka short unsigned int *}
In file included from ../Core/Inc/stm32g4xx_hal_conf.h:228,
                 from ../Drivers/STM32G4xx_HAL_Driver/Inc/stm32g4xx_hal.h:29,
                 from ../Core/Inc/main.h:30,
                 from ../Core/Src/main.c:20:
../Drivers/STM32G4xx_HAL_Driver/Inc/stm32g4xx_hal_adc.h:2242:78: note: expected 'uint32_t *' {aka 'long unsigned int *'} but argument is of type 'uint16_t *' {aka 'short unsigned int *'}
 2242 | HAL_StatusTypeDef       HAL_ADC_Start_DMA(ADC_HandleTypeDef *hadc, uint32_t *pData, uint32_t Length);
      |                                                                    ~~~~~~~~~~^~~~~
../Core/Src/main.c:183:11: warning: implicit declaration of function 'updateInput' [-Wimplicit-function-declaration]
  183 |           updateInput();
      |           ^~~~~~~~~~~
../Core/Src/main.c: At top level:
../Core/Src/main.c:693:6: warning: conflicting types for 'updateInput'; have 'void()'
  693 | void updateInput()
      |      ^~~~~~~~~~~
../Core/Src/main.c:183:11: note: previous implicit declaration of 'updateInput' with type 'void()'
  183 |           updateInput();
      |           ^~~~~~~~~~~
arm-none-eabi-gcc -o "Motor PID Controller.elf" @"objects.list"   -mcpu=cortex-m4 -T"C:\Users\emper\STM32CubeIDE\workspace_1.14.1\FRA222-Lab2\Motor PID Controller\STM32G474RETX_FLASH.ld" --specs=nosys.specs -Wl,-Map="Motor PID Controller.map" -Wl,--gc-sections -static --specs=nano.specs -mfpu=fpv4-sp-d16 -mfloat-abi=hard -mthumb -Wl,--start-group -lc -lm -Wl,--end-group
Finished building target: Motor PID Controller.elf
 
arm-none-eabi-size  Motor\ PID\ Controller.elf 
arm-none-eabi-objdump -h -S Motor\ PID\ Controller.elf  > "Motor PID Controller.list"
   text	   data	    bss	    dec	    hex	filename
  29892	     24	   2776	  32692	   7fb4	Motor PID Controller.elf
Finished building: default.size.stdout
 
Finished building: Motor PID Controller.list
 
14:58:27 **** Incremental Build of configuration Debug for project Motor PID Controller ****
make -j16 all 
arm-none-eabi-gcc "../Core/Src/main.c" -mcpu=cortex-m4 -std=gnu11 -g3 -DDEBUG -DUSE_HAL_DRIVER -DSTM32G474xx -c -I../Core/Inc -I../Drivers/STM32G4xx_HAL_Driver/Inc -I../Drivers/STM32G4xx_HAL_Driver/Inc/Legacy -I../Drivers/CMSIS/Device/ST/STM32G4xx/Include -I../Drivers/CMSIS/Include -I../Middlewares/Third_Party/ARM_CMSIS/CMSIS/Core/Include/ -I../Middlewares/Third_Party/ARM_CMSIS/PrivateInclude/ -I../Middlewares/Third_Party/ARM_CMSIS/Include/ -I../Middlewares/Third_Party/ARM_CMSIS/Include -I"C:/Users/emper/STM32CubeIDE/workspace_1.14.1/FRA222-Lab2/Motor PID Controller/Source/BasicMathFunctions" -I"C:/Users/emper/STM32CubeIDE/workspace_1.14.1/FRA222-Lab2/Motor PID Controller/Source/BayesFunctions" -I"C:/Users/emper/STM32CubeIDE/workspace_1.14.1/FRA222-Lab2/Motor PID Controller/Source/CommonTables" -I"C:/Users/emper/STM32CubeIDE/workspace_1.14.1/FRA222-Lab2/Motor PID Controller/Source/ComplexMathFunctions" -I"C:/Users/emper/STM32CubeIDE/workspace_1.14.1/FRA222-Lab2/Motor PID Controller/Source/ControllerFunctions" -I"C:/Users/emper/STM32CubeIDE/workspace_1.14.1/FRA222-Lab2/Motor PID Controller/Source/DistanceFunctions" -I"C:/Users/emper/STM32CubeIDE/workspace_1.14.1/FRA222-Lab2/Motor PID Controller/Source/FastMathFunctions" -I"C:/Users/emper/STM32CubeIDE/workspace_1.14.1/FRA222-Lab2/Motor PID Controller/Source/FilteringFunctions" -I"C:/Users/emper/STM32CubeIDE/workspace_1.14.1/FRA222-Lab2/Motor PID Controller/Source/InterpolationFunctions" -I"C:/Users/emper/STM32CubeIDE/workspace_1.14.1/FRA222-Lab2/Motor PID Controller/Source/MatrixFunctions" -I"C:/Users/emper/STM32CubeIDE/workspace_1.14.1/FRA222-Lab2/Motor PID Controller/Source/QuaternionMathFunctions" -I"C:/Users/emper/STM32CubeIDE/workspace_1.14.1/FRA222-Lab2/Motor PID Controller/Source/StatisticsFunctions" -I"C:/Users/emper/STM32CubeIDE/workspace_1.14.1/FRA222-Lab2/Motor PID Controller/Source/SupportFunctions" -I"C:/Users/emper/STM32CubeIDE/workspace_1.14.1/FRA222-Lab2/Motor PID Controller/Source/SVMFunctions" -I"C:/Users/emper/STM32CubeIDE/workspace_1.14.1/FRA222-Lab2/Motor PID Controller/Source/TransformFunctions" -I"C:/Users/emper/STM32CubeIDE/workspace_1.14.1/FRA222-Lab2/Motor PID Controller/Source/WindowFunctions" -O0 -ffunction-sections -fdata-sections -Wall -fstack-usage -fcyclomatic-complexity -MMD -MP -MF"Core/Src/main.d" -MT"Core/Src/main.o" --specs=nano.specs -mfpu=fpv4-sp-d16 -mfloat-abi=hard -mthumb -o "Core/Src/main.o"
../Core/Src/main.c: In function 'main':
../Core/Src/main.c:154:28: warning: passing argument 2 of 'HAL_ADC_Start_DMA' from incompatible pointer type [-Wincompatible-pointer-types]
  154 |   HAL_ADC_Start_DMA(&hadc1,InputRead, 200); // DMA Read
      |                            ^~~~~~~~~
      |                            |
      |                            uint16_t * {aka short unsigned int *}
In file included from ../Core/Inc/stm32g4xx_hal_conf.h:228,
                 from ../Drivers/STM32G4xx_HAL_Driver/Inc/stm32g4xx_hal.h:29,
                 from ../Core/Inc/main.h:30,
                 from ../Core/Src/main.c:20:
../Drivers/STM32G4xx_HAL_Driver/Inc/stm32g4xx_hal_adc.h:2242:78: note: expected 'uint32_t *' {aka 'long unsigned int *'} but argument is of type 'uint16_t *' {aka 'short unsigned int *'}
 2242 | HAL_StatusTypeDef       HAL_ADC_Start_DMA(ADC_HandleTypeDef *hadc, uint32_t *pData, uint32_t Length);
      |                                                                    ~~~~~~~~~~^~~~~
../Core/Src/main.c:183:11: warning: implicit declaration of function 'updateInput' [-Wimplicit-function-declaration]
  183 |           updateInput();
      |           ^~~~~~~~~~~
../Core/Src/main.c: At top level:
../Core/Src/main.c:693:6: warning: conflicting types for 'updateInput'; have 'void()'
  693 | void updateInput()
      |      ^~~~~~~~~~~
../Core/Src/main.c:183:11: note: previous implicit declaration of 'updateInput' with type 'void()'
  183 |           updateInput();
      |           ^~~~~~~~~~~
arm-none-eabi-gcc -o "Motor PID Controller.elf" @"objects.list"   -mcpu=cortex-m4 -T"C:\Users\emper\STM32CubeIDE\workspace_1.14.1\FRA222-Lab2\Motor PID Controller\STM32G474RETX_FLASH.ld" --specs=nosys.specs -Wl,-Map="Motor PID Controller.map" -Wl,--gc-sections -static --specs=nano.specs -mfpu=fpv4-sp-d16 -mfloat-abi=hard -mthumb -Wl,--start-group -lc -lm -Wl,--end-group
Finished building target: Motor PID Controller.elf
 
arm-none-eabi-size  Motor\ PID\ Controller.elf 
arm-none-eabi-objdump -h -S Motor\ PID\ Controller.elf  > "Motor PID Controller.list"
   text	   data	    bss	    dec	    hex	filename
  29892	     24	   2776	  32692	   7fb4	Motor PID Controller.elf
Finished building: default.size.stdout
 
Finished building: Motor PID Controller.list
 
14:59:31 **** Incremental Build of configuration Debug for project Motor PID Controller ****
make -j16 all 
arm-none-eabi-gcc "../Core/Src/main.c" -mcpu=cortex-m4 -std=gnu11 -g3 -DDEBUG -DUSE_HAL_DRIVER -DSTM32G474xx -c -I../Core/Inc -I../Drivers/STM32G4xx_HAL_Driver/Inc -I../Drivers/STM32G4xx_HAL_Driver/Inc/Legacy -I../Drivers/CMSIS/Device/ST/STM32G4xx/Include -I../Drivers/CMSIS/Include -I../Middlewares/Third_Party/ARM_CMSIS/CMSIS/Core/Include/ -I../Middlewares/Third_Party/ARM_CMSIS/PrivateInclude/ -I../Middlewares/Third_Party/ARM_CMSIS/Include/ -I../Middlewares/Third_Party/ARM_CMSIS/Include -I"C:/Users/emper/STM32CubeIDE/workspace_1.14.1/FRA222-Lab2/Motor PID Controller/Source/BasicMathFunctions" -I"C:/Users/emper/STM32CubeIDE/workspace_1.14.1/FRA222-Lab2/Motor PID Controller/Source/BayesFunctions" -I"C:/Users/emper/STM32CubeIDE/workspace_1.14.1/FRA222-Lab2/Motor PID Controller/Source/CommonTables" -I"C:/Users/emper/STM32CubeIDE/workspace_1.14.1/FRA222-Lab2/Motor PID Controller/Source/ComplexMathFunctions" -I"C:/Users/emper/STM32CubeIDE/workspace_1.14.1/FRA222-Lab2/Motor PID Controller/Source/ControllerFunctions" -I"C:/Users/emper/STM32CubeIDE/workspace_1.14.1/FRA222-Lab2/Motor PID Controller/Source/DistanceFunctions" -I"C:/Users/emper/STM32CubeIDE/workspace_1.14.1/FRA222-Lab2/Motor PID Controller/Source/FastMathFunctions" -I"C:/Users/emper/STM32CubeIDE/workspace_1.14.1/FRA222-Lab2/Motor PID Controller/Source/FilteringFunctions" -I"C:/Users/emper/STM32CubeIDE/workspace_1.14.1/FRA222-Lab2/Motor PID Controller/Source/InterpolationFunctions" -I"C:/Users/emper/STM32CubeIDE/workspace_1.14.1/FRA222-Lab2/Motor PID Controller/Source/MatrixFunctions" -I"C:/Users/emper/STM32CubeIDE/workspace_1.14.1/FRA222-Lab2/Motor PID Controller/Source/QuaternionMathFunctions" -I"C:/Users/emper/STM32CubeIDE/workspace_1.14.1/FRA222-Lab2/Motor PID Controller/Source/StatisticsFunctions" -I"C:/Users/emper/STM32CubeIDE/workspace_1.14.1/FRA222-Lab2/Motor PID Controller/Source/SupportFunctions" -I"C:/Users/emper/STM32CubeIDE/workspace_1.14.1/FRA222-Lab2/Motor PID Controller/Source/SVMFunctions" -I"C:/Users/emper/STM32CubeIDE/workspace_1.14.1/FRA222-Lab2/Motor PID Controller/Source/TransformFunctions" -I"C:/Users/emper/STM32CubeIDE/workspace_1.14.1/FRA222-Lab2/Motor PID Controller/Source/WindowFunctions" -O0 -ffunction-sections -fdata-sections -Wall -fstack-usage -fcyclomatic-complexity -MMD -MP -MF"Core/Src/main.d" -MT"Core/Src/main.o" --specs=nano.specs -mfpu=fpv4-sp-d16 -mfloat-abi=hard -mthumb -o "Core/Src/main.o"
../Core/Src/main.c: In function 'main':
../Core/Src/main.c:154:28: warning: passing argument 2 of 'HAL_ADC_Start_DMA' from incompatible pointer type [-Wincompatible-pointer-types]
  154 |   HAL_ADC_Start_DMA(&hadc1,InputRead, 200); // DMA Read
      |                            ^~~~~~~~~
      |                            |
      |                            uint16_t * {aka short unsigned int *}
In file included from ../Core/Inc/stm32g4xx_hal_conf.h:228,
                 from ../Drivers/STM32G4xx_HAL_Driver/Inc/stm32g4xx_hal.h:29,
                 from ../Core/Inc/main.h:30,
                 from ../Core/Src/main.c:20:
../Drivers/STM32G4xx_HAL_Driver/Inc/stm32g4xx_hal_adc.h:2242:78: note: expected 'uint32_t *' {aka 'long unsigned int *'} but argument is of type 'uint16_t *' {aka 'short unsigned int *'}
 2242 | HAL_StatusTypeDef       HAL_ADC_Start_DMA(ADC_HandleTypeDef *hadc, uint32_t *pData, uint32_t Length);
      |                                                                    ~~~~~~~~~~^~~~~
../Core/Src/main.c:183:11: warning: implicit declaration of function 'updateInput' [-Wimplicit-function-declaration]
  183 |           updateInput();
      |           ^~~~~~~~~~~
../Core/Src/main.c: At top level:
../Core/Src/main.c:693:6: warning: conflicting types for 'updateInput'; have 'void()'
  693 | void updateInput()
      |      ^~~~~~~~~~~
../Core/Src/main.c:183:11: note: previous implicit declaration of 'updateInput' with type 'void()'
  183 |           updateInput();
      |           ^~~~~~~~~~~
arm-none-eabi-gcc -o "Motor PID Controller.elf" @"objects.list"   -mcpu=cortex-m4 -T"C:\Users\emper\STM32CubeIDE\workspace_1.14.1\FRA222-Lab2\Motor PID Controller\STM32G474RETX_FLASH.ld" --specs=nosys.specs -Wl,-Map="Motor PID Controller.map" -Wl,--gc-sections -static --specs=nano.specs -mfpu=fpv4-sp-d16 -mfloat-abi=hard -mthumb -Wl,--start-group -lc -lm -Wl,--end-group
Finished building target: Motor PID Controller.elf
 
arm-none-eabi-size  Motor\ PID\ Controller.elf 
arm-none-eabi-objdump -h -S Motor\ PID\ Controller.elf  > "Motor PID Controller.list"
   text	   data	    bss	    dec	    hex	filename
  29892	     24	   2776	  32692	   7fb4	Motor PID Controller.elf
Finished building: default.size.stdout
 
Finished building: Motor PID Controller.list
 
15:00:37 **** Incremental Build of configuration Debug for project Motor PID Controller ****
make -j16 all 
arm-none-eabi-gcc "../Core/Src/main.c" -mcpu=cortex-m4 -std=gnu11 -g3 -DDEBUG -DUSE_HAL_DRIVER -DSTM32G474xx -c -I../Core/Inc -I../Drivers/STM32G4xx_HAL_Driver/Inc -I../Drivers/STM32G4xx_HAL_Driver/Inc/Legacy -I../Drivers/CMSIS/Device/ST/STM32G4xx/Include -I../Drivers/CMSIS/Include -I../Middlewares/Third_Party/ARM_CMSIS/CMSIS/Core/Include/ -I../Middlewares/Third_Party/ARM_CMSIS/PrivateInclude/ -I../Middlewares/Third_Party/ARM_CMSIS/Include/ -I../Middlewares/Third_Party/ARM_CMSIS/Include -I"C:/Users/emper/STM32CubeIDE/workspace_1.14.1/FRA222-Lab2/Motor PID Controller/Source/BasicMathFunctions" -I"C:/Users/emper/STM32CubeIDE/workspace_1.14.1/FRA222-Lab2/Motor PID Controller/Source/BayesFunctions" -I"C:/Users/emper/STM32CubeIDE/workspace_1.14.1/FRA222-Lab2/Motor PID Controller/Source/CommonTables" -I"C:/Users/emper/STM32CubeIDE/workspace_1.14.1/FRA222-Lab2/Motor PID Controller/Source/ComplexMathFunctions" -I"C:/Users/emper/STM32CubeIDE/workspace_1.14.1/FRA222-Lab2/Motor PID Controller/Source/ControllerFunctions" -I"C:/Users/emper/STM32CubeIDE/workspace_1.14.1/FRA222-Lab2/Motor PID Controller/Source/DistanceFunctions" -I"C:/Users/emper/STM32CubeIDE/workspace_1.14.1/FRA222-Lab2/Motor PID Controller/Source/FastMathFunctions" -I"C:/Users/emper/STM32CubeIDE/workspace_1.14.1/FRA222-Lab2/Motor PID Controller/Source/FilteringFunctions" -I"C:/Users/emper/STM32CubeIDE/workspace_1.14.1/FRA222-Lab2/Motor PID Controller/Source/InterpolationFunctions" -I"C:/Users/emper/STM32CubeIDE/workspace_1.14.1/FRA222-Lab2/Motor PID Controller/Source/MatrixFunctions" -I"C:/Users/emper/STM32CubeIDE/workspace_1.14.1/FRA222-Lab2/Motor PID Controller/Source/QuaternionMathFunctions" -I"C:/Users/emper/STM32CubeIDE/workspace_1.14.1/FRA222-Lab2/Motor PID Controller/Source/StatisticsFunctions" -I"C:/Users/emper/STM32CubeIDE/workspace_1.14.1/FRA222-Lab2/Motor PID Controller/Source/SupportFunctions" -I"C:/Users/emper/STM32CubeIDE/workspace_1.14.1/FRA222-Lab2/Motor PID Controller/Source/SVMFunctions" -I"C:/Users/emper/STM32CubeIDE/workspace_1.14.1/FRA222-Lab2/Motor PID Controller/Source/TransformFunctions" -I"C:/Users/emper/STM32CubeIDE/workspace_1.14.1/FRA222-Lab2/Motor PID Controller/Source/WindowFunctions" -O0 -ffunction-sections -fdata-sections -Wall -fstack-usage -fcyclomatic-complexity -MMD -MP -MF"Core/Src/main.d" -MT"Core/Src/main.o" --specs=nano.specs -mfpu=fpv4-sp-d16 -mfloat-abi=hard -mthumb -o "Core/Src/main.o"
../Core/Src/main.c: In function 'main':
../Core/Src/main.c:154:28: warning: passing argument 2 of 'HAL_ADC_Start_DMA' from incompatible pointer type [-Wincompatible-pointer-types]
  154 |   HAL_ADC_Start_DMA(&hadc1,InputRead, 200); // DMA Read
      |                            ^~~~~~~~~
      |                            |
      |                            uint16_t * {aka short unsigned int *}
In file included from ../Core/Inc/stm32g4xx_hal_conf.h:228,
                 from ../Drivers/STM32G4xx_HAL_Driver/Inc/stm32g4xx_hal.h:29,
                 from ../Core/Inc/main.h:30,
                 from ../Core/Src/main.c:20:
../Drivers/STM32G4xx_HAL_Driver/Inc/stm32g4xx_hal_adc.h:2242:78: note: expected 'uint32_t *' {aka 'long unsigned int *'} but argument is of type 'uint16_t *' {aka 'short unsigned int *'}
 2242 | HAL_StatusTypeDef       HAL_ADC_Start_DMA(ADC_HandleTypeDef *hadc, uint32_t *pData, uint32_t Length);
      |                                                                    ~~~~~~~~~~^~~~~
../Core/Src/main.c:183:11: warning: implicit declaration of function 'updateInput' [-Wimplicit-function-declaration]
  183 |           updateInput();
      |           ^~~~~~~~~~~
../Core/Src/main.c: At top level:
../Core/Src/main.c:693:6: warning: conflicting types for 'updateInput'; have 'void()'
  693 | void updateInput()
      |      ^~~~~~~~~~~
../Core/Src/main.c:183:11: note: previous implicit declaration of 'updateInput' with type 'void()'
  183 |           updateInput();
      |           ^~~~~~~~~~~
arm-none-eabi-gcc -o "Motor PID Controller.elf" @"objects.list"   -mcpu=cortex-m4 -T"C:\Users\emper\STM32CubeIDE\workspace_1.14.1\FRA222-Lab2\Motor PID Controller\STM32G474RETX_FLASH.ld" --specs=nosys.specs -Wl,-Map="Motor PID Controller.map" -Wl,--gc-sections -static --specs=nano.specs -mfpu=fpv4-sp-d16 -mfloat-abi=hard -mthumb -Wl,--start-group -lc -lm -Wl,--end-group
Finished building target: Motor PID Controller.elf
 
arm-none-eabi-size  Motor\ PID\ Controller.elf 
arm-none-eabi-objdump -h -S Motor\ PID\ Controller.elf  > "Motor PID Controller.list"
   text	   data	    bss	    dec	    hex	filename
  29892	     24	   2776	  32692	   7fb4	Motor PID Controller.elf
Finished building: default.size.stdout
 
Finished building: Motor PID Controller.list
 
15:01:14 **** Incremental Build of configuration Debug for project Motor PID Controller ****
make -j16 all 
arm-none-eabi-gcc "../Core/Src/main.c" -mcpu=cortex-m4 -std=gnu11 -g3 -DDEBUG -DUSE_HAL_DRIVER -DSTM32G474xx -c -I../Core/Inc -I../Drivers/STM32G4xx_HAL_Driver/Inc -I../Drivers/STM32G4xx_HAL_Driver/Inc/Legacy -I../Drivers/CMSIS/Device/ST/STM32G4xx/Include -I../Drivers/CMSIS/Include -I../Middlewares/Third_Party/ARM_CMSIS/CMSIS/Core/Include/ -I../Middlewares/Third_Party/ARM_CMSIS/PrivateInclude/ -I../Middlewares/Third_Party/ARM_CMSIS/Include/ -I../Middlewares/Third_Party/ARM_CMSIS/Include -I"C:/Users/emper/STM32CubeIDE/workspace_1.14.1/FRA222-Lab2/Motor PID Controller/Source/BasicMathFunctions" -I"C:/Users/emper/STM32CubeIDE/workspace_1.14.1/FRA222-Lab2/Motor PID Controller/Source/BayesFunctions" -I"C:/Users/emper/STM32CubeIDE/workspace_1.14.1/FRA222-Lab2/Motor PID Controller/Source/CommonTables" -I"C:/Users/emper/STM32CubeIDE/workspace_1.14.1/FRA222-Lab2/Motor PID Controller/Source/ComplexMathFunctions" -I"C:/Users/emper/STM32CubeIDE/workspace_1.14.1/FRA222-Lab2/Motor PID Controller/Source/ControllerFunctions" -I"C:/Users/emper/STM32CubeIDE/workspace_1.14.1/FRA222-Lab2/Motor PID Controller/Source/DistanceFunctions" -I"C:/Users/emper/STM32CubeIDE/workspace_1.14.1/FRA222-Lab2/Motor PID Controller/Source/FastMathFunctions" -I"C:/Users/emper/STM32CubeIDE/workspace_1.14.1/FRA222-Lab2/Motor PID Controller/Source/FilteringFunctions" -I"C:/Users/emper/STM32CubeIDE/workspace_1.14.1/FRA222-Lab2/Motor PID Controller/Source/InterpolationFunctions" -I"C:/Users/emper/STM32CubeIDE/workspace_1.14.1/FRA222-Lab2/Motor PID Controller/Source/MatrixFunctions" -I"C:/Users/emper/STM32CubeIDE/workspace_1.14.1/FRA222-Lab2/Motor PID Controller/Source/QuaternionMathFunctions" -I"C:/Users/emper/STM32CubeIDE/workspace_1.14.1/FRA222-Lab2/Motor PID Controller/Source/StatisticsFunctions" -I"C:/Users/emper/STM32CubeIDE/workspace_1.14.1/FRA222-Lab2/Motor PID Controller/Source/SupportFunctions" -I"C:/Users/emper/STM32CubeIDE/workspace_1.14.1/FRA222-Lab2/Motor PID Controller/Source/SVMFunctions" -I"C:/Users/emper/STM32CubeIDE/workspace_1.14.1/FRA222-Lab2/Motor PID Controller/Source/TransformFunctions" -I"C:/Users/emper/STM32CubeIDE/workspace_1.14.1/FRA222-Lab2/Motor PID Controller/Source/WindowFunctions" -O0 -ffunction-sections -fdata-sections -Wall -fstack-usage -fcyclomatic-complexity -MMD -MP -MF"Core/Src/main.d" -MT"Core/Src/main.o" --specs=nano.specs -mfpu=fpv4-sp-d16 -mfloat-abi=hard -mthumb -o "Core/Src/main.o"
../Core/Src/main.c: In function 'main':
../Core/Src/main.c:154:28: warning: passing argument 2 of 'HAL_ADC_Start_DMA' from incompatible pointer type [-Wincompatible-pointer-types]
  154 |   HAL_ADC_Start_DMA(&hadc1,InputRead, 200); // DMA Read
      |                            ^~~~~~~~~
      |                            |
      |                            uint16_t * {aka short unsigned int *}
In file included from ../Core/Inc/stm32g4xx_hal_conf.h:228,
                 from ../Drivers/STM32G4xx_HAL_Driver/Inc/stm32g4xx_hal.h:29,
                 from ../Core/Inc/main.h:30,
                 from ../Core/Src/main.c:20:
../Drivers/STM32G4xx_HAL_Driver/Inc/stm32g4xx_hal_adc.h:2242:78: note: expected 'uint32_t *' {aka 'long unsigned int *'} but argument is of type 'uint16_t *' {aka 'short unsigned int *'}
 2242 | HAL_StatusTypeDef       HAL_ADC_Start_DMA(ADC_HandleTypeDef *hadc, uint32_t *pData, uint32_t Length);
      |                                                                    ~~~~~~~~~~^~~~~
../Core/Src/main.c:183:11: warning: implicit declaration of function 'updateInput' [-Wimplicit-function-declaration]
  183 |           updateInput();
      |           ^~~~~~~~~~~
../Core/Src/main.c: At top level:
../Core/Src/main.c:693:6: warning: conflicting types for 'updateInput'; have 'void()'
  693 | void updateInput()
      |      ^~~~~~~~~~~
../Core/Src/main.c:183:11: note: previous implicit declaration of 'updateInput' with type 'void()'
  183 |           updateInput();
      |           ^~~~~~~~~~~
arm-none-eabi-gcc -o "Motor PID Controller.elf" @"objects.list"   -mcpu=cortex-m4 -T"C:\Users\emper\STM32CubeIDE\workspace_1.14.1\FRA222-Lab2\Motor PID Controller\STM32G474RETX_FLASH.ld" --specs=nosys.specs -Wl,-Map="Motor PID Controller.map" -Wl,--gc-sections -static --specs=nano.specs -mfpu=fpv4-sp-d16 -mfloat-abi=hard -mthumb -Wl,--start-group -lc -lm -Wl,--end-group
Finished building target: Motor PID Controller.elf
 
arm-none-eabi-size  Motor\ PID\ Controller.elf 
arm-none-eabi-objdump -h -S Motor\ PID\ Controller.elf  > "Motor PID Controller.list"
   text	   data	    bss	    dec	    hex	filename
  29892	     24	   2776	  32692	   7fb4	Motor PID Controller.elf
Finished building: default.size.stdout
 
Finished building: Motor PID Controller.list
 
15:02:48 **** Incremental Build of configuration Debug for project Motor PID Controller ****
make -j16 all 
arm-none-eabi-gcc "../Core/Src/main.c" -mcpu=cortex-m4 -std=gnu11 -g3 -DDEBUG -DUSE_HAL_DRIVER -DSTM32G474xx -c -I../Core/Inc -I../Drivers/STM32G4xx_HAL_Driver/Inc -I../Drivers/STM32G4xx_HAL_Driver/Inc/Legacy -I../Drivers/CMSIS/Device/ST/STM32G4xx/Include -I../Drivers/CMSIS/Include -I../Middlewares/Third_Party/ARM_CMSIS/CMSIS/Core/Include/ -I../Middlewares/Third_Party/ARM_CMSIS/PrivateInclude/ -I../Middlewares/Third_Party/ARM_CMSIS/Include/ -I../Middlewares/Third_Party/ARM_CMSIS/Include -I"C:/Users/emper/STM32CubeIDE/workspace_1.14.1/FRA222-Lab2/Motor PID Controller/Source/BasicMathFunctions" -I"C:/Users/emper/STM32CubeIDE/workspace_1.14.1/FRA222-Lab2/Motor PID Controller/Source/BayesFunctions" -I"C:/Users/emper/STM32CubeIDE/workspace_1.14.1/FRA222-Lab2/Motor PID Controller/Source/CommonTables" -I"C:/Users/emper/STM32CubeIDE/workspace_1.14.1/FRA222-Lab2/Motor PID Controller/Source/ComplexMathFunctions" -I"C:/Users/emper/STM32CubeIDE/workspace_1.14.1/FRA222-Lab2/Motor PID Controller/Source/ControllerFunctions" -I"C:/Users/emper/STM32CubeIDE/workspace_1.14.1/FRA222-Lab2/Motor PID Controller/Source/DistanceFunctions" -I"C:/Users/emper/STM32CubeIDE/workspace_1.14.1/FRA222-Lab2/Motor PID Controller/Source/FastMathFunctions" -I"C:/Users/emper/STM32CubeIDE/workspace_1.14.1/FRA222-Lab2/Motor PID Controller/Source/FilteringFunctions" -I"C:/Users/emper/STM32CubeIDE/workspace_1.14.1/FRA222-Lab2/Motor PID Controller/Source/InterpolationFunctions" -I"C:/Users/emper/STM32CubeIDE/workspace_1.14.1/FRA222-Lab2/Motor PID Controller/Source/MatrixFunctions" -I"C:/Users/emper/STM32CubeIDE/workspace_1.14.1/FRA222-Lab2/Motor PID Controller/Source/QuaternionMathFunctions" -I"C:/Users/emper/STM32CubeIDE/workspace_1.14.1/FRA222-Lab2/Motor PID Controller/Source/StatisticsFunctions" -I"C:/Users/emper/STM32CubeIDE/workspace_1.14.1/FRA222-Lab2/Motor PID Controller/Source/SupportFunctions" -I"C:/Users/emper/STM32CubeIDE/workspace_1.14.1/FRA222-Lab2/Motor PID Controller/Source/SVMFunctions" -I"C:/Users/emper/STM32CubeIDE/workspace_1.14.1/FRA222-Lab2/Motor PID Controller/Source/TransformFunctions" -I"C:/Users/emper/STM32CubeIDE/workspace_1.14.1/FRA222-Lab2/Motor PID Controller/Source/WindowFunctions" -O0 -ffunction-sections -fdata-sections -Wall -fstack-usage -fcyclomatic-complexity -MMD -MP -MF"Core/Src/main.d" -MT"Core/Src/main.o" --specs=nano.specs -mfpu=fpv4-sp-d16 -mfloat-abi=hard -mthumb -o "Core/Src/main.o"
../Core/Src/main.c: In function 'main':
../Core/Src/main.c:154:28: warning: passing argument 2 of 'HAL_ADC_Start_DMA' from incompatible pointer type [-Wincompatible-pointer-types]
  154 |   HAL_ADC_Start_DMA(&hadc1,InputRead, 200); // DMA Read
      |                            ^~~~~~~~~
      |                            |
      |                            uint16_t * {aka short unsigned int *}
In file included from ../Core/Inc/stm32g4xx_hal_conf.h:228,
                 from ../Drivers/STM32G4xx_HAL_Driver/Inc/stm32g4xx_hal.h:29,
                 from ../Core/Inc/main.h:30,
                 from ../Core/Src/main.c:20:
../Drivers/STM32G4xx_HAL_Driver/Inc/stm32g4xx_hal_adc.h:2242:78: note: expected 'uint32_t *' {aka 'long unsigned int *'} but argument is of type 'uint16_t *' {aka 'short unsigned int *'}
 2242 | HAL_StatusTypeDef       HAL_ADC_Start_DMA(ADC_HandleTypeDef *hadc, uint32_t *pData, uint32_t Length);
      |                                                                    ~~~~~~~~~~^~~~~
../Core/Src/main.c:183:11: warning: implicit declaration of function 'updateInput' [-Wimplicit-function-declaration]
  183 |           updateInput();
      |           ^~~~~~~~~~~
../Core/Src/main.c: At top level:
../Core/Src/main.c:693:6: warning: conflicting types for 'updateInput'; have 'void()'
  693 | void updateInput()
      |      ^~~~~~~~~~~
../Core/Src/main.c:183:11: note: previous implicit declaration of 'updateInput' with type 'void()'
  183 |           updateInput();
      |           ^~~~~~~~~~~
arm-none-eabi-gcc -o "Motor PID Controller.elf" @"objects.list"   -mcpu=cortex-m4 -T"C:\Users\emper\STM32CubeIDE\workspace_1.14.1\FRA222-Lab2\Motor PID Controller\STM32G474RETX_FLASH.ld" --specs=nosys.specs -Wl,-Map="Motor PID Controller.map" -Wl,--gc-sections -static --specs=nano.specs -mfpu=fpv4-sp-d16 -mfloat-abi=hard -mthumb -Wl,--start-group -lc -lm -Wl,--end-group
Finished building target: Motor PID Controller.elf
 
arm-none-eabi-size  Motor\ PID\ Controller.elf 
arm-none-eabi-objdump -h -S Motor\ PID\ Controller.elf  > "Motor PID Controller.list"
   text	   data	    bss	    dec	    hex	filename
  29888	     24	   2776	  32688	   7fb0	Motor PID Controller.elf
Finished building: default.size.stdout
 
Finished building: Motor PID Controller.list
 
15:03:00 **** Incremental Build of configuration Debug for project Motor PID Controller ****
make -j16 all 
arm-none-eabi-size  Motor\ PID\ Controller.elf 
   text	   data	    bss	    dec	    hex	filename
  29888	     24	   2776	  32688	   7fb0	Motor PID Controller.elf
Finished building: default.size.stdout
 
15:05:06 **** Incremental Build of configuration Debug for project Motor PID Controller ****
make -j16 all 
arm-none-eabi-gcc "../Core/Src/main.c" -mcpu=cortex-m4 -std=gnu11 -g3 -DDEBUG -DUSE_HAL_DRIVER -DSTM32G474xx -c -I../Core/Inc -I../Drivers/STM32G4xx_HAL_Driver/Inc -I../Drivers/STM32G4xx_HAL_Driver/Inc/Legacy -I../Drivers/CMSIS/Device/ST/STM32G4xx/Include -I../Drivers/CMSIS/Include -I../Middlewares/Third_Party/ARM_CMSIS/CMSIS/Core/Include/ -I../Middlewares/Third_Party/ARM_CMSIS/PrivateInclude/ -I../Middlewares/Third_Party/ARM_CMSIS/Include/ -I../Middlewares/Third_Party/ARM_CMSIS/Include -I"C:/Users/emper/STM32CubeIDE/workspace_1.14.1/FRA222-Lab2/Motor PID Controller/Source/BasicMathFunctions" -I"C:/Users/emper/STM32CubeIDE/workspace_1.14.1/FRA222-Lab2/Motor PID Controller/Source/BayesFunctions" -I"C:/Users/emper/STM32CubeIDE/workspace_1.14.1/FRA222-Lab2/Motor PID Controller/Source/CommonTables" -I"C:/Users/emper/STM32CubeIDE/workspace_1.14.1/FRA222-Lab2/Motor PID Controller/Source/ComplexMathFunctions" -I"C:/Users/emper/STM32CubeIDE/workspace_1.14.1/FRA222-Lab2/Motor PID Controller/Source/ControllerFunctions" -I"C:/Users/emper/STM32CubeIDE/workspace_1.14.1/FRA222-Lab2/Motor PID Controller/Source/DistanceFunctions" -I"C:/Users/emper/STM32CubeIDE/workspace_1.14.1/FRA222-Lab2/Motor PID Controller/Source/FastMathFunctions" -I"C:/Users/emper/STM32CubeIDE/workspace_1.14.1/FRA222-Lab2/Motor PID Controller/Source/FilteringFunctions" -I"C:/Users/emper/STM32CubeIDE/workspace_1.14.1/FRA222-Lab2/Motor PID Controller/Source/InterpolationFunctions" -I"C:/Users/emper/STM32CubeIDE/workspace_1.14.1/FRA222-Lab2/Motor PID Controller/Source/MatrixFunctions" -I"C:/Users/emper/STM32CubeIDE/workspace_1.14.1/FRA222-Lab2/Motor PID Controller/Source/QuaternionMathFunctions" -I"C:/Users/emper/STM32CubeIDE/workspace_1.14.1/FRA222-Lab2/Motor PID Controller/Source/StatisticsFunctions" -I"C:/Users/emper/STM32CubeIDE/workspace_1.14.1/FRA222-Lab2/Motor PID Controller/Source/SupportFunctions" -I"C:/Users/emper/STM32CubeIDE/workspace_1.14.1/FRA222-Lab2/Motor PID Controller/Source/SVMFunctions" -I"C:/Users/emper/STM32CubeIDE/workspace_1.14.1/FRA222-Lab2/Motor PID Controller/Source/TransformFunctions" -I"C:/Users/emper/STM32CubeIDE/workspace_1.14.1/FRA222-Lab2/Motor PID Controller/Source/WindowFunctions" -O0 -ffunction-sections -fdata-sections -Wall -fstack-usage -fcyclomatic-complexity -MMD -MP -MF"Core/Src/main.d" -MT"Core/Src/main.o" --specs=nano.specs -mfpu=fpv4-sp-d16 -mfloat-abi=hard -
[...]
/Src/main.c" -mcpu=cortex-m4 -std=gnu11 -g3 -DDEBUG -DUSE_HAL_DRIVER -DSTM32G474xx -c -I../Core/Inc -I../Drivers/STM32G4xx_HAL_Driver/Inc -I../Drivers/STM32G4xx_HAL_Driver/Inc/Legacy -I../Drivers/CMSIS/Device/ST/STM32G4xx/Include -I../Drivers/CMSIS/Include -I../Middlewares/Third_Party/ARM_CMSIS/CMSIS/Core/Include/ -I../Middlewares/Third_Party/ARM_CMSIS/PrivateInclude/ -I../Middlewares/Third_Party/ARM_CMSIS/Include/ -I../Middlewares/Third_Party/ARM_CMSIS/Include -I"C:/Users/emper/STM32CubeIDE/workspace_1.14.1/FRA222-Lab2/Motor PID Controller/Source/BasicMathFunctions" -I"C:/Users/emper/STM32CubeIDE/workspace_1.14.1/FRA222-Lab2/Motor PID Controller/Source/BayesFunctions" -I"C:/Users/emper/STM32CubeIDE/workspace_1.14.1/FRA222-Lab2/Motor PID Controller/Source/CommonTables" -I"C:/Users/emper/STM32CubeIDE/workspace_1.14.1/FRA222-Lab2/Motor PID Controller/Source/ComplexMathFunctions" -I"C:/Users/emper/STM32CubeIDE/workspace_1.14.1/FRA222-Lab2/Motor PID Controller/Source/ControllerFunctions" -I"C:/Users/emper/STM32CubeIDE/workspace_1.14.1/FRA222-Lab2/Motor PID Controller/Source/DistanceFunctions" -I"C:/Users/emper/STM32CubeIDE/workspace_1.14.1/FRA222-Lab2/Motor PID Controller/Source/FastMathFunctions" -I"C:/Users/emper/STM32CubeIDE/workspace_1.14.1/FRA222-Lab2/Motor PID Controller/Source/FilteringFunctions" -I"C:/Users/emper/STM32CubeIDE/workspace_1.14.1/FRA222-Lab2/Motor PID Controller/Source/InterpolationFunctions" -I"C:/Users/emper/STM32CubeIDE/workspace_1.14.1/FRA222-Lab2/Motor PID Controller/Source/MatrixFunctions" -I"C:/Users/emper/STM32CubeIDE/workspace_1.14.1/FRA222-Lab2/Motor PID Controller/Source/QuaternionMathFunctions" -I"C:/Users/emper/STM32CubeIDE/workspace_1.14.1/FRA222-Lab2/Motor PID Controller/Source/StatisticsFunctions" -I"C:/Users/emper/STM32CubeIDE/workspace_1.14.1/FRA222-Lab2/Motor PID Controller/Source/SupportFunctions" -I"C:/Users/emper/STM32CubeIDE/workspace_1.14.1/FRA222-Lab2/Motor PID Controller/Source/SVMFunctions" -I"C:/Users/emper/STM32CubeIDE/workspace_1.14.1/FRA222-Lab2/Motor PID Controller/Source/TransformFunctions" -I"C:/Users/emper/STM32CubeIDE/workspace_1.14.1/FRA222-Lab2/Motor PID Controller/Source/WindowFunctions" -O0 -ffunction-sections -fdata-sections -Wall -fstack-usage -fcyclomatic-complexity -MMD -MP -MF"Core/Src/main.d" -MT"Core/Src/main.o" --specs=nano.specs -mfpu=fpv4-sp-d16 -mfloat-abi=hard -mthumb -o "Core/Src/main.o"
../Core/Src/main.c: In function 'main':
../Core/Src/main.c:162:28: warning: passing argument 2 of 'HAL_ADC_Start_DMA' from incompatible pointer type [-Wincompatible-pointer-types]
  162 |   HAL_ADC_Start_DMA(&hadc1,InputRead, 400); // DMA Read
      |                            ^~~~~~~~~
      |                            |
      |                            uint16_t * {aka short unsigned int *}
In file included from ../Core/Inc/stm32g4xx_hal_conf.h:228,
                 from ../Drivers/STM32G4xx_HAL_Driver/Inc/stm32g4xx_hal.h:29,
                 from ../Core/Inc/main.h:30,
                 from ../Core/Src/main.c:20:
../Drivers/STM32G4xx_HAL_Driver/Inc/stm32g4xx_hal_adc.h:2242:78: note: expected 'uint32_t *' {aka 'long unsigned int *'} but argument is of type 'uint16_t *' {aka 'short unsigned int *'}
 2242 | HAL_StatusTypeDef       HAL_ADC_Start_DMA(ADC_HandleTypeDef *hadc, uint32_t *pData, uint32_t Length);
      |                                                                    ~~~~~~~~~~^~~~~
../Core/Src/main.c:191:11: warning: implicit declaration of function 'updateInput' [-Wimplicit-function-declaration]
  191 |           updateInput();
      |           ^~~~~~~~~~~
../Core/Src/main.c: At top level:
../Core/Src/main.c:717:6: warning: conflicting types for 'updateInput'; have 'void()'
  717 | void updateInput()
      |      ^~~~~~~~~~~
../Core/Src/main.c:191:11: note: previous implicit declaration of 'updateInput' with type 'void()'
  191 |           updateInput();
      |           ^~~~~~~~~~~
arm-none-eabi-gcc -o "Motor PID Controller.elf" @"objects.list"   -mcpu=cortex-m4 -T"C:\Users\emper\STM32CubeIDE\workspace_1.14.1\FRA222-Lab2\Motor PID Controller\STM32G474RETX_FLASH.ld" --specs=nosys.specs -Wl,-Map="Motor PID Controller.map" -Wl,--gc-sections -static --specs=nano.specs -mfpu=fpv4-sp-d16 -mfloat-abi=hard -mthumb -Wl,--start-group -lc -lm -Wl,--end-group
Finished building target: Motor PID Controller.elf
 
arm-none-eabi-size  Motor\ PID\ Controller.elf 
arm-none-eabi-objdump -h -S Motor\ PID\ Controller.elf  > "Motor PID Controller.list"
   text	   data	    bss	    dec	    hex	filename
  33352	     24	   3368	  36744	   8f88	Motor PID Controller.elf
Finished building: default.size.stdout
 
Finished building: Motor PID Controller.list
 
15:03:50 **** Incremental Build of configuration Debug for project Motor PID Controller ****
make -j16 all 
arm-none-eabi-gcc "../Core/Src/main.c" -mcpu=cortex-m4 -std=gnu11 -g3 -DDEBUG -DUSE_HAL_DRIVER -DSTM32G474xx -c -I../Core/Inc -I../Drivers/STM32G4xx_HAL_Driver/Inc -I../Drivers/STM32G4xx_HAL_Driver/Inc/Legacy -I../Drivers/CMSIS/Device/ST/STM32G4xx/Include -I../Drivers/CMSIS/Include -I../Middlewares/Third_Party/ARM_CMSIS/CMSIS/Core/Include/ -I../Middlewares/Third_Party/ARM_CMSIS/PrivateInclude/ -I../Middlewares/Third_Party/ARM_CMSIS/Include/ -I../Middlewares/Third_Party/ARM_CMSIS/Include -I"C:/Users/emper/STM32CubeIDE/workspace_1.14.1/FRA222-Lab2/Motor PID Controller/Source/BasicMathFunctions" -I"C:/Users/emper/STM32CubeIDE/workspace_1.14.1/FRA222-Lab2/Motor PID Controller/Source/BayesFunctions" -I"C:/Users/emper/STM32CubeIDE/workspace_1.14.1/FRA222-Lab2/Motor PID Controller/Source/CommonTables" -I"C:/Users/emper/STM32CubeIDE/workspace_1.14.1/FRA222-Lab2/Motor PID Controller/Source/ComplexMathFunctions" -I"C:/Users/emper/STM32CubeIDE/workspace_1.14.1/FRA222-Lab2/Motor PID Controller/Source/ControllerFunctions" -I"C:/Users/emper/STM32CubeIDE/workspace_1.14.1/FRA222-Lab2/Motor PID Controller/Source/DistanceFunctions" -I"C:/Users/emper/STM32CubeIDE/workspace_1.14.1/FRA222-Lab2/Motor PID Controller/Source/FastMathFunctions" -I"C:/Users/emper/STM32CubeIDE/workspace_1.14.1/FRA222-Lab2/Motor PID Controller/Source/FilteringFunctions" -I"C:/Users/emper/STM32CubeIDE/workspace_1.14.1/FRA222-Lab2/Motor PID Controller/Source/InterpolationFunctions" -I"C:/Users/emper/STM32CubeIDE/workspace_1.14.1/FRA222-Lab2/Motor PID Controller/Source/MatrixFunctions" -I"C:/Users/emper/STM32CubeIDE/workspace_1.14.1/FRA222-Lab2/Motor PID Controller/Source/QuaternionMathFunctions" -I"C:/Users/emper/STM32CubeIDE/workspace_1.14.1/FRA222-Lab2/Motor PID Controller/Source/StatisticsFunctions" -I"C:/Users/emper/STM32CubeIDE/workspace_1.14.1/FRA222-Lab2/Motor PID Controller/Source/SupportFunctions" -I"C:/Users/emper/STM32CubeIDE/workspace_1.14.1/FRA222-Lab2/Motor PID Controller/Source/SVMFunctions" -I"C:/Users/emper/STM32CubeIDE/workspace_1.14.1/FRA222-Lab2/Motor PID Controller/Source/TransformFunctions" -I"C:/Users/emper/STM32CubeIDE/workspace_1.14.1/FRA222-Lab2/Motor PID Controller/Source/WindowFunctions" -O0 -ffunction-sections -fdata-sections -Wall -fstack-usage -fcyclomatic-complexity -MMD -MP -MF"Core/Src/main.d" -MT"Core/Src/main.o" --specs=nano.specs -mfpu=fpv4-sp-d16 -mfloat-abi=hard -mthumb -o "Core/Src/main.o"
../Core/Src/main.c: In function 'main':
../Core/Src/main.c:162:28: warning: passing argument 2 of 'HAL_ADC_Start_DMA' from incompatible pointer type [-Wincompatible-pointer-types]
  162 |   HAL_ADC_Start_DMA(&hadc1,InputRead, 400); // DMA Read
      |                            ^~~~~~~~~
      |                            |
      |                            uint16_t * {aka short unsigned int *}
In file included from ../Core/Inc/stm32g4xx_hal_conf.h:228,
                 from ../Drivers/STM32G4xx_HAL_Driver/Inc/stm32g4xx_hal.h:29,
                 from ../Core/Inc/main.h:30,
                 from ../Core/Src/main.c:20:
../Drivers/STM32G4xx_HAL_Driver/Inc/stm32g4xx_hal_adc.h:2242:78: note: expected 'uint32_t *' {aka 'long unsigned int *'} but argument is of type 'uint16_t *' {aka 'short unsigned int *'}
 2242 | HAL_StatusTypeDef       HAL_ADC_Start_DMA(ADC_HandleTypeDef *hadc, uint32_t *pData, uint32_t Length);
      |                                                                    ~~~~~~~~~~^~~~~
../Core/Src/main.c:191:11: warning: implicit declaration of function 'updateInput' [-Wimplicit-function-declaration]
  191 |           updateInput();
      |           ^~~~~~~~~~~
../Core/Src/main.c: At top level:
../Core/Src/main.c:717:6: warning: conflicting types for 'updateInput'; have 'void()'
  717 | void updateInput()
      |      ^~~~~~~~~~~
../Core/Src/main.c:191:11: note: previous implicit declaration of 'updateInput' with type 'void()'
  191 |           updateInput();
      |           ^~~~~~~~~~~
arm-none-eabi-gcc -o "Motor PID Controller.elf" @"objects.list"   -mcpu=cortex-m4 -T"C:\Users\emper\STM32CubeIDE\workspace_1.14.1\FRA222-Lab2\Motor PID Controller\STM32G474RETX_FLASH.ld" --specs=nosys.specs -Wl,-Map="Motor PID Controller.map" -Wl,--gc-sections -static --specs=nano.specs -mfpu=fpv4-sp-d16 -mfloat-abi=hard -mthumb -Wl,--start-group -lc -lm -Wl,--end-group
Finished building target: Motor PID Controller.elf
 
arm-none-eabi-size  Motor\ PID\ Controller.elf 
arm-none-eabi-objdump -h -S Motor\ PID\ Controller.elf  > "Motor PID Controller.list"
   text	   data	    bss	    dec	    hex	filename
  33352	     24	   3368	  36744	   8f88	Motor PID Controller.elf
Finished building: default.size.stdout
 
Finished building: Motor PID Controller.list
 
15:20:20 **** Incremental Build of configuration Debug for project Motor PID Controller ****
make -j16 all 
arm-none-eabi-gcc "../Core/Src/main.c" -mcpu=cortex-m4 -std=gnu11 -g3 -DDEBUG -DUSE_HAL_DRIVER -DSTM32G474xx -c -I../Core/Inc -I../Drivers/STM32G4xx_HAL_Driver/Inc -I../Drivers/STM32G4xx_HAL_Driver/Inc/Legacy -I../Drivers/CMSIS/Device/ST/STM32G4xx/Include -I../Drivers/CMSIS/Include -I../Middlewares/Third_Party/ARM_CMSIS/CMSIS/Core/Include/ -I../Middlewares/Third_Party/ARM_CMSIS/PrivateInclude/ -I../Middlewares/Third_Party/ARM_CMSIS/Include/ -I../Middlewares/Third_Party/ARM_CMSIS/Include -I"C:/Users/emper/STM32CubeIDE/workspace_1.14.1/FRA222-Lab2/Motor PID Controller/Source/BasicMathFunctions" -I"C:/Users/emper/STM32CubeIDE/workspace_1.14.1/FRA222-Lab2/Motor PID Controller/Source/BayesFunctions" -I"C:/Users/emper/STM32CubeIDE/workspace_1.14.1/FRA222-Lab2/Motor PID Controller/Source/CommonTables" -I"C:/Users/emper/STM32CubeIDE/workspace_1.14.1/FRA222-Lab2/Motor PID Controller/Source/ComplexMathFunctions" -I"C:/Users/emper/STM32CubeIDE/workspace_1.14.1/FRA222-Lab2/Motor PID Controller/Source/ControllerFunctions" -I"C:/Users/emper/STM32CubeIDE/workspace_1.14.1/FRA222-Lab2/Motor PID Controller/Source/DistanceFunctions" -I"C:/Users/emper/STM32CubeIDE/workspace_1.14.1/FRA222-Lab2/Motor PID Controller/Source/FastMathFunctions" -I"C:/Users/emper/STM32CubeIDE/workspace_1.14.1/FRA222-Lab2/Motor PID Controller/Source/FilteringFunctions" -I"C:/Users/emper/STM32CubeIDE/workspace_1.14.1/FRA222-Lab2/Motor PID Controller/Source/InterpolationFunctions" -I"C:/Users/emper/STM32CubeIDE/workspace_1.14.1/FRA222-Lab2/Motor PID Controller/Source/MatrixFunctions" -I"C:/Users/emper/STM32CubeIDE/workspace_1.14.1/FRA222-Lab2/Motor PID Controller/Source/QuaternionMathFunctions" -I"C:/Users/emper/STM32CubeIDE/workspace_1.14.1/FRA222-Lab2/Motor PID Controller/Source/StatisticsFunctions" -I"C:/Users/emper/STM32CubeIDE/workspace_1.14.1/FRA222-Lab2/Motor PID Controller/Source/SupportFunctions" -I"C:/Users/emper/STM32CubeIDE/workspace_1.14.1/FRA222-Lab2/Motor PID Controller/Source/SVMFunctions" -I"C:/Users/emper/STM32CubeIDE/workspace_1.14.1/FRA222-Lab2/Motor PID Controller/Source/TransformFunctions" -I"C:/Users/emper/STM32CubeIDE/workspace_1.14.1/FRA222-Lab2/Motor PID Controller/Source/WindowFunctions" -O0 -ffunction-sections -fdata-sections -Wall -fstack-usage -fcyclomatic-complexity -MMD -MP -MF"Core/Src/main.d" -MT"Core/Src/main.o" --specs=nano.specs -mfpu=fpv4-sp-d16 -mfloat-abi=hard -mthumb -o "Core/Src/main.o"
../Core/Src/main.c: In function 'main':
../Core/Src/main.c:165:28: warning: passing argument 2 of 'HAL_ADC_Start_DMA' from incompatible pointer type [-Wincompatible-pointer-types]
  165 |   HAL_ADC_Start_DMA(&hadc1,InputRead, 400); // DMA Read
      |                            ^~~~~~~~~
      |                            |
      |                            uint16_t * {aka short unsigned int *}
In file included from ../Core/Inc/stm32g4xx_hal_conf.h:228,
                 from ../Drivers/STM32G4xx_HAL_Driver/Inc/stm32g4xx_hal.h:29,
                 from ../Core/Inc/main.h:30,
                 from ../Core/Src/main.c:20:
../Drivers/STM32G4xx_HAL_Driver/Inc/stm32g4xx_hal_adc.h:2242:78: note: expected 'uint32_t *' {aka 'long unsigned int *'} but argument is of type 'uint16_t *' {aka 'short unsigned int *'}
 2242 | HAL_StatusTypeDef       HAL_ADC_Start_DMA(ADC_HandleTypeDef *hadc, uint32_t *pData, uint32_t Length);
      |                                                                    ~~~~~~~~~~^~~~~
../Core/Src/main.c:194:11: warning: implicit declaration of function 'updateInput' [-Wimplicit-function-declaration]
  194 |           updateInput();
      |           ^~~~~~~~~~~
../Core/Src/main.c: At top level:
../Core/Src/main.c:720:6: warning: conflicting types for 'updateInput'; have 'void()'
  720 | void updateInput()
      |      ^~~~~~~~~~~
../Core/Src/main.c:194:11: note: previous implicit declaration of 'updateInput' with type 'void()'
  194 |           updateInput();
      |           ^~~~~~~~~~~
../Core/Src/main.c: In function 'updateInput':
../Core/Src/main.c:743:13: warning: implicit declaration of function 'abs' [-Wimplicit-function-declaration]
  743 |         if (abs(directError) < abs(wrappedError))
      |             ^~~
../Core/Src/main.c:25:1: note: include '<stdlib.h>' or provide a declaration of 'abs'
   24 | #include "arm_math.h"
  +++ |+#include <stdlib.h>
   25 | /* USER CODE END Includes */
arm-none-eabi-gcc -o "Motor PID Controller.elf" @"objects.list"   -mcpu=cortex-m4 -T"C:\Users\emper\STM32CubeIDE\workspace_1.14.1\FRA222-Lab2\Motor PID Controller\STM32G474RETX_FLASH.ld" --specs=nosys.specs -Wl,-Map="Motor PID Controller.map" -Wl,--gc-sections -static --specs=nano.specs -mfpu=fpv4-sp-d16 -mfloat-abi=hard -mthumb -Wl,--start-group -lc -lm -Wl,--end-group
Finished building target: Motor PID Controller.elf
 
arm-none-eabi-size  Motor\ PID\ Controller.elf 
arm-none-eabi-objdump -h -S Motor\ PID\ Controller.elf  > "Motor PID Controller.list"
   text	   data	    bss	    dec	    hex	filename
  33456	     24	   3376	  36856	   8ff8	Motor PID Controller.elf
Finished building: default.size.stdout
 
Finished building: Motor PID Controller.list
 
15:21:11 **** Incremental Build of configuration Debug for project Motor PID Controller ****
make -j16 all 
arm-none-eabi-gcc "../Core/Src/main.c" -mcpu=cortex-m4 -std=gnu11 -g3 -DDEBUG -DUSE_HAL_DRIVER -DSTM32G474xx -c -I../Core/Inc -I../Drivers/STM32G4xx_HAL_Driver/Inc -I../Drivers/STM32G4xx_HAL_Driver/Inc/Legacy -I../Drivers/CMSIS/Device/ST/STM32G4xx/Include -I../Drivers/CMSIS/Include -I../Middlewares/Third_Party/ARM_CMSIS/CMSIS/Core/Include/ -I../Middlewares/Third_Party/ARM_CMSIS/PrivateInclude/ -I../Middlewares/Third_Party/ARM_CMSIS/Include/ -I../Middlewares/Third_Party/ARM_CMSIS/Include -I"C:/Users/emper/STM32CubeIDE/workspace_1.14.1/FRA222-Lab2/Motor PID Controller/Source/BasicMathFunctions" -I"C:/Users/emper/STM32CubeIDE/workspace_1.14.1/FRA222-Lab2/Motor PID Controller/Source/BayesFunctions" -I"C:/Users/emper/STM32CubeIDE/workspace_1.14.1/FRA222-Lab2/Motor PID Controller/Source/CommonTables" -I"C:/Users/emper/STM32CubeIDE/workspace_1.14.1/FRA222-Lab2/Motor PID Controller/Source/ComplexMathFunctions" -I"C:/Users/emper/STM32CubeIDE/workspace_1.14.1/FRA222-Lab2/Motor PID Controller/Source/ControllerFunctions" -I"C:/Users/emper/STM32CubeIDE/workspace_1.14.1/FRA222-Lab2/Motor PID Controller/Source/DistanceFunctions" -I"C:/Users/emper/STM32CubeIDE/workspace_1.14.1/FRA222-Lab2/Motor PID Controller/Source/FastMathFunctions" -I"C:/Users/emper/STM32CubeIDE/workspace_1.14.1/FRA222-Lab2/Motor PID Controller/Source/FilteringFunctions" -I"C:/Users/emper/STM32CubeIDE/workspace_1.14.1/FRA222-Lab2/Motor PID Controller/Source/InterpolationFunctions" -I"C:/Users/emper/STM32CubeIDE/workspace_1.14.1/FRA222-Lab2/Motor PID Controller/Source/MatrixFunctions" -I"C:/Users/emper/STM32CubeIDE/workspace_1.14.1/FRA222-Lab2/Motor PID Controller/Source/QuaternionMathFunctions" -I"C:/Users/emper/STM32CubeIDE/workspace_1.14.1/FRA222-Lab2/Motor PID Controller/Source/StatisticsFunctions" -I"C:/Users/emper/STM32CubeIDE/workspace_1.14.1/FRA222-Lab2/Motor PID Controller/Source/SupportFunctions" -I"C:/Users/emper/STM32CubeIDE/workspace_1.14.1/FRA222-Lab2/Motor PID Controller/Source/SVMFunctions" -I"C:/Users/emper/STM32CubeIDE/workspace_1.14.1/FRA222-Lab2/Motor PID Controller/Source/TransformFunctions" -I"C:/Users/emper/STM32CubeIDE/workspace_1.14.1/FRA222-Lab2/Motor PID Controller/Source/WindowFunctions" -O0 -ffunction-sections -fdata-sections -Wall -fstack-usage -fcyclomatic-complexity -MMD -MP -MF"Core/Src/main.d" -MT"Core/Src/main.o" --specs=nano.specs -mfpu=fpv4-sp-d16 -mfloat-abi=hard -mthumb -o "Core/Src/main.o"
../Core/Src/main.c: In function 'main':
../Core/Src/main.c:165:28: warning: passing argument 2 of 'HAL_ADC_Start_DMA' from incompatible pointer type [-Wincompatible-pointer-types]
  165 |   HAL_ADC_Start_DMA(&hadc1,InputRead, 400); // DMA Read
      |                            ^~~~~~~~~
      |                            |
      |                            uint16_t * {aka short unsigned int *}
In file included from ../Core/Inc/stm32g4xx_hal_conf.h:228,
                 from ../Drivers/STM32G4xx_HAL_Driver/Inc/stm32g4xx_hal.h:29,
                 from ../Core/Inc/main.h:30,
                 from ../Core/Src/main.c:20:
../Drivers/STM32G4xx_HAL_Driver/Inc/stm32g4xx_hal_adc.h:2242:78: note: expected 'uint32_t *' {aka 'long unsigned int *'} but argument is of type 'uint16_t *' {aka 'short unsigned int *'}
 2242 | HAL_StatusTypeDef       HAL_ADC_Start_DMA(ADC_HandleTypeDef *hadc, uint32_t *pData, uint32_t Length);
      |                                                                    ~~~~~~~~~~^~~~~
../Core/Src/main.c:194:11: warning: implicit declaration of function 'updateInput' [-Wimplicit-function-declaration]
  194 |           updateInput();
      |           ^~~~~~~~~~~
../Core/Src/main.c: At top level:
../Core/Src/main.c:720:6: warning: conflicting types for 'updateInput'; have 'void()'
  720 | void updateInput()
      |      ^~~~~~~~~~~
../Core/Src/main.c:194:11: note: previous implicit declaration of 'updateInput' with type 'void()'
  194 |           updateInput();
      |           ^~~~~~~~~~~
../Core/Src/main.c: In function 'updateInput':
../Core/Src/main.c:743:13: warning: implicit declaration of function 'abs' [-Wimplicit-function-declaration]
  743 |         if (abs(directError) < abs(wrappedError))
      |             ^~~
../Core/Src/main.c:25:1: note: include '<stdlib.h>' or provide a declaration of 'abs'
   24 | #include "arm_math.h"
  +++ |+#include <stdlib.h>
   25 | /* USER CODE END Includes */
arm-none-eabi-gcc -o "Motor PID Controller.elf" @"objects.list"   -mcpu=cortex-m4 -T"C:\Users\emper\STM32CubeIDE\workspace_1.14.1\FRA222-Lab2\Motor PID Controller\STM32G474RETX_FLASH.ld" --specs=nosys.specs -Wl,-Map="Motor PID Controller.map" -Wl,--gc-sections -static --specs=nano.specs -mfpu=fpv4-sp-d16 -mfloat-abi=hard -mthumb -Wl,--start-group -lc -lm -Wl,--end-group
Finished building target: Motor PID Controller.elf
 
arm-none-eabi-size  Motor\ PID\ Controller.elf 
arm-none-eabi-objdump -h -S Motor\ PID\ Controller.elf  > "Motor PID Controller.list"
   text	   data	    bss	    dec	    hex	filename
  33456	     24	   3376	  36856	   8ff8	Motor PID Controller.elf
Finished building: default.size.stdout
 
Finished building: Motor PID Controller.list
 
