21:35:31 **** Incremental Build of configuration Debug for project Motor PID Controller ****
make -j16 all 
arm-none-eabi-gcc "../Core/Src/main.c" -mcpu=cortex-m4 -std=gnu11 -g3 -DDEBUG -DUSE_HAL_DRIVER -DSTM32G474xx -c -I../Core/Inc -I../Drivers/STM32G4xx_HAL_Driver/Inc -I../Drivers/STM32G4xx_HAL_Driver/Inc/Legacy -I../Drivers/CMSIS/Device/ST/STM32G4xx/Include -I../Drivers/CMSIS/Include -I../Middlewares/Third_Party/ARM_CMSIS/CMSIS/Core/Include/ -I../Middlewares/Third_Party/ARM_CMSIS/PrivateInclude/ -I../Middlewares/Third_Party/ARM_CMSIS/Include/ -I../Middlewares/Third_Party/ARM_CMSIS/Include -I"C:/Users/emper/STM32CubeIDE/workspace_1.14.1/FRA222-Lab2/Motor PID Controller/Source/BasicMathFunctions" -I"C:/Users/emper/STM32CubeIDE/workspace_1.14.1/FRA222-Lab2/Motor PID Controller/Source/BayesFunctions" -I"C:/Users/emper/STM32CubeIDE/workspace_1.14.1/FRA222-Lab2/Motor PID Controller/Source/CommonTables" -I"C:/Users/emper/STM32CubeIDE/workspace_1.14.1/FRA222-Lab2/Motor PID Controller/Source/ComplexMathFunctions" -I"C:/Users/emper/STM32CubeIDE/workspace_1.14.1/FRA222-Lab2/Motor PID Controller/Source/ControllerFunctions" -I"C:/Users/emper/STM32CubeIDE/workspace_1.14.1/FRA222-Lab2/Motor PID Controller/Source/DistanceFunctions" -I"C:/Users/emper/STM32CubeIDE/workspace_1.14.1/FRA222-Lab2/Motor PID Controller/Source/FastMathFunctions" -I"C:/Users/emper/STM32CubeIDE/workspace_1.14.1/FRA222-Lab2/Motor PID Controller/Source/FilteringFunctions" -I"C:/Users/emper/STM32CubeIDE/workspace_1.14.1/FRA222-Lab2/Motor PID Controller/Source/InterpolationFunctions" -I"C:/Users/emper/STM32CubeIDE/workspace_1.14.1/FRA222-Lab2/Motor PID Controller/Source/MatrixFunctions" -I"C:/Users/emper/STM32CubeIDE/workspace_1.14.1/FRA222-Lab2/Motor PID Controller/Source/QuaternionMathFunctions" -I"C:/Users/emper/STM32CubeIDE/workspace_1.14.1/FRA222-Lab2/Motor PID Controller/Source/StatisticsFunctions" -I"C:/Users/emper/STM32CubeIDE/workspace_1.14.1/FRA222-Lab2/Motor PID Controller/Source/SupportFunctions" -I"C:/Users/emper/STM32CubeIDE/workspace_1.14.1/FRA222-Lab2/Motor PID Controller/Source/SVMFunctions" -I"C:/Users/emper/STM32CubeIDE/workspace_1.14.1/FRA222-Lab2/Motor PID Controller/Source/TransformFunctions" -I"C:/Users/emper/STM32CubeIDE/workspace_1.14.1/FRA222-Lab2/Motor PID Controller/Source/WindowFunctions" -O0 -ffunction-sections -fdata-sections -Wall -fstack-usage -fcyclomatic-complexity -MMD -MP -MF"Core/Src/main.d" -MT"Core/Src/main.o" --specs=nano.specs -mfpu=fpv4-sp-d16 -mfloat-abi=hard -mthumb -o "Core/Src/main.o"
../Core/Src/main.c: In function 'main':
../Core/Src/main.c:167:28: warning: passing argument 2 of 'HAL_ADC_Start_DMA' from incompatible pointer type [-Wincompatible-pointer-types]
  167 |   HAL_ADC_Start_DMA(&hadc1,InputRead, 400); // DMA Read
      |                            ^~~~~~~~~
      |                            |
      |                            uint16_t * {aka short unsigned int *}
In file included from ../Core/Inc/stm32g4xx_hal_conf.h:228,
                 from ../Drivers/STM32G4xx_HAL_Driver/Inc/stm32g4xx_hal.h:29,
                 from ../Core/Inc/main.h:30,
                 from ../Core/Src/main.c:20:
../Drivers/STM32G4xx_HAL_Driver/Inc/stm32g4xx_hal_adc.h:2242:78: note: expected 'uint32_t *' {aka 'long unsigned int *'} but argument is of type 'uint16_t *' {aka 'short unsigned int *'}
 2242 | HAL_StatusTypeDef       HAL_ADC_Start_DMA(ADC_HandleTypeDef *hadc, uint32_t *pData, uint32_t Length);
      |                                                                    ~~~~~~~~~~^~~~~
../Core/Src/main.c: In function 'updateInput':
../Core/Src/main.c:690:13: warning: implicit declaration of function 'abs' [-Wimplicit-function-declaration]
  690 |         if (abs(directError) < abs(wrappedError))
      |             ^~~
../Core/Src/main.c:25:1: note: include '<stdlib.h>' or provide a declaration of 'abs'
   24 | #include "arm_math.h"
  +++ |+#include <stdlib.h>
   25 | /* USER CODE END Includes */
../Core/Src/main.c: In function 'UARTDMAconfig':
../Core/Src/main.c:772:39: warning: pointer targets in passing argument 2 of 'HAL_UART_Receive_DMA' differ in signedness [-Wpointer-sign]
  772 |         HAL_UART_Receive_DMA(&huart2, RxBuffer, 4);
      |                                       ^~~~~~~~
      |                                       |
      |                                       int8_t * {aka signed char *}
In file included from ../Core/Inc/stm32g4xx_hal_conf.h:348,
                 from ../Drivers/STM32G4xx_HAL_Driver/Inc/stm32g4xx_hal.h:29,
                 from ../Core/Inc/main.h:30,
                 from ../Core/Src/main.c:20:
../Drivers/STM32G4xx_HAL_Driver/Inc/stm32g4xx_hal_uart.h:1639:76: note: expected 'uint8_t *' {aka 'unsigned char *'} but argument is of type 'int8_t *' {aka 'signed char *'}
 1639 | HAL_StatusTypeDef HAL_UART_Receive_DMA(UART_HandleTypeDef *huart, uint8_t *pData, uint16_t Size);
      |                                                                   ~~~~~~~~~^~~~~
arm-none-eabi-gcc -o "Motor PID Controller.elf" @"objects.list"   -mcpu=cortex-m4 -T"C:\Users\emper\STM32CubeIDE\workspace_1.14.1\FRA222-Lab2\Motor PID Controller\STM32G474RETX_FLASH.ld" --specs=nosys.specs -Wl,-Map="Motor PID Controller.map" -Wl,--gc-sections -static --specs=nano.specs -mfpu=fpv4-sp-d16 -mfloat-abi=hard -mthumb -Wl,--start-group -lc -lm -Wl,--end-group
Finished building target: Motor PID Controller.elf
 
arm-none-eabi-size  Motor\ PID\ Controller.elf 
arm-none-eabi-objdump -h -S Motor\ PID\ Controller.elf  > "Motor PID Controller.list"
   text	   data	    bss	    dec	    hex	filename
  33900	     32	   3304	  37236	   9174	Motor PID Controller.elf
Finished building: default.size.stdout
 
Finished building: Motor PID Controller.list
 

21:35:34 Build Finished. 0 errors, 3 warnings. (took 2s.954ms)

